Archive member included to satisfy reference by file (symbol)

C:/ST/STM32CubeIDE_1.13.2/STM32CubeIDE/plugins/com.st.stm32cube.ide.mcu.externaltools.gnu-tools-for-stm32.12.3.rel1.win32_1.0.100.202403111256/tools/bin/../lib/gcc/arm-none-eabi/12.3.1/../../../../arm-none-eabi/lib/thumb/v7e-m+fp/hard\libc_nano.a(libc_a-exit.o)
                              C:/ST/STM32CubeIDE_1.13.2/STM32CubeIDE/plugins/com.st.stm32cube.ide.mcu.externaltools.gnu-tools-for-stm32.12.3.rel1.win32_1.0.100.202403111256/tools/bin/../lib/gcc/arm-none-eabi/12.3.1/../../../../arm-none-eabi/lib/thumb/v7e-m+fp/hard/crt0.o (exit)
C:/ST/STM32CubeIDE_1.13.2/STM32CubeIDE/plugins/com.st.stm32cube.ide.mcu.externaltools.gnu-tools-for-stm32.12.3.rel1.win32_1.0.100.202403111256/tools/bin/../lib/gcc/arm-none-eabi/12.3.1/../../../../arm-none-eabi/lib/thumb/v7e-m+fp/hard\libc_nano.a(libc_a-findfp.o)
                              C:/ST/STM32CubeIDE_1.13.2/STM32CubeIDE/plugins/com.st.stm32cube.ide.mcu.externaltools.gnu-tools-for-stm32.12.3.rel1.win32_1.0.100.202403111256/tools/bin/../lib/gcc/arm-none-eabi/12.3.1/../../../../arm-none-eabi/lib/thumb/v7e-m+fp/hard\libc_nano.a(libc_a-exit.o) (__stdio_exit_handler)
C:/ST/STM32CubeIDE_1.13.2/STM32CubeIDE/plugins/com.st.stm32cube.ide.mcu.externaltools.gnu-tools-for-stm32.12.3.rel1.win32_1.0.100.202403111256/tools/bin/../lib/gcc/arm-none-eabi/12.3.1/../../../../arm-none-eabi/lib/thumb/v7e-m+fp/hard\libc_nano.a(libc_a-fwalk.o)
                              C:/ST/STM32CubeIDE_1.13.2/STM32CubeIDE/plugins/com.st.stm32cube.ide.mcu.externaltools.gnu-tools-for-stm32.12.3.rel1.win32_1.0.100.202403111256/tools/bin/../lib/gcc/arm-none-eabi/12.3.1/../../../../arm-none-eabi/lib/thumb/v7e-m+fp/hard\libc_nano.a(libc_a-findfp.o) (_fwalk_sglue)
C:/ST/STM32CubeIDE_1.13.2/STM32CubeIDE/plugins/com.st.stm32cube.ide.mcu.externaltools.gnu-tools-for-stm32.12.3.rel1.win32_1.0.100.202403111256/tools/bin/../lib/gcc/arm-none-eabi/12.3.1/../../../../arm-none-eabi/lib/thumb/v7e-m+fp/hard\libc_nano.a(libc_a-stdio.o)
                              C:/ST/STM32CubeIDE_1.13.2/STM32CubeIDE/plugins/com.st.stm32cube.ide.mcu.externaltools.gnu-tools-for-stm32.12.3.rel1.win32_1.0.100.202403111256/tools/bin/../lib/gcc/arm-none-eabi/12.3.1/../../../../arm-none-eabi/lib/thumb/v7e-m+fp/hard\libc_nano.a(libc_a-findfp.o) (__sread)
C:/ST/STM32CubeIDE_1.13.2/STM32CubeIDE/plugins/com.st.stm32cube.ide.mcu.externaltools.gnu-tools-for-stm32.12.3.rel1.win32_1.0.100.202403111256/tools/bin/../lib/gcc/arm-none-eabi/12.3.1/../../../../arm-none-eabi/lib/thumb/v7e-m+fp/hard\libc_nano.a(libc_a-memset.o)
                              C:/ST/STM32CubeIDE_1.13.2/STM32CubeIDE/plugins/com.st.stm32cube.ide.mcu.externaltools.gnu-tools-for-stm32.12.3.rel1.win32_1.0.100.202403111256/tools/bin/../lib/gcc/arm-none-eabi/12.3.1/../../../../arm-none-eabi/lib/thumb/v7e-m+fp/hard/crt0.o (memset)
C:/ST/STM32CubeIDE_1.13.2/STM32CubeIDE/plugins/com.st.stm32cube.ide.mcu.externaltools.gnu-tools-for-stm32.12.3.rel1.win32_1.0.100.202403111256/tools/bin/../lib/gcc/arm-none-eabi/12.3.1/../../../../arm-none-eabi/lib/thumb/v7e-m+fp/hard\libc_nano.a(libc_a-closer.o)
                              C:/ST/STM32CubeIDE_1.13.2/STM32CubeIDE/plugins/com.st.stm32cube.ide.mcu.externaltools.gnu-tools-for-stm32.12.3.rel1.win32_1.0.100.202403111256/tools/bin/../lib/gcc/arm-none-eabi/12.3.1/../../../../arm-none-eabi/lib/thumb/v7e-m+fp/hard\libc_nano.a(libc_a-stdio.o) (_close_r)
C:/ST/STM32CubeIDE_1.13.2/STM32CubeIDE/plugins/com.st.stm32cube.ide.mcu.externaltools.gnu-tools-for-stm32.12.3.rel1.win32_1.0.100.202403111256/tools/bin/../lib/gcc/arm-none-eabi/12.3.1/../../../../arm-none-eabi/lib/thumb/v7e-m+fp/hard\libc_nano.a(libc_a-reent.o)
                              C:/ST/STM32CubeIDE_1.13.2/STM32CubeIDE/plugins/com.st.stm32cube.ide.mcu.externaltools.gnu-tools-for-stm32.12.3.rel1.win32_1.0.100.202403111256/tools/bin/../lib/gcc/arm-none-eabi/12.3.1/../../../../arm-none-eabi/lib/thumb/v7e-m+fp/hard\libc_nano.a(libc_a-closer.o) (errno)
C:/ST/STM32CubeIDE_1.13.2/STM32CubeIDE/plugins/com.st.stm32cube.ide.mcu.externaltools.gnu-tools-for-stm32.12.3.rel1.win32_1.0.100.202403111256/tools/bin/../lib/gcc/arm-none-eabi/12.3.1/../../../../arm-none-eabi/lib/thumb/v7e-m+fp/hard\libc_nano.a(libc_a-impure.o)
                              C:/ST/STM32CubeIDE_1.13.2/STM32CubeIDE/plugins/com.st.stm32cube.ide.mcu.externaltools.gnu-tools-for-stm32.12.3.rel1.win32_1.0.100.202403111256/tools/bin/../lib/gcc/arm-none-eabi/12.3.1/../../../../arm-none-eabi/lib/thumb/v7e-m+fp/hard\libc_nano.a(libc_a-reent.o) (_impure_ptr)
C:/ST/STM32CubeIDE_1.13.2/STM32CubeIDE/plugins/com.st.stm32cube.ide.mcu.externaltools.gnu-tools-for-stm32.12.3.rel1.win32_1.0.100.202403111256/tools/bin/../lib/gcc/arm-none-eabi/12.3.1/../../../../arm-none-eabi/lib/thumb/v7e-m+fp/hard\libc_nano.a(libc_a-lseekr.o)
[...]
Memory Configuration

Name             Origin             Length             Attributes
RAM              0x20000000         0x00020000         xrw
FLASH            0x08000000         0x00080000         xr
*default*        0x00000000         0xffffffff

Linker script and memory map

LOAD C:/ST/STM32CubeIDE_1.13.2/STM32CubeIDE/plugins/com.st.stm32cube.ide.mcu.externaltools.gnu-tools-for-stm32.12.3.rel1.win32_1.0.100.202403111256/tools/bin/../lib/gcc/arm-none-eabi/12.3.1/thumb/v7e-m+fp/hard/crti.o
LOAD C:/ST/STM32CubeIDE_1.13.2/STM32CubeIDE/plugins/com.st.stm32cube.ide.mcu.externaltools.gnu-tools-for-stm32.12.3.rel1.win32_1.0.100.202403111256/tools/bin/../lib/gcc/arm-none-eabi/12.3.1/thumb/v7e-m+fp/hard/crtbegin.o
LOAD C:/ST/STM32CubeIDE_1.13.2/STM32CubeIDE/plugins/com.st.stm32cube.ide.mcu.externaltools.gnu-tools-for-stm32.12.3.rel1.win32_1.0.100.202403111256/tools/bin/../lib/gcc/arm-none-eabi/12.3.1/../../../../arm-none-eabi/lib/thumb/v7e-m+fp/hard/crt0.o
LOAD ./Core/Src/ModBusRTU.o
LOAD ./Core/Src/main.o
LOAD ./Core/Src/stm32g4xx_hal_msp.o
LOAD ./Core/Src/stm32g4xx_it.o
LOAD ./Core/Src/syscalls.o
LOAD ./Core/Src/sysmem.o
LOAD ./Core/Src/system_stm32g4xx.o
LOAD ./Core/Startup/startup_stm32g474retx.o
LOAD ./Drivers/STM32G4xx_HAL_Driver/Src/stm32g4xx_hal.o
LOAD ./Drivers/STM32G4xx_HAL_Driver/Src/stm32g4xx_hal_cortex.o
LOAD ./Drivers/STM32G4xx_HAL_Driver/Src/stm32g4xx_hal_dma.o
LOAD ./Drivers/STM32G4xx_HAL_Driver/Src/stm32g4xx_hal_dma_ex.o
LOAD ./Drivers/STM32G4xx_HAL_Driver/Src/stm32g4xx_hal_exti.o
LOAD ./Drivers/STM32G4xx_HAL_Driver/Src/stm32g4xx_hal_flash.o
LOAD ./Drivers/STM32G4xx_HAL_Driver/Src/stm32g4xx_hal_flash_ex.o
LOAD ./Drivers/STM32G4xx_HAL_Driver/Src/stm32g4xx_hal_flash_ramfunc.o
LOAD ./Drivers/STM32G4xx_HAL_Driver/Src/stm32g4xx_hal_gpio.o
LOAD ./Drivers/STM32G4xx_HAL_Driver/Src/stm32g4xx_hal_pwr.o
LOAD ./Drivers/STM32G4xx_HAL_Driver/Src/stm32g4xx_hal_pwr_ex.o
LOAD ./Drivers/STM32G4xx_HAL_Driver/Src/stm32g4xx_hal_rcc.o
LOAD ./Drivers/STM32G4xx_HAL_Driver/Src/stm32g4xx_hal_rcc_ex.o
LOAD ./Drivers/STM32G4xx_HAL_Driver/Src/stm32g4xx_hal_tim.o
LOAD ./Drivers/STM32G4xx_HAL_Driver/Src/stm32g4xx_hal_tim_ex.o
LOAD ./Drivers/STM32G4xx_HAL_Driver/Src/stm32g4xx_hal_uart.o
LOAD ./Drivers/STM32G4xx_HAL_Driver/Src/stm32g4xx_hal_uart_ex.o
START GROUP
LOAD C:/ST/STM32CubeIDE_1.13.2/STM32CubeIDE/plugins/com.st.stm32cube.ide.mcu.externaltools.gnu-tools-for-stm32.12.3.rel1.win32_1.0.100.202403111256/tools/bin/../lib/gcc/arm-none-eabi/12.3.1/../../../../arm-none-eabi/lib/thumb/v7e-m+fp/hard\libc_nano.a
LOAD C:/ST/STM32CubeIDE_1.13.2/STM32CubeIDE/plugins/com.st.stm32cube.ide.mcu.externaltools.gnu-tools-for-stm32.12.3.rel1.win32_1.0.100.202403111256/tools/bin/../lib/gcc/arm-none-eabi/12.3.1/../../../../arm-none-eabi/lib/thumb/v7e-m+fp/hard\libm.a
END GROUP
START GROUP
LOAD C:/ST/STM32CubeIDE_1.13.2/STM32CubeIDE/plugins/com.st.stm32cube.ide.mcu.externaltools.gnu-tools-for-stm32.12.3.rel1.win32_1.0.100.202403111256/tools/bin/../lib/gcc/arm-none-eabi/12.3.1/thumb/v7e-m+fp/hard\libgcc.a
LOAD C:/ST/STM32CubeIDE_1.13.2/STM32CubeIDE/plugins/com.st.stm32cube.ide.mcu.externaltools.gnu-tools-for-stm32.12.3.rel1.win32_1.0.100.202403111256/tools/bin/../lib/gcc/arm-none-eabi/12.3.1/../../../../arm-none-eabi/lib/thumb/v7e-m+fp/hard\libc_nano.a
END GROUP
START GROUP
LOAD C:/ST/STM32CubeIDE_1.13.2/STM32CubeIDE/plugins/com.st.stm32cube.ide.mcu.externaltools.gnu-tools-for-stm32.12.3.rel1.win32_1.0.100.202403111256/tools/bin/../lib/gcc/arm-none-eabi/12.3.1/thumb/v7e-m+fp/hard\libgcc.a
LOAD C:/ST/STM32CubeIDE_1.13.2/STM32CubeIDE/plugins/com.st.stm32cube.ide.mcu.externaltools.gnu-tools-for-stm32.12.3.rel1.win32_1.0.100.202403111256/tools/bin/../lib/gcc/arm-none-eabi/12.3.1/../../../../arm-none-eabi/lib/thumb/v7e-m+fp/hard\libc_nano.a
LOAD C:/ST/STM32CubeIDE_1.13.2/STM32CubeIDE/plugins/com.st.stm32cube.ide.mcu.externaltools.gnu-tools-for-stm32.12.3.rel1.win32_1.0.100.202403111256/tools/bin/../lib/gcc/arm-none-eabi/12.3.1/../../../../arm-none-eabi/lib/thumb/v7e-m+fp/hard\libnosys.a
END GROUP
START GROUP
LOAD C:/ST/STM32CubeIDE_1.13.2/STM32CubeIDE/plugins/com.st.stm32cube.ide.mcu.externaltools.gnu-tools-for-stm32.12.3.rel1.win32_1.0.100.202403111256/tools/bin/../lib/gcc/arm-none-eabi/12.3.1/thumb/v7e-m+fp/hard\libgcc.a
LOAD C:/ST/STM32CubeIDE_1.13.2/STM32CubeIDE/plugins/com.st.stm32cube.ide.mcu.externaltools.gnu-tools-for-stm32.12.3.rel1.win32_1.0.100.202403111256/tools/bin/../lib/gcc/arm-none-eabi/12.3.1/../../../../arm-none-eabi/lib/thumb/v7e-m+fp/hard\libc_nano.a
LOAD C:/ST/STM32CubeIDE_1.13.2/STM32CubeIDE/plugins/com.st.stm32cube.ide.mcu.externaltools.gnu-tools-for-stm32.12.3.rel1.win32_1.0.100.202403111256/tools/bin/../lib/gcc/arm-none-eabi/12.3.1/../../../../arm-none-eabi/lib/thumb/v7e-m+fp/hard\libnosys.a
END GROUP
LOAD C:/ST/STM32CubeIDE_1.13.2/STM32CubeIDE/plugins/com.st.stm32cube.ide.mcu.externaltools.gnu-tools-for-stm32.12.3.rel1.win32_1.0.100.202403111256/tools/bin/../lib/gcc/arm-none-eabi/12.3.1/thumb/v7e-m+fp/hard/crtend.o
LOAD C:/ST/STM32CubeIDE_1.13.2/STM32CubeIDE/plugins/com.st.stm32cube.ide.mcu.externaltools.gnu-tools-for-stm32.12.3.rel1.win32_1.0.100.202403111256/tools/bin/../lib/gcc/arm-none-eabi/12.3.1/thumb/v7e-m+fp/hard/crtn.o
                0x20020000                        _estack = (ORIGIN (RAM) + LENGTH (RAM))
                0x00000200                        _Min_Heap_Size = 0x200
                0x00000400                        _Min_Stack_Size = 0x400

.isr_vector     0x08000000      0x1d8
                0x08000000                        . = ALIGN (0x4)
 *(.isr_vector)
 .isr_vector    0x08000000      0x1d8 ./Core/Startup/startup_stm32g474retx.o
                0x08000000                g_pfnVectors
                0x080001d8                        . = ALIGN (0x4)

.text           0x080001d8     0x61fc
                0x080001d8                        . = ALIGN (0x4)
 *(.text)
 .text          0x080001d8       0x40 C:/ST/STM32CubeIDE_1.13.2/STM32CubeIDE/plugins/com.st.stm32cube.ide.mcu.externaltools.gnu-tools-for-stm32.12.3.rel1.win32_1.0.100.202403111256/tools/bin/../lib/gcc/arm-none-eabi/12.3.1/thumb/v7e-m+fp/hard/crtbegin.o
 .text          0x08000218       0x30 C:/ST/STM32CubeIDE_1.13.2/STM32CubeIDE/plugins/com.st.stm32cube.ide.mcu.externaltools.gnu-tools-for-stm32.12.3.rel1.win32_1.0.100.202403111256/tools/bin/../lib/gcc/arm-none-eabi/12.3.1/thumb/v7e-m+fp/hard\libgcc.a(_aeabi_uldivmod.o)
                0x08000218                __aeabi_uldivmod
 .text          0x08000248      0x2bc C:/ST/STM32CubeIDE_1.13.2/STM32CubeIDE/plugins/com.st.stm32cube.ide.mcu.externaltools.gnu-tools-for-stm32.12.3.rel1.win32_1.0.100.202403111256/tools/bin/../lib/gcc/arm-none-eabi/12.3.1/thumb/v7e-m+fp/hard\libgcc.a(_udivmoddi4.o)
                0x08000248                __udivmoddi4
 .text          0x08000504        0x4 C:/ST/STM32CubeIDE_1.13.2/STM32CubeIDE/plugins/com.st.stm32cube.ide.mcu.externaltools.gnu-tools-for-stm32.12.3.rel1.win32_1.0.100.202403111256/tools/bin/../lib/gcc/arm-none-eabi/12.3.1/thumb/v7e-m+fp/hard\libgcc.a(_dvmd_tls.o)
                0x08000504                __aeabi_idiv0
                0x08000504                __aeabi_ldiv0
 *(.text*)
 .text.modbus_1t5_Timeout
                0x08000508       0x40 ./Core/Src/ModBusRTU.o
                0x08000508                modbus_1t5_Timeout
 .text.modbus_3t5_Timeout
                0x08000548       0x20 ./Core/Src/ModBusRTU.o
                0x08000548                modbus_3t5_Timeout
 .text.modbus_ErrorTimeout
                0x08000568       0x20 ./Core/Src/ModBusRTU.o
                0x08000568                modbus_ErrorTimeout
 .text.Modbus_init
                0x08000588       0xac ./Core/Src/ModBusRTU.o
                0x08000588                Modbus_init
 .text.CRC16    0x08000634       0x6c ./Core/Src/ModBusRTU.o
                0x08000634                CRC16
 .text.Modbus_Protocal_Worker
                0x080006a0      0x204 ./Core/Src/ModBusRTU.o
                0x080006a0                Modbus_Protocal_Worker
 .text.modbusWrite1Register
                0x080008a4       0x80 ./Core/Src/ModBusRTU.o
                0x080008a4                modbusWrite1Register
 .text.modbusRead1Register
                0x08000924       0xec ./Core/Src/ModBusRTU.o
                0x08000924                modbusRead1Register
 .text.ModbusErrorReply
                0x08000a10       0x44 ./Core/Src/ModBusRTU.o
                0x08000a10                ModbusErrorReply
 .text.Modbus_frame_response
                0x08000a54       0x30 ./Core/Src/ModBusRTU.o
                0x08000a54                Modbus_frame_response
 .text.Modbus_Emission
                0x08000a84       0xec ./Core/Src/ModBusRTU.o
                0x08000a84                Modbus_Emission
 .text.main     0x08000b70      0x328 ./Core/Src/main.o
                0x08000b70                main
 .text.SystemClock_Config
                0x08000e98       0x96 ./Core/Src/main.o
                0x08000e98                SystemClock_Config
 *fill*         0x08000f2e        0x2 
 .text.MX_TIM5_Init
                0x08000f30       0x9c ./Core/Src/main.o
 .text.MX_TIM16_Init
                0x08000fcc       0x60 ./Core/Src/main.o
 .text.MX_USART2_UART_Init
                0x0800102c       0x9c ./Core/Src/main.o
 .text.MX_DMA_Init
                0x080010c8       0x64 ./Core/Src/main.o
 .text.MX_GPIO_Init
                0x0800112c       0xdc ./Core/Src/main.o
 .text.convert_to_string
                0x08001208       0x74 ./Core/Src/main.o
                0x08001208                convert_to_string
 .text.HAL_TIM_PeriodElapsedCallback
                0x0800127c       0x2c ./Core/Src/main.o
                0x0800127c                HAL_TIM_PeriodElapsedCallback
 .text.Error_Handler
                0x080012a8        0xc ./Core/Src/main.o
                0x080012a8                Error_Handler
 .text.HAL_MspInit
                0x080012b4       0x48 ./Core/Src/stm32g4xx_hal_msp.o
                0x080012b4                HAL_MspInit
 .text.HAL_TIM_Base_MspInit
                0x080012fc       0x84 ./Core/Src/stm32g4xx_hal_msp.o
                0x080012fc                HAL_TIM_Base_MspInit
 .text.HAL_UART_MspInit
                0x08001380      0x178 ./Core/Src/stm32g4xx_hal_msp.o
                0x08001380                HAL_UART_MspInit
 .text.NMI_Handler
                0x080014f8        0x8 ./Core/Src/stm32g4xx_it.o
                0x080014f8                NMI_Handler
 .text.HardFault_Handler
                0x08001500        0x8 ./Core/Src/stm32g4xx_it.o
                0x08001500                HardFault_Handler
 .text.MemManage_Handler
                0x08001508        0x8 ./Core/Src/stm32g4xx_it.o
                0x08001508                MemManage_Handler
 .text.BusFault_Handler
                0x08001510        0x8 ./Core/Src/stm32g4xx_it.o
                0x08001510                BusFault_Handler
 .text.UsageFault_Handler
                0x08001518        0x8 ./Core/Src/stm32g4xx_it.o
                0x08001518                UsageFault_Handler
 .text.SVC_Handler
                0x08001520        0xe ./Core/Src/stm32g4xx_it.o
                0x08001520                SVC_Handler
 .text.DebugMon_Handler
                0x0800152e        0xe ./Core/Src/stm32g4xx_it.o
                0x0800152e                DebugMon_Handler
 .text.PendSV_Handler
                0x0800153c        0xe ./Core/Src/stm32g4xx_it.o
                0x0800153c                PendSV_Handler
 .text.SysTick_Handler
                0x0800154a        0xc ./Core/Src/stm32g4xx_it.o
                0x0800154a                SysTick_Handler
 *fill*         0x08001556        0x2 
 .text.DMA1_Channel1_IRQHandler
                0x08001558       0x14 ./Core/Src/stm32g4xx_it.o
                0x08001558                DMA1_Channel1_IRQHandler
 .text.DMA1_Channel2_IRQHandler
                0x0800156c       0x14 ./Core/Src/stm32g4xx_it.o
                0x0800156c                DMA1_Channel2_IRQHandler
 .text.TIM1_UP_TIM16_IRQHandler
                0x08001580       0x14 ./Core/Src/stm32g4xx_it.o
                0x08001580                TIM1_UP_TIM16_IRQHandler
 .text.USART2_IRQHandler
                0x08001594       0x14 ./Core/Src/stm32g4xx_it.o
                0x08001594                USART2_IRQHandler
 .text.EXTI15_10_IRQHandler
                0x080015a8       0x10 ./Core/Src/stm32g4xx_it.o
                0x080015a8                EXTI15_10_IRQHandler
 .text.TIM5_IRQHandler
                0x080015b8       0x14 ./Core/Src/stm32g4xx_it.o
                0x080015b8                TIM5_IRQHandler
 .text.SystemInit
                0x080015cc       0x24 ./Core/Src/system_stm32g4xx.o
                0x080015cc                SystemInit
 .text.Reset_Handler
                0x080015f0       0x50 ./Core/Startup/startup_stm32g474retx.o
                0x080015f0                Reset_Handler
 .text.Default_Handler
                0x08001640        0x2 ./Core/Startup/startup_stm32g474retx.o
                0x08001640                RTC_Alarm_IRQHandler
                0x08001640                EXTI2_IRQHandler
                0x08001640                TIM8_TRG_COM_IRQHandler
                0x08001640                TIM8_CC_IRQHandler
                0x08001640                HRTIM1_Master_IRQHandler
                0x08001640                SPI4_IRQHandler
                0x08001640                FDCAN3_IT0_IRQHandler
                0x08001640                TIM1_CC_IRQHandler
                0x08001640                HRTIM1_FLT_IRQHandler
                0x08001640                HRTIM1_TIMF_IRQHandler
                0x08001640                USB_HP_IRQHandler
                0x08001640                CORDIC_IRQHandler
                0x08001640                HRTIM1_TIMD_IRQHandler
                0x08001640                DMA2_Channel8_IRQHandler
                0x08001640                EXTI3_IRQHandler
                0x08001640                I2C3_ER_IRQHandler
                0x08001640                EXTI0_IRQHandler
                0x08001640                I2C2_EV_IRQHandler
                0x08001640                FPU_IRQHandler
                0x08001640                FDCAN1_IT1_IRQHandler
                0x08001640                ADC1_2_IRQHandler
                0x08001640                HRTIM1_TIME_IRQHandler
                0x08001640                SPI1_IRQHandler
                0x08001640                TIM6_DAC_IRQHandler
                0x08001640                HRTIM1_TIMC_IRQHandler
                0x08001640                TIM8_UP_IRQHandler
                0x08001640                DMA2_Channel2_IRQHandler
                0x08001640                DMA1_Channel4_IRQHandler
                0x08001640                TIM20_TRG_COM_IRQHandler
                0x08001640                USART3_IRQHandler
                0x08001640                DMA1_Channel7_IRQHandler
                0x08001640                UART5_IRQHandler
                0x08001640                ADC3_IRQHandler
                0x08001640                TIM4_IRQHandler
                0x08001640                DMA2_Channel1_IRQHandler
                0x08001640                QUADSPI_IRQHandler
                0x08001640                I2C1_EV_IRQHandler
                0x08001640                DMA1_Channel6_IRQHandler
                0x08001640                UART4_IRQHandler
                0x08001640                DMA2_Channel4_IRQHandler
                0x08001640                TIM3_IRQHandler
                0x08001640                RCC_IRQHandler
                0x08001640                TIM20_UP_IRQHandler
                0x08001640                Default_Handler
                0x08001640                DMA2_Channel7_IRQHandler
                0x08001640                RTC_TAMP_LSECSS_IRQHandler
                0x08001640                FMAC_IRQHandler
                0x08001640                DMA1_Channel8_IRQHandler
                0x08001640                HRTIM1_TIMA_IRQHandler
                0x08001640                TIM7_DAC_IRQHandler
                0x08001640                FDCAN3_IT1_IRQHandler
                0x08001640                UCPD1_IRQHandler
                0x08001640                I2C3_EV_IRQHandler
                0x08001640                EXTI9_5_IRQHandler
                0x08001640                RTC_WKUP_IRQHandler
                0x08001640                PVD_PVM_IRQHandler
                0x08001640                SPI2_IRQHandler
                0x08001640                ADC5_IRQHandler
                0x08001640                DMA2_Channel5_IRQHandler
                0x08001640                CRS_IRQHandler
                0x08001640                DMA1_Channel5_IRQHandler
                0x08001640                USB_LP_IRQHandler
                0x08001640                EXTI4_IRQHandler
                0x08001640                RNG_IRQHandler
                0x08001640                HRTIM1_TIMB_IRQHandler
                0x08001640                TIM1_TRG_COM_TIM17_IRQHandler
                0x08001640                FDCAN2_IT1_IRQHandler
                0x08001640                DMA1_Channel3_IRQHandler
                0x08001640                ADC4_IRQHandler
                0x08001640                WWDG_IRQHandler
                0x08001640                I2C4_EV_IRQHandler
                0x08001640                FDCAN2_IT0_IRQHandler
                0x08001640                LPUART1_IRQHandler
                0x08001640                DMA2_Channel6_IRQHandler
                0x08001640                FDCAN1_IT0_IRQHandler
                0x08001640                TIM2_IRQHandler
                0x08001640                COMP7_IRQHandler
                0x08001640                COMP1_2_3_IRQHandler
                0x08001640                EXTI1_IRQHandler
                0x08001640                COMP4_5_6_IRQHandler
                0x08001640                TIM20_BRK_IRQHandler
                0x08001640                I2C2_ER_IRQHandler
                0x08001640                TIM8_BRK_IRQHandler
                0x08001640                FLASH_IRQHandler
                0x08001640                TIM20_CC_IRQHandler
                0x08001640                USART1_IRQHandler
                0x08001640                SPI3_IRQHandler
                0x08001640                I2C1_ER_IRQHandler
                0x08001640                FMC_IRQHandler
                0x08001640                LPTIM1_IRQHandler
                0x08001640                DMAMUX_OVR_IRQHandler
                0x08001640                I2C4_ER_IRQHandler
                0x08001640                USBWakeUp_IRQHandler
                0x08001640                SAI1_IRQHandler
                0x08001640                DMA2_Channel3_IRQHandler
                0x08001640                TIM1_BRK_TIM15_IRQHandler
 .text.HAL_Init
                0x08001642       0x30 ./Drivers/STM32G4xx_HAL_Driver/Src/stm32g4xx_hal.o
                0x08001642                HAL_Init
 *fill*         0x08001672        0x2 
 .text.HAL_InitTick
                0x08001674       0x74 ./Drivers/STM32G4xx_HAL_Driver/Src/stm32g4xx_hal.o
                0x08001674                HAL_InitTick
 .text.HAL_IncTick
                0x080016e8       0x24 ./Drivers/STM32G4xx_HAL_Driver/Src/stm32g4xx_hal.o
                0x080016e8                HAL_IncTick
 .text.HAL_GetTick
                0x0800170c       0x18 ./Drivers/STM32G4xx_HAL_Driver/Src/stm32g4xx_hal.o
                0x0800170c                HAL_GetTick
 .text.__NVIC_SetPriorityGrouping
                0x08001724       0x48 ./Drivers/STM32G4xx_HAL_Driver/Src/stm32g4xx_hal_cortex.o
 .text.__NVIC_GetPriorityGrouping
                0x0800176c       0x1c ./Drivers/STM32G4xx_HAL_Driver/Src/stm32g4xx_hal_cortex.o
 .text.__NVIC_EnableIRQ
                0x08001788       0x3c ./Drivers/STM32G4xx_HAL_Driver/Src/stm32g4xx_hal_cortex.o
 .text.__NVIC_SetPriority
                0x080017c4       0x54 ./Drivers/STM32G4xx_HAL_Driver/Src/stm32g4xx_hal_cortex.o
 .text.NVIC_EncodePriority
                0x08001818       0x66 ./Drivers/STM32G4xx_HAL_Driver/Src/stm32g4xx_hal_cortex.o
 *fill*         0x0800187e        0x2 
 .text.SysTick_Config
                0x08001880       0x44 ./Drivers/STM32G4xx_HAL_Driver/Src/stm32g4xx_hal_cortex.o
 .text.HAL_NVIC_SetPriorityGrouping
                0x080018c4       0x16 ./Drivers/STM32G4xx_HAL_Driver/Src/stm32g4xx_hal_cortex.o
                0x080018c4                HAL_NVIC_SetPriorityGrouping
 .text.HAL_NVIC_SetPriority
                0x080018da       0x34 ./Drivers/STM32G4xx_HAL_Driver/Src/stm32g4xx_hal_cortex.o
                0x080018da                HAL_NVIC_SetPriority
 .text.HAL_NVIC_EnableIRQ
                0x0800190e       0x1c ./Drivers/STM32G4xx_HAL_Driver/Src/stm32g4xx_hal_cortex.o
                0x0800190e                HAL_NVIC_EnableIRQ
 .text.HAL_SYSTICK_Config
                0x0800192a       0x18 ./Drivers/STM32G4xx_HAL_Driver/Src/stm32g4xx_hal_cortex.o
                0x0800192a                HAL_SYSTICK_Config
 *fill*         0x08001942        0x2 
 .text.HAL_DMA_Init
                0x08001944      0x150 ./Drivers/STM32G4xx_HAL_Driver/Src/stm32g4xx_hal_dma.o
                0x08001944                HAL_DMA_Init
 .text.HAL_DMA_Start_IT
                0x08001a94       0xf6 ./Drivers/STM32G4xx_HAL_Driver/Src/stm32g4xx_hal_dma.o
                0x08001a94                HAL_DMA_Start_IT
 .text.HAL_DMA_Abort
                0x08001b8a       0xb2 ./Drivers/STM32G4xx_HAL_Driver/Src/stm32g4xx_hal_dma.o
                0x08001b8a                HAL_DMA_Abort
 .text.HAL_DMA_Abort_IT
                0x08001c3c       0xce ./Drivers/STM32G4xx_HAL_Driver/Src/stm32g4xx_hal_dma.o
                0x08001c3c                HAL_DMA_Abort_IT
 .text.HAL_DMA_IRQHandler
                0x08001d0a      0x15e ./Drivers/STM32G4xx_HAL_Driver/Src/stm32g4xx_hal_dma.o
                0x08001d0a                HAL_DMA_IRQHandler
 .text.DMA_SetConfig
                0x08001e68       0x7c ./Drivers/STM32G4xx_HAL_Driver/Src/stm32g4xx_hal_dma.o
 .text.DMA_CalcDMAMUXChannelBaseAndMask
                0x08001ee4       0x7c ./Drivers/STM32G4xx_HAL_Driver/Src/stm32g4xx_hal_dma.o
 .text.DMA_CalcDMAMUXRequestGenBaseAndMask
                0x08001f60       0x48 ./Drivers/STM32G4xx_HAL_Driver/Src/stm32g4xx_hal_dma.o
 .text.HAL_GPIO_Init
                0x08001fa8      0x304 ./Drivers/STM32G4xx_HAL_Driver/Src/stm32g4xx_hal_gpio.o
                0x08001fa8                HAL_GPIO_Init
 .text.HAL_GPIO_WritePin
                0x080022ac       0x30 ./Drivers/STM32G4xx_HAL_Driver/Src/stm32g4xx_hal_gpio.o
                0x080022ac                HAL_GPIO_WritePin
 .text.HAL_GPIO_EXTI_IRQHandler
                0x080022dc       0x30 ./Drivers/STM32G4xx_HAL_Driver/Src/stm32g4xx_hal_gpio.o
                0x080022dc                HAL_GPIO_EXTI_IRQHandler
 .text.HAL_GPIO_EXTI_Callback
                0x0800230c       0x16 ./Drivers/STM32G4xx_HAL_Driver/Src/stm32g4xx_hal_gpio.o
                0x0800230c                HAL_GPIO_EXTI_Callback
 *fill*         0x08002322        0x2 
 .text.HAL_PWREx_ControlVoltageScaling
                0x08002324      0x148 ./Drivers/STM32G4xx_HAL_Driver/Src/stm32g4xx_hal_pwr_ex.o
                0x08002324                HAL_PWREx_ControlVoltageScaling
 .text.HAL_PWREx_DisableUCPDDeadBattery
                0x0800246c       0x20 ./Drivers/STM32G4xx_HAL_Driver/Src/stm32g4xx_hal_pwr_ex.o
                0x0800246c                HAL_PWREx_DisableUCPDDeadBattery
 .text.HAL_RCC_OscConfig
                0x0800248c      0x624 ./Drivers/STM32G4xx_HAL_Driver/Src/stm32g4xx_hal_rcc.o
                0x0800248c                HAL_RCC_OscConfig
 .text.HAL_RCC_ClockConfig
                0x08002ab0      0x278 ./Drivers/STM32G4xx_HAL_Driver/Src/stm32g4xx_hal_rcc.o
                0x08002ab0                HAL_RCC_ClockConfig
 .text.HAL_RCC_GetSysClockFreq
                0x08002d28       0xc4 ./Drivers/STM32G4xx_HAL_Driver/Src/stm32g4xx_hal_rcc.o
                0x08002d28                HAL_RCC_GetSysClockFreq
 .text.HAL_RCC_GetHCLKFreq
                0x08002dec       0x18 ./Drivers/STM32G4xx_HAL_Driver/Src/stm32g4xx_hal_rcc.o
                0x08002dec                HAL_RCC_GetHCLKFreq
 .text.HAL_RCC_GetPCLK1Freq
                0x08002e04       0x2c ./Drivers/STM32G4xx_HAL_Driver/Src/stm32g4xx_hal_rcc.o
                0x08002e04                HAL_RCC_GetPCLK1Freq
 .text.HAL_RCC_GetPCLK2Freq
                0x08002e30       0x2c ./Drivers/STM32G4xx_HAL_Driver/Src/stm32g4xx_hal_rcc.o
                0x08002e30                HAL_RCC_GetPCLK2Freq
 .text.RCC_GetSysClockFreqFromPLLSource
                0x08002e5c       0x8c ./Drivers/STM32G4xx_HAL_Driver/Src/stm32g4xx_hal_rcc.o
 .text.HAL_RCCEx_PeriphCLKConfig
                0x08002ee8      0x49c ./Drivers/STM32G4xx_HAL_Driver/Src/stm32g4xx_hal_rcc_ex.o
                0x08002ee8                HAL_RCCEx_PeriphCLKConfig
 .text.HAL_TIM_Base_Init
                0x08003384       0xc8 ./Drivers/STM32G4xx_HAL_Driver/Src/stm32g4xx_hal_tim.o
                0x08003384                HAL_TIM_Base_Init
 .text.HAL_TIM_Base_Start_IT
                0x0800344c       0xf0 ./Drivers/STM32G4xx_HAL_Driver/Src/stm32g4xx_hal_tim.o
                0x0800344c                HAL_TIM_Base_Start_IT
 .text.HAL_TIM_OnePulse_Init
                0x0800353c       0xbc ./Drivers/STM32G4xx_HAL_Driver/Src/stm32g4xx_hal_tim.o
                0x0800353c                HAL_TIM_OnePulse_Init
 .text.HAL_TIM_OnePulse_MspInit
                0x080035f8       0x14 ./Drivers/STM32G4xx_HAL_Driver/Src/stm32g4xx_hal_tim.o
                0x080035f8                HAL_TIM_OnePulse_MspInit
 .text.HAL_TIM_OnePulse_Start_IT
                0x0800360c      0x11c ./Drivers/STM32G4xx_HAL_Driver/Src/stm32g4xx_hal_tim.o
                0x0800360c                HAL_TIM_OnePulse_Start_IT
 .text.HAL_TIM_IRQHandler
                0x08003728      0x2f2 ./Drivers/STM32G4xx_HAL_Driver/Src/stm32g4xx_hal_tim.o
                0x08003728                HAL_TIM_IRQHandler
 *fill*         0x08003a1a        0x2 
 .text.HAL_TIM_ConfigClockSource
                0x08003a1c      0x22c ./Drivers/STM32G4xx_HAL_Driver/Src/stm32g4xx_hal_tim.o
                0x08003a1c                HAL_TIM_ConfigClockSource
 .text.HAL_TIM_PeriodElapsedHalfCpltCallback
                0x08003c48       0x14 ./Drivers/STM32G4xx_HAL_Driver/Src/stm32g4xx_hal_tim.o
                0x08003c48                HAL_TIM_PeriodElapsedHalfCpltCallback
 .text.HAL_TIM_OC_DelayElapsedCallback
                0x08003c5c       0x14 ./Drivers/STM32G4xx_HAL_Driver/Src/stm32g4xx_hal_tim.o
                0x08003c5c                HAL_TIM_OC_DelayElapsedCallback
 .text.HAL_TIM_IC_CaptureCallback
                0x08003c70       0x14 ./Drivers/STM32G4xx_HAL_Driver/Src/stm32g4xx_hal_tim.o
                0x08003c70                HAL_TIM_IC_CaptureCallback
 .text.HAL_TIM_IC_CaptureHalfCpltCallback
                0x08003c84       0x14 ./Drivers/STM32G4xx_HAL_Driver/Src/stm32g4xx_hal_tim.o
                0x08003c84                HAL_TIM_IC_CaptureHalfCpltCallback
 .text.HAL_TIM_PWM_PulseFinishedCallback
                0x08003c98       0x14 ./Drivers/STM32G4xx_HAL_Driver/Src/stm32g4xx_hal_tim.o
                0x08003c98                HAL_TIM_PWM_PulseFinishedCallback
 .text.HAL_TIM_PWM_PulseFinishedHalfCpltCallback
                0x08003cac       0x14 ./Drivers/STM32G4xx_HAL_Driver/Src/stm32g4xx_hal_tim.o
                0x08003cac                HAL_TIM_PWM_PulseFinishedHalfCpltCallback
 .text.HAL_TIM_TriggerCallback
                0x08003cc0       0x14 ./Drivers/STM32G4xx_HAL_Driver/Src/stm32g4xx_hal_tim.o
                0x08003cc0                HAL_TIM_TriggerCallback
 .text.HAL_TIM_TriggerHalfCpltCallback
                0x08003cd4       0x14 ./Drivers/STM32G4xx_HAL_Driver/Src/stm32g4xx_hal_tim.o
                0x08003cd4                HAL_TIM_TriggerHalfCpltCallback
 .text.HAL_TIM_ErrorCallback
                0x08003ce8       0x14 ./Drivers/STM32G4xx_HAL_Driver/Src/stm32g4xx_hal_tim.o
                0x08003ce8                HAL_TIM_ErrorCallback
 .text.HAL_TIM_RegisterCallback
                0x08003cfc      0x2c0 ./Drivers/STM32G4xx_HAL_Driver/Src/stm32g4xx_hal_tim.o
                0x08003cfc                HAL_TIM_RegisterCallback
 .text.TIM_Base_SetConfig
                0x08003fbc      0x168 ./Drivers/STM32G4xx_HAL_Driver/Src/stm32g4xx_hal_tim.o
                0x08003fbc                TIM_Base_SetConfig
 .text.TIM_TI1_ConfigInputStage
                0x08004124       0x5e ./Drivers/STM32G4xx_HAL_Driver/Src/stm32g4xx_hal_tim.o
 .text.TIM_TI2_ConfigInputStage
                0x08004182       0x60 ./Drivers/STM32G4xx_HAL_Driver/Src/stm32g4xx_hal_tim.o
 .text.TIM_ITRx_SetConfig
                0x080041e2       0x3a ./Drivers/STM32G4xx_HAL_Driver/Src/stm32g4xx_hal_tim.o
 .text.TIM_ETR_SetConfig
                0x0800421c       0x40 ./Drivers/STM32G4xx_HAL_Driver/Src/stm32g4xx_hal_tim.o
                0x0800421c                TIM_ETR_SetConfig
 .text.TIM_CCxChannelCmd
                0x0800425c       0x4a ./Drivers/STM32G4xx_HAL_Driver/Src/stm32g4xx_hal_tim.o
                0x0800425c                TIM_CCxChannelCmd
 *fill*         0x080042a6        0x2 
 .text.TIM_ResetCallback
                0x080042a8       0xec ./Drivers/STM32G4xx_HAL_Driver/Src/stm32g4xx_hal_tim.o
                0x080042a8                TIM_ResetCallback
 .text.HAL_TIMEx_MasterConfigSynchronization
                0x08004394      0x12c ./Drivers/STM32G4xx_HAL_Driver/Src/stm32g4xx_hal_tim_ex.o
                0x08004394                HAL_TIMEx_MasterConfigSynchronization
 .text.HAL_TIMEx_CommutCallback
                0x080044c0       0x14 ./Drivers/STM32G4xx_HAL_Driver/Src/stm32g4xx_hal_tim_ex.o
                0x080044c0                HAL_TIMEx_CommutCallback
 .text.HAL_TIMEx_CommutHalfCpltCallback
                0x080044d4       0x14 ./Drivers/STM32G4xx_HAL_Driver/Src/stm32g4xx_hal_tim_ex.o
                0x080044d4                HAL_TIMEx_CommutHalfCpltCallback
 .text.HAL_TIMEx_BreakCallback
                0x080044e8       0x14 ./Drivers/STM32G4xx_HAL_Driver/Src/stm32g4xx_hal_tim_ex.o
                0x080044e8                HAL_TIMEx_BreakCallback
 .text.HAL_TIMEx_Break2Callback
                0x080044fc       0x14 ./Drivers/STM32G4xx_HAL_Driver/Src/stm32g4xx_hal_tim_ex.o
                0x080044fc                HAL_TIMEx_Break2Callback
 .text.HAL_TIMEx_EncoderIndexCallback
                0x08004510       0x14 ./Drivers/STM32G4xx_HAL_Driver/Src/stm32g4xx_hal_tim_ex.o
                0x08004510                HAL_TIMEx_EncoderIndexCallback
 .text.HAL_TIMEx_DirectionChangeCallback
                0x08004524       0x14 ./Drivers/STM32G4xx_HAL_Driver/Src/stm32g4xx_hal_tim_ex.o
                0x08004524                HAL_TIMEx_DirectionChangeCallback
 .text.HAL_TIMEx_IndexErrorCallback
                0x08004538       0x14 ./Drivers/STM32G4xx_HAL_Driver/Src/stm32g4xx_hal_tim_ex.o
                0x08004538                HAL_TIMEx_IndexErrorCallback
 .text.HAL_TIMEx_TransitionErrorCallback
                0x0800454c       0x14 ./Drivers/STM32G4xx_HAL_Driver/Src/stm32g4xx_hal_tim_ex.o
                0x0800454c                HAL_TIMEx_TransitionErrorCallback
 .text.HAL_UART_Init
                0x08004560       0xc0 ./Drivers/STM32G4xx_HAL_Driver/Src/stm32g4xx_hal_uart.o
                0x08004560                HAL_UART_Init
 .text.HAL_UART_RegisterCallback
                0x08004620      0x174 ./Drivers/STM32G4xx_HAL_Driver/Src/stm32g4xx_hal_uart.o
                0x08004620                HAL_UART_RegisterCallback
 .text.HAL_UART_Transmit_DMA
                0x08004794      0x100 ./Drivers/STM32G4xx_HAL_Driver/Src/stm32g4xx_hal_uart.o
                0x08004794                HAL_UART_Transmit_DMA
 .text.HAL_UART_Receive_DMA
                0x08004894       0x98 ./Drivers/STM32G4xx_HAL_Driver/Src/stm32g4xx_hal_uart.o
                0x08004894                HAL_UART_Receive_DMA
 .text.HAL_UART_IRQHandler
                0x0800492c      0x668 ./Drivers/STM32G4xx_HAL_Driver/Src/stm32g4xx_hal_uart.o
                0x0800492c                HAL_UART_IRQHandler
 .text.HAL_UART_TxCpltCallback
                0x08004f94       0x14 ./Drivers/STM32G4xx_HAL_Driver/Src/stm32g4xx_hal_uart.o
                0x08004f94                HAL_UART_TxCpltCallback
 .text.HAL_UART_TxHalfCpltCallback
                0x08004fa8       0x14 ./Drivers/STM32G4xx_HAL_Driver/Src/stm32g4xx_hal_uart.o
                0x08004fa8                HAL_UART_TxHalfCpltCallback
 .text.HAL_UART_RxCpltCallback
                0x08004fbc       0x14 ./Drivers/STM32G4xx_HAL_Driver/Src/stm32g4xx_hal_uart.o
                0x08004fbc                HAL_UART_RxCpltCallback
 .text.HAL_UART_RxHalfCpltCallback
                0x08004fd0       0x14 ./Drivers/STM32G4xx_HAL_Driver/Src/stm32g4xx_hal_uart.o
                0x08004fd0                HAL_UART_RxHalfCpltCallback
 .text.HAL_UART_ErrorCallback
                0x08004fe4       0x14 ./Drivers/STM32G4xx_HAL_Driver/Src/stm32g4xx_hal_uart.o
                0x08004fe4                HAL_UART_ErrorCallback
 .text.HAL_UART_AbortCpltCallback
                0x08004ff8       0x14 ./Drivers/STM32G4xx_HAL_Driver/Src/stm32g4xx_hal_uart.o
                0x08004ff8                HAL_UART_AbortCpltCallback
 .text.HAL_UART_AbortTransmitCpltCallback
                0x0800500c       0x14 ./Drivers/STM32G4xx_HAL_Driver/Src/stm32g4xx_hal_uart.o
                0x0800500c                HAL_UART_AbortTransmitCpltCallback
 .text.HAL_UART_AbortReceiveCpltCallback
                0x08005020       0x14 ./Drivers/STM32G4xx_HAL_Driver/Src/stm32g4xx_hal_uart.o
                0x08005020                HAL_UART_AbortReceiveCpltCallback
 .text.HAL_UARTEx_RxEventCallback
                0x08005034       0x18 ./Drivers/STM32G4xx_HAL_Driver/Src/stm32g4xx_hal_uart.o
                0x08005034                HAL_UARTEx_RxEventCallback
 .text.HAL_UART_ReceiverTimeout_Config
                0x0800504c       0x38 ./Drivers/STM32G4xx_HAL_Driver/Src/stm32g4xx_hal_uart.o
                0x0800504c                HAL_UART_ReceiverTimeout_Config
 .text.HAL_UART_EnableReceiverTimeout
                0x08005084       0x74 ./Drivers/STM32G4xx_HAL_Driver/Src/stm32g4xx_hal_uart.o
                0x08005084                HAL_UART_EnableReceiverTimeout
 .text.HAL_UART_GetError
                0x080050f8       0x1a ./Drivers/STM32G4xx_HAL_Driver/Src/stm32g4xx_hal_uart.o
                0x080050f8                HAL_UART_GetError
 *fill*         0x08005112        0x2 
 .text.UART_InitCallbacksToDefault
                0x08005114       0xa4 ./Drivers/STM32G4xx_HAL_Driver/Src/stm32g4xx_hal_uart.o
                0x08005114                UART_InitCallbacksToDefault
 .text.UART_SetConfig
                0x080051b8      0x5f8 ./Drivers/STM32G4xx_HAL_Driver/Src/stm32g4xx_hal_uart.o
                0x080051b8                UART_SetConfig
 .text.UART_AdvFeatureConfig
                0x080057b0      0x144 ./Drivers/STM32G4xx_HAL_Driver/Src/stm32g4xx_hal_uart.o
                0x080057b0                UART_AdvFeatureConfig
 .text.UART_CheckIdleState
                0x080058f4      0x154 ./Drivers/STM32G4xx_HAL_Driver/Src/stm32g4xx_hal_uart.o
                0x080058f4                UART_CheckIdleState
 .text.UART_WaitOnFlagUntilTimeout
                0x08005a48       0xda ./Drivers/STM32G4xx_HAL_Driver/Src/stm32g4xx_hal_uart.o
                0x08005a48                UART_WaitOnFlagUntilTimeout
 *fill*         0x08005b22        0x2 
 .text.UART_Start_Receive_DMA
                0x08005b24      0x14c ./Drivers/STM32G4xx_HAL_Driver/Src/stm32g4xx_hal_uart.o
                0x08005b24                UART_Start_Receive_DMA
 .text.UART_EndTxTransfer
                0x08005c70       0x82 ./Drivers/STM32G4xx_HAL_Driver/Src/stm32g4xx_hal_uart.o
 .text.UART_EndRxTransfer
                0x08005cf2       0xcc ./Drivers/STM32G4xx_HAL_Driver/Src/stm32g4xx_hal_uart.o
 .text.UART_DMATransmitCplt
                0x08005dbe       0x9e ./Drivers/STM32G4xx_HAL_Driver/Src/stm32g4xx_hal_uart.o
 .text.UART_DMATxHalfCplt
                0x08005e5c       0x20 ./Drivers/STM32G4xx_HAL_Driver/Src/stm32g4xx_hal_uart.o
 .text.UART_DMAReceiveCplt
                0x08005e7c      0x134 ./Drivers/STM32G4xx_HAL_Driver/Src/stm32g4xx_hal_uart.o
 .text.UART_DMARxHalfCplt
                0x08005fb0       0x46 ./Drivers/STM32G4xx_HAL_Driver/Src/stm32g4xx_hal_uart.o
 .text.UART_DMAError
                0x08005ff6       0x84 ./Drivers/STM32G4xx_HAL_Driver/Src/stm32g4xx_hal_uart.o
 .text.UART_DMAAbortOnError
                0x0800607a       0x30 ./Drivers/STM32G4xx_HAL_Driver/Src/stm32g4xx_hal_uart.o
 .text.UART_EndTransmit_IT
                0x080060aa       0x5a ./Drivers/STM32G4xx_HAL_Driver/Src/stm32g4xx_hal_uart.o
 .text.HAL_UARTEx_WakeupCallback
                0x08006104       0x14 ./Drivers/STM32G4xx_HAL_Driver/Src/stm32g4xx_hal_uart_ex.o
                0x08006104                HAL_UARTEx_WakeupCallback
 .text.HAL_UARTEx_RxFifoFullCallback
                0x08006118       0x14 ./Drivers/STM32G4xx_HAL_Driver/Src/stm32g4xx_hal_uart_ex.o
                0x08006118                HAL_UARTEx_RxFifoFullCallback
 .text.HAL_UARTEx_TxFifoEmptyCallback
                0x0800612c       0x14 ./Drivers/STM32G4xx_HAL_Driver/Src/stm32g4xx_hal_uart_ex.o
                0x0800612c                HAL_UARTEx_TxFifoEmptyCallback
 .text.HAL_UARTEx_DisableFifoMode
                0x08006140       0x72 ./Drivers/STM32G4xx_HAL_Driver/Src/stm32g4xx_hal_uart_ex.o
                0x08006140                HAL_UARTEx_DisableFifoMode
 .text.HAL_UARTEx_SetTxFifoThreshold
                0x080061b2       0x7c ./Drivers/STM32G4xx_HAL_Driver/Src/stm32g4xx_hal_uart_ex.o
                0x080061b2                HAL_UARTEx_SetTxFifoThreshold
 .text.HAL_UARTEx_SetRxFifoThreshold
                0x0800622e       0x7c ./Drivers/STM32G4xx_HAL_Driver/Src/stm32g4xx_hal_uart_ex.o
                0x0800622e                HAL_UARTEx_SetRxFifoThreshold
 *fill*         0x080062aa        0x2 
 .text.UARTEx_SetNbDataToProcess
                0x080062ac       0x9c ./Drivers/STM32G4xx_HAL_Driver/Src/stm32g4xx_hal_uart_ex.o
 .text.memset   0x08006348       0x10 C:/ST/STM32CubeIDE_1.13.2/STM32CubeIDE/plugins/com.st.stm32cube.ide.mcu.externaltools.gnu-tools-for-stm32.12.3.rel1.win32_1.0.100.202403111256/tools/bin/../lib/gcc/arm-none-eabi/12.3.1/../../../../arm-none-eabi/lib/thumb/v7e-m+fp/hard\libc_nano.a(libc_a-memset.o)
                0x08006348                memset
 .text.__libc_init_array
                0x08006358       0x48 C:/ST/STM32CubeIDE_1.13.2/STM32CubeIDE/plugins/com.st.stm32cube.ide.mcu.externaltools.gnu-tools-for-stm32.12.3.rel1.win32_1.0.100.202403111256/tools/bin/../lib/gcc/arm-none-eabi/12.3.1/../../../../arm-none-eabi/lib/thumb/v7e-m+fp/hard\libc_nano.a(libc_a-init.o)
                0x08006358                __libc_init_array
 .text.memcpy   0x080063a0       0x1c C:/ST/STM32CubeIDE_1.13.2/STM32CubeIDE/plugins/com.st.stm32cube.ide.mcu.externaltools.gnu-tools-for-stm32.12.3.rel1.win32_1.0.100.202403111256/tools/bin/../lib/gcc/arm-none-eabi/12.3.1/../../../../arm-none-eabi/lib/thumb/v7e-m+fp/hard\libc_nano.a(libc_a-memcpy-stub.o)
                0x080063a0                memcpy
 *(.glue_7)
 .glue_7        0x080063bc        0x0 linker stubs
 *(.glue_7t)
 .glue_7t       0x080063bc        0x0 linker stubs
 *(.eh_frame)
 .eh_frame      0x080063bc        0x0 C:/ST/STM32CubeIDE_1.13.2/STM32CubeIDE/plugins/com.st.stm32cube.ide.mcu.externaltools.gnu-tools-for-stm32.12.3.rel1.win32_1.0.100.202403111256/tools/bin/../lib/gcc/arm-none-eabi/12.3.1/thumb/v7e-m+fp/hard/crtbegin.o
 *(.init)
 .init          0x080063bc        0x4 C:/ST/STM32CubeIDE_1.13.2/STM32CubeIDE/plugins/com.st.stm32cube.ide.mcu.externaltools.gnu-tools-for-stm32.12.3.rel1.win32_1.0.100.202403111256/tools/bin/../lib/gcc/arm-none-eabi/12.3.1/thumb/v7e-m+fp/hard/crti.o
                0x080063bc                _init
 .init          0x080063c0        0x8 C:/ST/STM32CubeIDE_1.13.2/STM32CubeIDE/plugins/com.st.stm32cube.ide.mcu.externaltools.gnu-tools-for-stm32.12.3.rel1.win32_1.0.100.202403111256/tools/bin/../lib/gcc/arm-none-eabi/12.3.1/thumb/v7e-m+fp/hard/crtn.o
 *(.fini)
 .fini          0x080063c8        0x4 C:/ST/STM32CubeIDE_1.13.2/STM32CubeIDE/plugins/com.st.stm32cube.ide.mcu.externaltools.gnu-tools-for-stm32.12.3.rel1.win32_1.0.100.202403111256/tools/bin/../lib/gcc/arm-none-eabi/12.3.1/thumb/v7e-m+fp/hard/crti.o
                0x080063c8                _fini
 .fini          0x080063cc        0x8 C:/ST/STM32CubeIDE_1.13.2/STM32CubeIDE/plugins/com.st.stm32cube.ide.mcu.externaltools.gnu-tools-for-stm32.12.3.rel1.win32_1.0.100.202403111256/tools/bin/../lib/gcc/arm-none-eabi/12.3.1/thumb/v7e-m+fp/hard/crtn.o
                0x080063d4                        . = ALIGN (0x4)
                0x080063d4                        _etext = .

.vfp11_veneer   0x080063d4        0x0
 .vfp11_veneer  0x080063d4        0x0 linker stubs

.v4_bx          0x080063d4        0x0
 .v4_bx         0x080063d4        0x0 linker stubs

.iplt           0x080063d4        0x0
 .iplt          0x080063d4        0x0 C:/ST/STM32CubeIDE_1.13.2/STM32CubeIDE/plugins/com.st.stm32cube.ide.mcu.externaltools.gnu-tools-for-stm32.12.3.rel1.win32_1.0.100.202403111256/tools/bin/../lib/gcc/arm-none-eabi/12.3.1/thumb/v7e-m+fp/hard/crtbegin.o

.rodata         0x080063d4       0x40
                0x080063d4                        . = ALIGN (0x4)
 *(.rodata)
 *(.rodata*)
 .rodata.AHBPrescTable
                0x080063d4       0x10 ./Core/Src/system_stm32g4xx.o
                0x080063d4                AHBPrescTable
 .rodata.APBPrescTable
                0x080063e4        0x8 ./Core/Src/system_stm32g4xx.o
                0x080063e4                APBPrescTable
 .rodata.UARTPrescTable
                0x080063ec       0x18 ./Drivers/STM32G4xx_HAL_Driver/Src/stm32g4xx_hal_uart.o
                0x080063ec                UARTPrescTable
 .rodata.numerator.1
                0x08006404        0x8 ./Drivers/STM32G4xx_HAL_Driver/Src/stm32g4xx_hal_uart_ex.o
 .rodata.denominator.0
                0x0800640c        0x8 ./Drivers/STM32G4xx_HAL_Driver/Src/stm32g4xx_hal_uart_ex.o
                0x08006414                        . = ALIGN (0x4)

.ARM.extab      0x08006414        0x0
                0x08006414                        . = ALIGN (0x4)
 *(.ARM.extab* .gnu.linkonce.armextab.*)
                0x08006414                        . = ALIGN (0x4)

.ARM            0x08006414        0x8
                0x08006414                        . = ALIGN (0x4)
                0x08006414                        __exidx_start = .
 *(.ARM.exidx*)
 .ARM.exidx     0x08006414        0x8 C:/ST/STM32CubeIDE_1.13.2/STM32CubeIDE/plugins/com.st.stm32cube.ide.mcu.externaltools.gnu-tools-for-stm32.12.3.rel1.win32_1.0.100.202403111256/tools/bin/../lib/gcc/arm-none-eabi/12.3.1/thumb/v7e-m+fp/hard\libgcc.a(_udivmoddi4.o)
                0x0800641c                        __exidx_end = .
                0x0800641c                        . = ALIGN (0x4)

.rel.dyn        0x0800641c        0x0
 .rel.iplt      0x0800641c        0x0 C:/ST/STM32CubeIDE_1.13.2/STM32CubeIDE/plugins/com.st.stm32cube.ide.mcu.externaltools.gnu-tools-for-stm32.12.3.rel1.win32_1.0.100.202403111256/tools/bin/../lib/gcc/arm-none-eabi/12.3.1/thumb/v7e-m+fp/hard/crtbegin.o

.preinit_array  0x0800641c        0x0
                0x0800641c                        . = ALIGN (0x4)
                0x0800641c                        PROVIDE (__preinit_array_start = .)
 *(.preinit_array*)
                0x0800641c                        PROVIDE (__preinit_array_end = .)
                0x0800641c                        . = ALIGN (0x4)

.init_array     0x0800641c        0x4
                0x0800641c                        . = ALIGN (0x4)
                0x0800641c                        PROVIDE (__init_array_start = .)
 *(SORT_BY_NAME(.init_array.*))
 *(.init_array*)
 .init_array    0x0800641c        0x4 C:/ST/STM32CubeIDE_1.13.2/STM32CubeIDE/plugins/com.st.stm32cube.ide.mcu.externaltools.gnu-tools-for-stm32.12.3.rel1.win32_1.0.100.202403111256/tools/bin/../lib/gcc/arm-none-eabi/12.3.1/thumb/v7e-m+fp/hard/crtbegin.o
                0x08006420                        PROVIDE (__init_array_end = .)
                0x08006420                        . = ALIGN (0x4)

.fini_array     0x08006420        0x4
                0x08006420                        . = ALIGN (0x4)
                [!provide]                        PROVIDE (__fini_array_start = .)
 *(SORT_BY_NAME(.fini_array.*))
 *(.fini_array*)
 .fini_array    0x08006420        0x4 C:/ST/STM32CubeIDE_1.13.2/STM32CubeIDE/plugins/com.st.stm32cube.ide.mcu.externaltools.gnu-tools-for-stm32.12.3.rel1.win32_1.0.100.202403111256/tools/bin/../lib/gcc/arm-none-eabi/12.3.1/thumb/v7e-m+fp/hard/crtbegin.o
                [!provide]                        PROVIDE (__fini_array_end = .)
                0x08006424                        . = ALIGN (0x4)
                0x08006424                        _sidata = LOADADDR (.data)

.data           0x20000000      0x210 load address 0x08006424
                0x20000000                        . = ALIGN (0x4)
                0x20000000                        _sdata = .
 *(.data)
 *(.data*)
 .data.auchCRCLo
                0x20000000      0x100 ./Core/Src/ModBusRTU.o
 .data.auchCRCHi
                0x20000100      0x100 ./Core/Src/ModBusRTU.o
 .data.HomePos  0x20000200        0x2 ./Core/Src/main.o
                0x20000200                HomePos
 *fill*         0x20000202        0x2 
 .data.SystemCoreClock
                0x20000204        0x4 ./Core/Src/system_stm32g4xx.o
                0x20000204                SystemCoreClock
 .data.uwTickPrio
                0x20000208        0x4 ./Drivers/STM32G4xx_HAL_Driver/Src/stm32g4xx_hal.o
                0x20000208                uwTickPrio
 .data.uwTickFreq
                0x2000020c        0x4 ./Drivers/STM32G4xx_HAL_Driver/Src/stm32g4xx_hal.o
                0x2000020c                uwTickFreq
 *(.RamFunc)
 *(.RamFunc*)
                0x20000210                        . = ALIGN (0x4)
                0x20000210                        _edata = .

.igot.plt       0x20000210        0x0 load address 0x08006634
 .igot.plt      0x20000210        0x0 C:/ST/STM32CubeIDE_1.13.2/STM32CubeIDE/plugins/com.st.stm32cube.ide.mcu.externaltools.gnu-tools-for-stm32.12.3.rel1.win32_1.0.100.202403111256/tools/bin/../lib/gcc/arm-none-eabi/12.3.1/thumb/v7e-m+fp/hard/crtbegin.o
                0x20000210                        . = ALIGN (0x4)

.bss            0x20000210      0x9fc load address 0x08006634
                0x20000210                        _sbss = .
                0x20000210                        __bss_start__ = _sbss
 *(.bss)
 .bss           0x20000210       0x1c C:/ST/STM32CubeIDE_1.13.2/STM32CubeIDE/plugins/com.st.stm32cube.ide.mcu.externaltools.gnu-tools-for-stm32.12.3.rel1.win32_1.0.100.202403111256/tools/bin/../lib/gcc/arm-none-eabi/12.3.1/thumb/v7e-m+fp/hard/crtbegin.o
 *(.bss*)
 .bss.hModbus   0x2000022c        0x4 ./Core/Src/ModBusRTU.o
                0x2000022c                hModbus
 .bss.htim5     0x20000230       0xcc ./Core/Src/main.o
                0x20000230                htim5
 .bss.htim16    0x200002fc       0xcc ./Core/Src/main.o
                0x200002fc                htim16
 .bss.huart2    0x200003c8       0xcc ./Core/Src/main.o
                0x200003c8                huart2
 .bss.hdma_usart2_tx
                0x20000494       0x60 ./Core/Src/main.o
                0x20000494                hdma_usart2_tx
 .bss.hdma_usart2_rx
                0x200004f4       0x60 ./Core/Src/main.o
                0x200004f4                hdma_usart2_rx
 .bss.hmodbus   0x20000554      0x4d8 ./Core/Src/main.o
                0x20000554                hmodbus
 .bss.registerFrame
                0x20000a2c      0x190 ./Core/Src/main.o
                0x20000a2c                registerFrame
 .bss.ShelvePos
                0x20000bbc        0xa ./Core/Src/main.o
                0x20000bbc                ShelvePos
 *fill*         0x20000bc6        0x2 
 .bss.Z         0x20000bc8        0x8 ./Core/Src/main.o
                0x20000bc8                Z
 .bss.BaseVacuum
                0x20000bd0        0x1 ./Core/Src/main.o
                0x20000bd0                BaseVacuum
 .bss.BaseGripper
                0x20000bd1        0x1 ./Core/Src/main.o
                0x20000bd1                BaseGripper
 .bss.ActualVacuum
                0x20000bd2        0x1 ./Core/Src/main.o
                0x20000bd2                ActualVacuum
 .bss.ActualGripper
                0x20000bd3        0x1 ./Core/Src/main.o
                0x20000bd3                ActualGripper
 .bss.PickOrder
                0x20000bd4        0x6 ./Core/Src/main.o
                0x20000bd4                PickOrder
 *fill*         0x20000bda        0x2 
 .bss.PlaceOrder
                0x20000bdc        0x6 ./Core/Src/main.o
                0x20000bdc                PlaceOrder
 *fill*         0x20000be2        0x2 
 .bss.GoalPick  0x20000be4        0xa ./Core/Src/main.o
                0x20000be4                GoalPick
 *fill*         0x20000bee        0x2 
 .bss.GoalPlace
                0x20000bf0        0xa ./Core/Src/main.o
                0x20000bf0                GoalPlace
 .bss.Goal      0x20000bfa        0x2 ./Core/Src/main.o
                0x20000bfa                Goal
 .bss.j         0x20000bfc        0x4 ./Core/Src/main.o
                0x20000bfc                j
 .bss.a         0x20000c00        0x1 ./Core/Src/main.o
                0x20000c00                a
 *fill*         0x20000c01        0x3 
 .bss.timestamp.0
                0x20000c04        0x4 ./Core/Src/main.o
 .bss.uwTick    0x20000c08        0x4 ./Drivers/STM32G4xx_HAL_Driver/Src/stm32g4xx_hal.o
                0x20000c08                uwTick
 *(COMMON)
                0x20000c0c                        . = ALIGN (0x4)
                0x20000c0c                        _ebss = .
                0x20000c0c                        __bss_end__ = _ebss

._user_heap_stack
                0x20000c0c      0x604 load address 0x08006634
                0x20000c10                        . = ALIGN (0x8)
 *fill*         0x20000c0c        0x4 
                [!provide]                        PROVIDE (end = .)
                0x20000c10                        PROVIDE (_end = .)
                0x20000e10                        . = (. + _Min_Heap_Size)
 *fill*         0x20000c10      0x200 
                0x20001210                        . = (. + _Min_Stack_Size)
 *fill*         0x20000e10      0x400 
                0x20001210                        . = ALIGN (0x8)

/DISCARD/
 libc.a(*)
 libm.a(*)
 libgcc.a(*)

.ARM.attributes
                0x00000000       0x30
 *(.ARM.attributes)
 .ARM.attributes
                0x00000000       0x22 C:/ST/STM32CubeIDE_1.13.2/STM32CubeIDE/plugins/com.st.stm32cube.ide.mcu.externaltools.gnu-tools-for-stm32.12.3.rel1.win32_1.0.100.202403111256/tools/bin/../lib/gcc/arm-none-eabi/12.3.1/thumb/v7e-m+fp/hard/crti.o
 .ARM.attributes
                0x00000022       0x34 C:/ST/STM32CubeIDE_1.13.2/STM32CubeIDE/plugins/com.st.stm32cube.ide.mcu.externaltools.gnu-tools-for-stm32.12.3.rel1.win32_1.0.100.202403111256/tools/bin/../lib/gcc/arm-none-eabi/12.3.1/thumb/v7e-m+fp/hard/crtbegin.o
 .ARM.attributes
                0x00000056       0x34 ./Core/Src/ModBusRTU.o
 .ARM.attributes
                0x0000008a       0x34 ./Core/Src/main.o
 .ARM.attributes
                0x000000be       0x34 ./Core/Src/stm32g4xx_hal_msp.o
 .ARM.attributes
                0x000000f2       0x34 ./Core/Src/stm32g4xx_it.o
 .ARM.attributes
                0x00000126       0x34 ./Core/Src/system_stm32g4xx.o
 .ARM.attributes
                0x0000015a       0x21 ./Core/Startup/startup_stm32g474retx.o
 .ARM.attributes
                0x0000017b       0x34 ./Drivers/STM32G4xx_HAL_Driver/Src/stm32g4xx_hal.o
 .ARM.attributes
                0x000001af       0x34 ./Drivers/STM32G4xx_HAL_Driver/Src/stm32g4xx_hal_cortex.o
 .ARM.attributes
                0x000001e3       0x34 ./Drivers/STM32G4xx_HAL_Driver/Src/stm32g4xx_hal_dma.o
 .ARM.attributes
                0x00000217       0x34 ./Drivers/STM32G4xx_HAL_Driver/Src/stm32g4xx_hal_gpio.o
 .ARM.attributes
                0x0000024b       0x34 ./Drivers/STM32G4xx_HAL_Driver/Src/stm32g4xx_hal_pwr_ex.o
 .ARM.attributes
                0x0000027f       0x34 ./Drivers/STM32G4xx_HAL_Driver/Src/stm32g4xx_hal_rcc.o
 .ARM.attributes
                0x000002b3       0x34 ./Drivers/STM32G4xx_HAL_Driver/Src/stm32g4xx_hal_rcc_ex.o
 .ARM.attributes
                0x000002e7       0x34 ./Drivers/STM32G4xx_HAL_Driver/Src/stm32g4xx_hal_tim.o
 .ARM.attributes
                0x0000031b       0x34 ./Drivers/STM32G4xx_HAL_Driver/Src/stm32g4xx_hal_tim_ex.o
 .ARM.attributes
                0x0000034f       0x34 ./Drivers/STM32G4xx_HAL_Driver/Src/stm32g4xx_hal_uart.o
 .ARM.attributes
                0x00000383       0x34 ./Drivers/STM32G4xx_HAL_Driver/Src/stm32g4xx_hal_uart_ex.o
 .ARM.attributes
                0x000003b7       0x34 C:/ST/STM32CubeIDE_1.13.2/STM32CubeIDE/plugins/com.st.stm32cube.ide.mcu.externaltools.gnu-tools-for-stm32.12.3.rel1.win32_1.0.100.202403111256/tools/bin/../lib/gcc/arm-none-eabi/12.3.1/../../../../arm-none-eabi/lib/thumb/v7e-m+fp/hard\libc_nano.a(libc_a-memset.o)
 .ARM.attributes
                0x000003eb       0x34 C:/ST/STM32CubeIDE_1.13.2/STM32CubeIDE/plugins/com.st.stm32cube.ide.mcu.externaltools.gnu-tools-for-stm32.12.3.rel1.win32_1.0.100.202403111256/tools/bin/../lib/gcc/arm-none-eabi/12.3.1/../../../../arm-none-eabi/lib/thumb/v7e-m+fp/hard\libc_nano.a(libc_a-init.o)
 .ARM.attributes
                0x0000041f       0x34 C:/ST/STM32CubeIDE_1.13.2/STM32CubeIDE/plugins/com.st.stm32cube.ide.mcu.externaltools.gnu-tools-for-stm32.12.3.rel1.win32_1.0.100.202403111256/tools/bin/../lib/gcc/arm-none-eabi/12.3.1/../../../../arm-none-eabi/lib/thumb/v7e-m+fp/hard\libc_nano.a(libc_a-memcpy-stub.o)
 .ARM.attributes
                0x00000453       0x22 C:/ST/STM32CubeIDE_1.13.2/STM32CubeIDE/plugins/com.st.stm32cube.ide.mcu.externaltools.gnu-tools-for-stm32.12.3.rel1.win32_1.0.100.202403111256/tools/bin/../lib/gcc/arm-none-eabi/12.3.1/thumb/v7e-m+fp/hard\libgcc.a(_aeabi_uldivmod.o)
 .ARM.attributes
                0x00000475       0x34 C:/ST/STM32CubeIDE_1.13.2/STM32CubeIDE/plugins/com.st.stm32cube.ide.mcu.externaltools.gnu-tools-for-stm32.12.3.rel1.win32_1.0.100.202403111256/tools/bin/../lib/gcc/arm-none-eabi/12.3.1/thumb/v7e-m+fp/hard\libgcc.a(_udivmoddi4.o)
 .ARM.attributes
                0x000004a9       0x22 C:/ST/STM32CubeIDE_1.13.2/STM32CubeIDE/plugins/com.st.stm32cube.ide.mcu.externaltools.gnu-tools-for-stm32.12.3.rel1.win32_1.0.100.202403111256/tools/bin/../lib/gcc/arm-none-eabi/12.3.1/thumb/v7e-m+fp/hard\libgcc.a(_dvmd_tls.o)
 .ARM.attributes
                0x000004cb       0x22 C:/ST/STM32CubeIDE_1.13.2/STM32CubeIDE/plugins/com.st.stm32cube.ide.mcu.externaltools.gnu-tools-for-stm32.12.3.rel1.win32_1.0.100.202403111256/tools/bin/../lib/gcc/arm-none-eabi/12.3.1/thumb/v7e-m+fp/hard/crtn.o
OUTPUT(MODBUS2024ALT.elf elf32-littlearm)
LOAD linker stubs
LOAD C:/ST/STM32CubeIDE_1.13.2/STM32CubeIDE/plugins/com.st.stm32cube.ide.mcu.externaltools.gnu-tools-for-stm32.12.3.rel1.win32_1.0.100.202403111256/tools/bin/../lib/gcc/arm-none-eabi/12.3.1/../../../../arm-none-eabi/lib/thumb/v7e-m+fp/hard\libc.a
LOAD C:/ST/STM32CubeIDE_1.13.2/STM32CubeIDE/plugins/com.st.stm32cube.ide.mcu.externaltools.gnu-tools-for-stm32.12.3.rel1.win32_1.0.100.202403111256/tools/bin/../lib/gcc/arm-none-eabi/12.3.1/../../../../arm-none-eabi/lib/thumb/v7e-m+fp/hard\libm.a
LOAD C:/ST/STM32CubeIDE_1.13.2/STM32CubeIDE/plugins/com.st.stm32cube.ide.mcu.externaltools.gnu-tools-for-stm32.12.3.rel1.win32_1.0.100.202403111256/tools/bin/../lib/gcc/arm-none-eabi/12.3.1/thumb/v7e-m+fp/hard\libgcc.a

.debug_info     0x00000000    0x15670
 .debug_info    0x00000000     0x1598 ./Core/Src/ModBusRTU.o
 .debug_info    0x00001598     0x1e5d ./Core/Src/main.o
 .debug_info    0x000033f5     0x17b0 ./Core/Src/stm32g4xx_hal_msp.o
 .debug_info    0x00004ba5      0xf93 ./Core/Src/stm32g4xx_it.o
 .debug_info    0x00005b38      0x58e ./Core/Src/system_stm32g4xx.o
 .debug_info    0x000060c6       0x30 ./Core/Startup/startup_stm32g474retx.o
 .debug_info    0x000060f6      0xb95 ./Drivers/STM32G4xx_HAL_Driver/Src/stm32g4xx_hal.o
 .debug_info    0x00006c8b      0xdad ./Drivers/STM32G4xx_HAL_Driver/Src/stm32g4xx_hal_cortex.o
 .debug_info    0x00007a38      0x85f ./Drivers/STM32G4xx_HAL_Driver/Src/stm32g4xx_hal_dma.o
 .debug_info    0x00008297      0x763 ./Drivers/STM32G4xx_HAL_Driver/Src/stm32g4xx_hal_gpio.o
 .debug_info    0x000089fa      0x93f ./Drivers/STM32G4xx_HAL_Driver/Src/stm32g4xx_hal_pwr_ex.o
 .debug_info    0x00009339      0xbe0 ./Drivers/STM32G4xx_HAL_Driver/Src/stm32g4xx_hal_rcc.o
 .debug_info    0x00009f19      0xc45 ./Drivers/STM32G4xx_HAL_Driver/Src/stm32g4xx_hal_rcc_ex.o
 .debug_info    0x0000ab5e     0x301a ./Drivers/STM32G4xx_HAL_Driver/Src/stm32g4xx_hal_tim.o
 .debug_info    0x0000db78     0x1f5e ./Drivers/STM32G4xx_HAL_Driver/Src/stm32g4xx_hal_tim_ex.o
 .debug_info    0x0000fad6     0x4ad2 ./Drivers/STM32G4xx_HAL_Driver/Src/stm32g4xx_hal_uart.o
 .debug_info    0x000145a8     0x10c8 ./Drivers/STM32G4xx_HAL_Driver/Src/stm32g4xx_hal_uart_ex.o

.debug_abbrev   0x00000000     0x28d4
 .debug_abbrev  0x00000000      0x365 ./Core/Src/ModBusRTU.o
 .debug_abbrev  0x00000365      0x3b7 ./Core/Src/main.o
 .debug_abbrev  0x0000071c      0x285 ./Core/Src/stm32g4xx_hal_msp.o
 .debug_abbrev  0x000009a1      0x1f7 ./Core/Src/stm32g4xx_it.o
 .debug_abbrev  0x00000b98      0x11a ./Core/Src/system_stm32g4xx.o
 .debug_abbrev  0x00000cb2       0x24 ./Core/Startup/startup_stm32g474retx.o
 .debug_abbrev  0x00000cd6      0x271 ./Drivers/STM32G4xx_HAL_Driver/Src/stm32g4xx_hal.o
 .debug_abbrev  0x00000f47      0x31c ./Drivers/STM32G4xx_HAL_Driver/Src/stm32g4xx_hal_cortex.o
 .debug_abbrev  0x00001263      0x1e2 ./Drivers/STM32G4xx_HAL_Driver/Src/stm32g4xx_hal_dma.o
 .debug_abbrev  0x00001445      0x1cb ./Drivers/STM32G4xx_HAL_Driver/Src/stm32g4xx_hal_gpio.o
 .debug_abbrev  0x00001610      0x22c ./Drivers/STM32G4xx_HAL_Driver/Src/stm32g4xx_hal_pwr_ex.o
 .debug_abbrev  0x0000183c      0x2c9 ./Drivers/STM32G4xx_HAL_Driver/Src/stm32g4xx_hal_rcc.o
 .debug_abbrev  0x00001b05      0x258 ./Drivers/STM32G4xx_HAL_Driver/Src/stm32g4xx_hal_rcc_ex.o
 .debug_abbrev  0x00001d5d      0x2b8 ./Drivers/STM32G4xx_HAL_Driver/Src/stm32g4xx_hal_tim.o
 .debug_abbrev  0x00002015      0x2d6 ./Drivers/STM32G4xx_HAL_Driver/Src/stm32g4xx_hal_tim_ex.o
 .debug_abbrev  0x000022eb      0x317 ./Drivers/STM32G4xx_HAL_Driver/Src/stm32g4xx_hal_uart.o
 .debug_abbrev  0x00002602      0x2d2 ./Drivers/STM32G4xx_HAL_Driver/Src/stm32g4xx_hal_uart_ex.o

.debug_aranges  0x00000000     0x1120
 .debug_aranges
                0x00000000       0x70 ./Core/Src/ModBusRTU.o
 .debug_aranges
                0x00000070       0x70 ./Core/Src/main.o
 .debug_aranges
                0x000000e0       0x40 ./Core/Src/stm32g4xx_hal_msp.o
 .debug_aranges
                0x00000120       0x90 ./Core/Src/stm32g4xx_it.o
 .debug_aranges
                0x000001b0       0x28 ./Core/Src/system_stm32g4xx.o
 .debug_aranges
                0x000001d8       0x28 ./Core/Startup/startup_stm32g474retx.o
 .debug_aranges
                0x00000200      0x148 ./Drivers/STM32G4xx_HAL_Driver/Src/stm32g4xx_hal.o
 .debug_aranges
                0x00000348      0x118 ./Drivers/STM32G4xx_HAL_Driver/Src/stm32g4xx_hal_cortex.o
 .debug_aranges
                0x00000460       0x90 ./Drivers/STM32G4xx_HAL_Driver/Src/stm32g4xx_hal_dma.o
 .debug_aranges
                0x000004f0       0x58 ./Drivers/STM32G4xx_HAL_Driver/Src/stm32g4xx_hal_gpio.o
 .debug_aranges
                0x00000548      0x140 ./Drivers/STM32G4xx_HAL_Driver/Src/stm32g4xx_hal_pwr_ex.o
 .debug_aranges
                0x00000688       0x98 ./Drivers/STM32G4xx_HAL_Driver/Src/stm32g4xx_hal_rcc.o
 .debug_aranges
                0x00000720       0xb0 ./Drivers/STM32G4xx_HAL_Driver/Src/stm32g4xx_hal_rcc_ex.o
 .debug_aranges
                0x000007d0      0x3f8 ./Drivers/STM32G4xx_HAL_Driver/Src/stm32g4xx_hal_tim.o
 .debug_aranges
                0x00000bc8      0x240 ./Drivers/STM32G4xx_HAL_Driver/Src/stm32g4xx_hal_tim_ex.o
 .debug_aranges
                0x00000e08      0x270 ./Drivers/STM32G4xx_HAL_Driver/Src/stm32g4xx_hal_uart.o
 .debug_aranges
                0x00001078       0xa8 ./Drivers/STM32G4xx_HAL_Driver/Src/stm32g4xx_hal_uart_ex.o

.debug_rnglists
                0x00000000      0xd6e
 .debug_rnglists
                0x00000000       0x54 ./Core/Src/ModBusRTU.o
 .debug_rnglists
                0x00000054       0x54 ./Core/Src/main.o
 .debug_rnglists
                0x000000a8       0x2d ./Core/Src/stm32g4xx_hal_msp.o
 .debug_rnglists
                0x000000d5       0x67 ./Core/Src/stm32g4xx_it.o
 .debug_rnglists
                0x0000013c       0x1a ./Core/Src/system_stm32g4xx.o
 .debug_rnglists
                0x00000156       0x19 ./Core/Startup/startup_stm32g474retx.o
 .debug_rnglists
                0x0000016f       0xf1 ./Drivers/STM32G4xx_HAL_Driver/Src/stm32g4xx_hal.o
 .debug_rnglists
                0x00000260       0xce ./Drivers/STM32G4xx_HAL_Driver/Src/stm32g4xx_hal_cortex.o
 .debug_rnglists
                0x0000032e       0x71 ./Drivers/STM32G4xx_HAL_Driver/Src/stm32g4xx_hal_dma.o
 .debug_rnglists
                0x0000039f       0x3f ./Drivers/STM32G4xx_HAL_Driver/Src/stm32g4xx_hal_gpio.o
 .debug_rnglists
                0x000003de       0xf1 ./Drivers/STM32G4xx_HAL_Driver/Src/stm32g4xx_hal_pwr_ex.o
 .debug_rnglists
                0x000004cf       0x74 ./Drivers/STM32G4xx_HAL_Driver/Src/stm32g4xx_hal_rcc.o
 .debug_rnglists
                0x00000543       0x87 ./Drivers/STM32G4xx_HAL_Driver/Src/stm32g4xx_hal_rcc_ex.o
 .debug_rnglists
                0x000005ca      0x33d ./Drivers/STM32G4xx_HAL_Driver/Src/stm32g4xx_hal_tim.o
 .debug_rnglists
                0x00000907      0x1cc ./Drivers/STM32G4xx_HAL_Driver/Src/stm32g4xx_hal_tim_ex.o
 .debug_rnglists
                0x00000ad3      0x21c ./Drivers/STM32G4xx_HAL_Driver/Src/stm32g4xx_hal_uart.o
 .debug_rnglists
                0x00000cef       0x7f ./Drivers/STM32G4xx_HAL_Driver/Src/stm32g4xx_hal_uart_ex.o

.debug_macro    0x00000000    0x263d1
 .debug_macro   0x00000000      0x2b2 ./Core/Src/ModBusRTU.o
 .debug_macro   0x000002b2      0xab4 ./Core/Src/ModBusRTU.o
 .debug_macro   0x00000d66      0x15b ./Core/Src/ModBusRTU.o
 .debug_macro   0x00000ec1       0x2e ./Core/Src/ModBusRTU.o
 .debug_macro   0x00000eef       0x28 ./Core/Src/ModBusRTU.o
 .debug_macro   0x00000f17       0x22 ./Core/Src/ModBusRTU.o
 .debug_macro   0x00000f39       0x8e ./Core/Src/ModBusRTU.o
 .debug_macro   0x00000fc7       0x51 ./Core/Src/ModBusRTU.o
 .debug_macro   0x00001018      0x103 ./Core/Src/ModBusRTU.o
 .debug_macro   0x0000111b       0x6a ./Core/Src/ModBusRTU.o
 .debug_macro   0x00001185      0x1df ./Core/Src/ModBusRTU.o
 .debug_macro   0x00001364       0x1c ./Core/Src/ModBusRTU.o
 .debug_macro   0x00001380       0x22 ./Core/Src/ModBusRTU.o
 .debug_macro   0x000013a2       0xfb ./Core/Src/ModBusRTU.o
 .debug_macro   0x0000149d     0x1011 ./Core/Src/ModBusRTU.o
 .debug_macro   0x000024ae      0x11f ./Core/Src/ModBusRTU.o
 .debug_macro   0x000025cd    0x18b45 ./Core/Src/ModBusRTU.o
 .debug_macro   0x0001b112       0x6d ./Core/Src/ModBusRTU.o
 .debug_macro   0x0001b17f     0x354d ./Core/Src/ModBusRTU.o
 .debug_macro   0x0001e6cc      0x189 ./Core/Src/ModBusRTU.o
 .debug_macro   0x0001e855       0x5c ./Core/Src/ModBusRTU.o
 .debug_macro   0x0001e8b1     0x171f ./Core/Src/ModBusRTU.o
 .debug_macro   0x0001ffd0      0x600 ./Core/Src/ModBusRTU.o
 .debug_macro   0x000205d0      0x1b6 ./Core/Src/ModBusRTU.o
 .debug_macro   0x00020786      0x34a ./Core/Src/ModBusRTU.o
 .debug_macro   0x00020ad0      0x53c ./Core/Src/ModBusRTU.o
 .debug_macro   0x0002100c      0x18b ./Core/Src/ModBusRTU.o
 .debug_macro   0x00021197       0x43 ./Core/Src/ModBusRTU.o
 .debug_macro   0x000211da      0x23d ./Core/Src/ModBusRTU.o
 .debug_macro   0x00021417      0x211 ./Core/Src/ModBusRTU.o
 .debug_macro   0x00021628      0x45c ./Core/Src/ModBusRTU.o
 .debug_macro   0x00021a84      0x11c ./Core/Src/ModBusRTU.o
 .debug_macro   0x00021ba0      0x122 ./Core/Src/ModBusRTU.o
 .debug_macro   0x00021cc2      0x3d1 ./Core/Src/ModBusRTU.o
 .debug_macro   0x00022093      0xc0b ./Core/Src/ModBusRTU.o
 .debug_macro   0x00022c9e      0x718 ./Core/Src/ModBusRTU.o
 .debug_macro   0x000233b6      0x69a ./Core/Src/ModBusRTU.o
 .debug_macro   0x00023a50       0xa6 ./Core/Src/ModBusRTU.o
 .debug_macro   0x00023af6      0x358 ./Core/Src/ModBusRTU.o
 .debug_macro   0x00023e4e       0x61 ./Core/Src/ModBusRTU.o
 .debug_macro   0x00023eaf       0x2a ./Core/Src/ModBusRTU.o
 .debug_macro   0x00023ed9       0x43 ./Core/Src/ModBusRTU.o
 .debug_macro   0x00023f1c       0x34 ./Core/Src/ModBusRTU.o
 .debug_macro   0x00023f50       0x16 ./Core/Src/ModBusRTU.o
 .debug_macro   0x00023f66       0x43 ./Core/Src/ModBusRTU.o
 .debug_macro   0x00023fa9       0x34 ./Core/Src/ModBusRTU.o
 .debug_macro   0x00023fdd       0x10 ./Core/Src/ModBusRTU.o
 .debug_macro   0x00023fed       0x58 ./Core/Src/ModBusRTU.o
 .debug_macro   0x00024045       0x8e ./Core/Src/ModBusRTU.o
 .debug_macro   0x000240d3       0x1c ./Core/Src/ModBusRTU.o
 .debug_macro   0x000240ef      0x177 ./Core/Src/ModBusRTU.o
 .debug_macro   0x00024266      0x369 ./Core/Src/ModBusRTU.o
 .debug_macro   0x000245cf       0x10 ./Core/Src/ModBusRTU.o
 .debug_macro   0x000245df       0x35 ./Core/Src/ModBusRTU.o
 .debug_macro   0x00024614       0x20 ./Core/Src/ModBusRTU.o
 .debug_macro   0x00024634      0x2bb ./Core/Src/main.o
 .debug_macro   0x000248ef       0x46 ./Core/Src/main.o
 .debug_macro   0x00024935      0x1dd ./Core/Src/stm32g4xx_hal_msp.o
 .debug_macro   0x00024b12      0x1e7 ./Core/Src/stm32g4xx_it.o
 .debug_macro   0x00024cf9      0x1ce ./Core/Src/system_stm32g4xx.o
 .debug_macro   0x00024ec7      0x21c ./Drivers/STM32G4xx_HAL_Driver/Src/stm32g4xx_hal.o
 .debug_macro   0x000250e3      0x1ce ./Drivers/STM32G4xx_HAL_Driver/Src/stm32g4xx_hal_cortex.o
 .debug_macro   0x000252b1      0x1ce ./Drivers/STM32G4xx_HAL_Driver/Src/stm32g4xx_hal_dma.o
 .debug_macro   0x0002547f      0x1d5 ./Drivers/STM32G4xx_HAL_Driver/Src/stm32g4xx_hal_gpio.o
 .debug_macro   0x00025654      0x1f8 ./Drivers/STM32G4xx_HAL_Driver/Src/stm32g4xx_hal_pwr_ex.o
 .debug_macro   0x0002584c      0x210 ./Drivers/STM32G4xx_HAL_Driver/Src/stm32g4xx_hal_rcc.o
 .debug_macro   0x00025a5c      0x1f8 ./Drivers/STM32G4xx_HAL_Driver/Src/stm32g4xx_hal_rcc_ex.o
 .debug_macro   0x00025c54      0x1d6 ./Drivers/STM32G4xx_HAL_Driver/Src/stm32g4xx_hal_tim.o
 .debug_macro   0x00025e2a      0x1d4 ./Drivers/STM32G4xx_HAL_Driver/Src/stm32g4xx_hal_tim_ex.o
 .debug_macro   0x00025ffe      0x1f9 ./Drivers/STM32G4xx_HAL_Driver/Src/stm32g4xx_hal_uart.o
 .debug_macro   0x000261f7      0x1da ./Drivers/STM32G4xx_HAL_Driver/Src/stm32g4xx_hal_uart_ex.o

.debug_line     0x00000000    0x147e9
 .debug_line    0x00000000      0xd58 ./Core/Src/ModBusRTU.o
 .debug_line    0x00000d58      0xd04 ./Core/Src/main.o
 .debug_line    0x00001a5c      0x876 ./Core/Src/stm32g4xx_hal_msp.o
 .debug_line    0x000022d2      0x8bc ./Core/Src/stm32g4xx_it.o
 .debug_line    0x00002b8e      0x7d6 ./Core/Src/system_stm32g4xx.o
 .debug_line    0x00003364       0x7b ./Core/Startup/startup_stm32g474retx.o
 .debug_line    0x000033df      0xb92 ./Drivers/STM32G4xx_HAL_Driver/Src/stm32g4xx_hal.o
 .debug_line    0x00003f71      0xcfb ./Drivers/STM32G4xx_HAL_Driver/Src/stm32g4xx_hal_cortex.o
 .debug_line    0x00004c6c      0xebc ./Drivers/STM32G4xx_HAL_Driver/Src/stm32g4xx_hal_dma.o
 .debug_line    0x00005b28      0xbab ./Drivers/STM32G4xx_HAL_Driver/Src/stm32g4xx_hal_gpio.o
 .debug_line    0x000066d3      0xd01 ./Drivers/STM32G4xx_HAL_Driver/Src/stm32g4xx_hal_pwr_ex.o
 .debug_line    0x000073d4      0xf5d ./Drivers/STM32G4xx_HAL_Driver/Src/stm32g4xx_hal_rcc.o
 .debug_line    0x00008331     0x126d ./Drivers/STM32G4xx_HAL_Driver/Src/stm32g4xx_hal_rcc_ex.o
 .debug_line    0x0000959e     0x4433 ./Drivers/STM32G4xx_HAL_Driver/Src/stm32g4xx_hal_tim.o
 .debug_line    0x0000d9d1     0x21b6 ./Drivers/STM32G4xx_HAL_Driver/Src/stm32g4xx_hal_tim_ex.o
 .debug_line    0x0000fb87     0x3e9d ./Drivers/STM32G4xx_HAL_Driver/Src/stm32g4xx_hal_uart.o
 .debug_line    0x00013a24      0xdc5 ./Drivers/STM32G4xx_HAL_Driver/Src/stm32g4xx_hal_uart_ex.o

.debug_str      0x00000000    0xfc191
 .debug_str     0x00000000    0xf6fee ./Core/Src/ModBusRTU.o
                              0xf7647 (size before relaxing)
 .debug_str     0x000f6fee      0xdb8 ./Core/Src/main.o
                              0xf7b36 (size before relaxing)
 .debug_str     0x000f7da6      0x2c6 ./Core/Src/stm32g4xx_hal_msp.o
                              0xf4436 (size before relaxing)
 .debug_str     0x000f806c      0x19e ./Core/Src/stm32g4xx_it.o
                              0xf3ab7 (size before relaxing)
 .debug_str     0x000f820a       0xdb ./Core/Src/system_stm32g4xx.o
                              0xf2daf (size before relaxing)
 .debug_str     0x000f82e5       0x44 ./Core/Startup/startup_stm32g474retx.o
                                 0xa3 (size before relaxing)
 .debug_str     0x000f8329      0x5e1 ./Drivers/STM32G4xx_HAL_Driver/Src/stm32g4xx_hal.o
                              0xf3ac1 (size before relaxing)
 .debug_str     0x000f890a      0x31d ./Drivers/STM32G4xx_HAL_Driver/Src/stm32g4xx_hal_cortex.o
                              0xf3745 (size before relaxing)
 .debug_str     0x000f8c27      0x29f ./Drivers/STM32G4xx_HAL_Driver/Src/stm32g4xx_hal_dma.o
                              0xf3189 (size before relaxing)
 .debug_str     0x000f8ec6      0x10a ./Drivers/STM32G4xx_HAL_Driver/Src/stm32g4xx_hal_gpio.o
                              0xf2f3a (size before relaxing)
 .debug_str     0x000f8fd0      0x4a5 ./Drivers/STM32G4xx_HAL_Driver/Src/stm32g4xx_hal_pwr_ex.o
                              0xf329d (size before relaxing)
 .debug_str     0x000f9475      0x506 ./Drivers/STM32G4xx_HAL_Driver/Src/stm32g4xx_hal_rcc.o
                              0xf34ce (size before relaxing)
 .debug_str     0x000f997b      0x40b ./Drivers/STM32G4xx_HAL_Driver/Src/stm32g4xx_hal_rcc_ex.o
                              0xf34f8 (size before relaxing)
 .debug_str     0x000f9d86      0xf2a ./Drivers/STM32G4xx_HAL_Driver/Src/stm32g4xx_hal_tim.o
                              0xf4a10 (size before relaxing)
 .debug_str     0x000facb0      0x8b3 ./Drivers/STM32G4xx_HAL_Driver/Src/stm32g4xx_hal_tim_ex.o
                              0xf41e4 (size before relaxing)
 .debug_str     0x000fb563      0x9ca ./Drivers/STM32G4xx_HAL_Driver/Src/stm32g4xx_hal_uart.o
                              0xf40dc (size before relaxing)
 .debug_str     0x000fbf2d      0x264 ./Drivers/STM32G4xx_HAL_Driver/Src/stm32g4xx_hal_uart_ex.o
                              0xf3683 (size before relaxing)

.comment        0x00000000       0x43
 .comment       0x00000000       0x43 ./Core/Src/ModBusRTU.o
                                 0x44 (size before relaxing)
 .comment       0x00000043       0x44 ./Core/Src/main.o
 .comment       0x00000043       0x44 ./Core/Src/stm32g4xx_hal_msp.o
 .comment       0x00000043       0x44 ./Core/Src/stm32g4xx_it.o
 .comment       0x00000043       0x44 ./Core/Src/system_stm32g4xx.o
 .comment       0x00000043       0x44 ./Drivers/STM32G4xx_HAL_Driver/Src/stm32g4xx_hal.o
 .comment       0x00000043       0x44 ./Drivers/STM32G4xx_HAL_Driver/Src/stm32g4xx_hal_cortex.o
 .comment       0x00000043       0x44 ./Drivers/STM32G4xx_HAL_Driver/Src/stm32g4xx_hal_dma.o
 .comment       0x00000043       0x44 ./Drivers/STM32G4xx_HAL_Driver/Src/stm32g4xx_hal_gpio.o
 .comment       0x00000043       0x44 ./Drivers/STM32G4xx_HAL_Driver/Src/stm32g4xx_hal_pwr_ex.o
 .comment       0x00000043       0x44 ./Drivers/STM32G4xx_HAL_Driver/Src/stm32g4xx_hal_rcc.o
 .comment       0x00000043       0x44 ./Drivers/STM32G4xx_HAL_Driver/Src/stm32g4xx_hal_rcc_ex.o
 .comment       0x00000043       0x44 ./Drivers/STM32G4xx_HAL_Driver/Src/stm32g4xx_hal_tim.o
 .comment       0x00000043       0x44 ./Drivers/STM32G4xx_HAL_Driver/Src/stm32g4xx_hal_tim_ex.o
 .comment       0x00000043       0x44 ./Drivers/STM32G4xx_HAL_Driver/Src/stm32g4xx_hal_uart.o
 .comment       0x00000043       0x44 ./Drivers/STM32G4xx_HAL_Driver/Src/stm32g4xx_hal_uart_ex.o

.debug_frame    0x00000000     0x48f8
 .debug_frame   0x00000000      0x1a0 ./Core/Src/ModBusRTU.o
 .debug_frame   0x000001a0      0x180 ./Core/Src/main.o
 .debug_frame   0x00000320       0xc8 ./Core/Src/stm32g4xx_hal_msp.o
 .debug_frame   0x000003e8      0x1ac ./Core/Src/stm32g4xx_it.o
 .debug_frame   0x00000594       0x58 ./Core/Src/system_stm32g4xx.o
 .debug_frame   0x000005ec      0x500 ./Drivers/STM32G4xx_HAL_Driver/Src/stm32g4xx_hal.o
 .debug_frame   0x00000aec      0x498 ./Drivers/STM32G4xx_HAL_Driver/Src/stm32g4xx_hal_cortex.o
 .debug_frame   0x00000f84      0x24c ./Drivers/STM32G4xx_HAL_Driver/Src/stm32g4xx_hal_dma.o
 .debug_frame   0x000011d0      0x14c ./Drivers/STM32G4xx_HAL_Driver/Src/stm32g4xx_hal_gpio.o
 .debug_frame   0x0000131c      0x4fc ./Drivers/STM32G4xx_HAL_Driver/Src/stm32g4xx_hal_pwr_ex.o
 .debug_frame   0x00001818      0x23c ./Drivers/STM32G4xx_HAL_Driver/Src/stm32g4xx_hal_rcc.o
 .debug_frame   0x00001a54      0x2ac ./Drivers/STM32G4xx_HAL_Driver/Src/stm32g4xx_hal_rcc_ex.o
 .debug_frame   0x00001d00     0x1298 ./Drivers/STM32G4xx_HAL_Driver/Src/stm32g4xx_hal_tim.o
 .debug_frame   0x00002f98      0xa70 ./Drivers/STM32G4xx_HAL_Driver/Src/stm32g4xx_hal_tim_ex.o
 .debug_frame   0x00003a08      0xb5c ./Drivers/STM32G4xx_HAL_Driver/Src/stm32g4xx_hal_uart.o
 .debug_frame   0x00004564      0x2c0 ./Drivers/STM32G4xx_HAL_Driver/Src/stm32g4xx_hal_uart_ex.o
 .debug_frame   0x00004824       0x20 C:/ST/STM32CubeIDE_1.13.2/STM32CubeIDE/plugins/com.st.stm32cube.ide.mcu.externaltools.gnu-tools-for-stm32.12.3.rel1.win32_1.0.100.202403111256/tools/bin/../lib/gcc/arm-none-eabi/12.3.1/../../../../arm-none-eabi/lib/thumb/v7e-m+fp/hard\libc_nano.a(libc_a-memset.o)
 .debug_frame   0x00004844       0x2c C:/ST/STM32CubeIDE_1.13.2/STM32CubeIDE/plugins/com.st.stm32cube.ide.mcu.externaltools.gnu-tools-for-stm32.12.3.rel1.win32_1.0.100.202403111256/tools/bin/../lib/gcc/arm-none-eabi/12.3.1/../../../../arm-none-eabi/lib/thumb/v7e-m+fp/hard\libc_nano.a(libc_a-init.o)
 .debug_frame   0x00004870       0x28 C:/ST/STM32CubeIDE_1.13.2/STM32CubeIDE/plugins/com.st.stm32cube.ide.mcu.externaltools.gnu-tools-for-stm32.12.3.rel1.win32_1.0.100.202403111256/tools/bin/../lib/gcc/arm-none-eabi/12.3.1/../../../../arm-none-eabi/lib/thumb/v7e-m+fp/hard\libc_nano.a(libc_a-memcpy-stub.o)
 .debug_frame   0x00004898       0x2c C:/ST/STM32CubeIDE_1.13.2/STM32CubeIDE/plugins/com.st.stm32cube.ide.mcu.externaltools.gnu-tools-for-stm32.12.3.rel1.win32_1.0.100.202403111256/tools/bin/../lib/gcc/arm-none-eabi/12.3.1/thumb/v7e-m+fp/hard\libgcc.a(_aeabi_uldivmod.o)
 .debug_frame   0x000048c4       0x34 C:/ST/STM32CubeIDE_1.13.2/STM32CubeIDE/plugins/com.st.stm32cube.ide.mcu.externaltools.gnu-tools-for-stm32.12.3.rel1.win32_1.0.100.202403111256/tools/bin/../lib/gcc/arm-none-eabi/12.3.1/thumb/v7e-m+fp/hard\libgcc.a(_udivmoddi4.o)

.debug_line_str
                0x00000000       0x87
 .debug_line_str
                0x00000000       0x87 ./Core/Startup/startup_stm32g474retx.o
