Archive member included to satisfy reference by file (symbol)

C:/ST/STM32CubeIDE_1.13.2/STM32CubeIDE/plugins/com.st.stm32cube.ide.mcu.externaltools.gnu-tools-for-stm32.12.3.rel1.win32_1.0.100.202403111256/tools/bin/../lib/gcc/arm-none-eabi/12.3.1/../../../../arm-none-eabi/lib/thumb/v7e-m+fp/hard\libc_nano.a(libc_a-exit.o)
                              C:/ST/STM32CubeIDE_1.13.2/STM32CubeIDE/plugins/com.st.stm32cube.ide.mcu.externaltools.gnu-tools-for-stm32.12.3.rel1.win32_1.0.100.202403111256/tools/bin/../lib/gcc/arm-none-eabi/12.3.1/../../../../arm-none-eabi/lib/thumb/v7e-m+fp/hard/crt0.o (exit)
C:/ST/STM32CubeIDE_1.13.2/STM32CubeIDE/plugins/com.st.stm32cube.ide.mcu.externaltools.gnu-tools-for-stm32.12.3.rel1.win32_1.0.100.202403111256/tools/bin/../lib/gcc/arm-none-eabi/12.3.1/../../../../arm-none-eabi/lib/thumb/v7e-m+fp/hard\libc_nano.a(libc_a-findfp.o)
                              C:/ST/STM32CubeIDE_1.13.2/STM32CubeIDE/plugins/com.st.stm32cube.ide.mcu.externaltools.gnu-tools-for-stm32.12.3.rel1.win32_1.0.100.202403111256/tools/bin/../lib/gcc/arm-none-eabi/12.3.1/../../../../arm-none-eabi/lib/thumb/v7e-m+fp/hard\libc_nano.a(libc_a-exit.o) (__stdio_exit_handler)
C:/ST/STM32CubeIDE_1.13.2/STM32CubeIDE/plugins/com.st.stm32cube.ide.mcu.externaltools.gnu-tools-for-stm32.12.3.rel1.win32_1.0.100.202403111256/tools/bin/../lib/gcc/arm-none-eabi/12.3.1/../../../../arm-none-eabi/lib/thumb/v7e-m+fp/hard\libc_nano.a(libc_a-fwalk.o)
                              C:/ST/STM32CubeIDE_1.13.2/STM32CubeIDE/plugins/com.st.stm32cube.ide.mcu.externaltools.gnu-tools-for-stm32.12.3.rel1.win32_1.0.100.202403111256/tools/bin/../lib/gcc/arm-none-eabi/12.3.1/../../../../arm-none-eabi/lib/thumb/v7e-m+fp/hard\libc_nano.a(libc_a-findfp.o) (_fwalk_sglue)
C:/ST/STM32CubeIDE_1.13.2/STM32CubeIDE/plugins/com.st.stm32cube.ide.mcu.externaltools.gnu-tools-for-stm32.12.3.rel1.win32_1.0.100.202403111256/tools/bin/../lib/gcc/arm-none-eabi/12.3.1/../../../../arm-none-eabi/lib/thumb/v7e-m+fp/hard\libc_nano.a(libc_a-stdio.o)
                              C:/ST/STM32CubeIDE_1.13.2/STM32CubeIDE/plugins/com.st.stm32cube.ide.mcu.externaltools.gnu-tools-for-stm32.12.3.rel1.win32_1.0.100.202403111256/tools/bin/../lib/gcc/arm-none-eabi/12.3.1/../../../../arm-none-eabi/lib/thumb/v7e-m+fp/hard\libc_nano.a(libc_a-findfp.o) (__sread)
C:/ST/STM32CubeIDE_1.13.2/STM32CubeIDE/plugins/com.st.stm32cube.ide.mcu.externaltools.gnu-tools-for-stm32.12.3.rel1.win32_1.0.100.202403111256/tools/bin/../lib/gcc/arm-none-eabi/12.3.1/../../../../arm-none-eabi/lib/thumb/v7e-m+fp/hard\libc_nano.a(libc_a-memset.o)
                              C:/ST/STM32CubeIDE_1.13.2/STM32CubeIDE/plugins/com.st.stm32cube.ide.mcu.externaltools.gnu-tools-for-stm32.12.3.rel1.win32_1.0.100.202403111256/tools/bin/../lib/gcc/arm-none-eabi/12.3.1/../../../../arm-none-eabi/lib/thumb/v7e-m+fp/hard/crt0.o (memset)
C:/ST/STM32CubeIDE_1.13.2/STM32CubeIDE/plugins/com.st.stm32cube.ide.mcu.externaltools.gnu-tools-for-stm32.12.3.rel1.win32_1.0.100.202403111256/tools/bin/../lib/gcc/arm-none-eabi/12.3.1/../../../../arm-none-eabi/lib/thumb/v7e-m+fp/hard\libc_nano.a(libc_a-closer.o)
                              C:/ST/STM32CubeIDE_1.13.2/STM32CubeIDE/plugins/com.st.stm32cube.ide.mcu.externaltools.gnu-tools-for-stm32.12.3.rel1.win32_1.0.100.202403111256/tools/bin/../lib/gcc/arm-none-eabi/12.3.1/../../../../arm-none-eabi/lib/thumb/v7e-m+fp/hard\libc_nano.a(libc_a-stdio.o) (_close_r)
C:/ST/STM32CubeIDE_1.13.2/STM32CubeIDE/plugins/com.st.stm32cube.ide.mcu.externaltools.gnu-tools-for-stm32.12.3.rel1.win32_1.0.100.202403111256/tools/bin/../lib/gcc/arm-none-eabi/12.3.1/../../../../arm-none-eabi/lib/thumb/v7e-m+fp/hard\libc_nano.a(libc_a-reent.o)
                              C:/ST/STM32CubeIDE_1.13.2/STM32CubeIDE/plugins/com.st.stm32cube.ide.mcu.externaltools.gnu-tools-for-stm32.12.3.rel1.win32_1.0.100.202403111256/tools/bin/../lib/gcc/arm-none-eabi/12.3.1/../../../../arm-none-eabi/lib/thumb/v7e-m+fp/hard\libc_nano.a(libc_a-closer.o) (errno)
C:/ST/STM32CubeIDE_1.13.2/STM32CubeIDE/plugins/com.st.stm32cube.ide.mcu.externaltools.gnu-tools-for-stm32.12.3.rel1.win32_1.0.100.202403111256/tools/bin/../lib/gcc/arm-none-eabi/12.3.1/../../../../arm-none-eabi/lib/thumb/v7e-m+fp/hard\libc_nano.a(libc_a-impure.o)
                              C:/ST/STM32CubeIDE_1.13.2/STM32CubeIDE/plugins/com.st.stm32cube.ide.mcu.externaltools.gnu-tools-for-stm32.12.3.rel1.win32_1.0.100.202403111256/tools/bin/../lib/gcc/arm-none-eabi/12.3.1/../../../../arm-none-eabi/lib/thumb/v7e-m+fp/hard\libc_nano.a(libc_a-reent.o) (_impure_ptr)
C:/ST/STM32CubeIDE_1.13.2/STM32CubeIDE/plugins/com.st.stm32cube.ide.mcu.externaltools.gnu-tools-for-stm32.12.3.rel1.win32_1.0.100.202403111256/tools/bin/../lib/gcc/arm-none-eabi/12.3.1/../../../../arm-none-eabi/lib/thumb/v7e-m+fp/hard\libc_nano.a(libc_a-lseekr.o)
[...]
Memory Configuration

Name             Origin             Length             Attributes
RAM              0x20000000         0x00020000         xrw
FLASH            0x08000000         0x00080000         xr
*default*        0x00000000         0xffffffff

Linker script and memory map

LOAD C:/ST/STM32CubeIDE_1.13.2/STM32CubeIDE/plugins/com.st.stm32cube.ide.mcu.externaltools.gnu-tools-for-stm32.12.3.rel1.win32_1.0.100.202403111256/tools/bin/../lib/gcc/arm-none-eabi/12.3.1/thumb/v7e-m+fp/hard/crti.o
LOAD C:/ST/STM32CubeIDE_1.13.2/STM32CubeIDE/plugins/com.st.stm32cube.ide.mcu.externaltools.gnu-tools-for-stm32.12.3.rel1.win32_1.0.100.202403111256/tools/bin/../lib/gcc/arm-none-eabi/12.3.1/thumb/v7e-m+fp/hard/crtbegin.o
LOAD C:/ST/STM32CubeIDE_1.13.2/STM32CubeIDE/plugins/com.st.stm32cube.ide.mcu.externaltools.gnu-tools-for-stm32.12.3.rel1.win32_1.0.100.202403111256/tools/bin/../lib/gcc/arm-none-eabi/12.3.1/../../../../arm-none-eabi/lib/thumb/v7e-m+fp/hard/crt0.o
LOAD ./Core/Src/ModBusRTU.o
LOAD ./Core/Src/main.o
LOAD ./Core/Src/stm32g4xx_hal_msp.o
LOAD ./Core/Src/stm32g4xx_it.o
LOAD ./Core/Src/syscalls.o
LOAD ./Core/Src/sysmem.o
LOAD ./Core/Src/system_stm32g4xx.o
LOAD ./Core/Startup/startup_stm32g474retx.o
LOAD ./Drivers/STM32G4xx_HAL_Driver/Src/stm32g4xx_hal.o
LOAD ./Drivers/STM32G4xx_HAL_Driver/Src/stm32g4xx_hal_cortex.o
LOAD ./Drivers/STM32G4xx_HAL_Driver/Src/stm32g4xx_hal_dma.o
LOAD ./Drivers/STM32G4xx_HAL_Driver/Src/stm32g4xx_hal_dma_ex.o
LOAD ./Drivers/STM32G4xx_HAL_Driver/Src/stm32g4xx_hal_exti.o
LOAD ./Drivers/STM32G4xx_HAL_Driver/Src/stm32g4xx_hal_flash.o
LOAD ./Drivers/STM32G4xx_HAL_Driver/Src/stm32g4xx_hal_flash_ex.o
LOAD ./Drivers/STM32G4xx_HAL_Driver/Src/stm32g4xx_hal_flash_ramfunc.o
LOAD ./Drivers/STM32G4xx_HAL_Driver/Src/stm32g4xx_hal_gpio.o
LOAD ./Drivers/STM32G4xx_HAL_Driver/Src/stm32g4xx_hal_pwr.o
LOAD ./Drivers/STM32G4xx_HAL_Driver/Src/stm32g4xx_hal_pwr_ex.o
LOAD ./Drivers/STM32G4xx_HAL_Driver/Src/stm32g4xx_hal_rcc.o
LOAD ./Drivers/STM32G4xx_HAL_Driver/Src/stm32g4xx_hal_rcc_ex.o
LOAD ./Drivers/STM32G4xx_HAL_Driver/Src/stm32g4xx_hal_tim.o
LOAD ./Drivers/STM32G4xx_HAL_Driver/Src/stm32g4xx_hal_tim_ex.o
LOAD ./Drivers/STM32G4xx_HAL_Driver/Src/stm32g4xx_hal_uart.o
LOAD ./Drivers/STM32G4xx_HAL_Driver/Src/stm32g4xx_hal_uart_ex.o
START GROUP
LOAD C:/ST/STM32CubeIDE_1.13.2/STM32CubeIDE/plugins/com.st.stm32cube.ide.mcu.externaltools.gnu-tools-for-stm32.12.3.rel1.win32_1.0.100.202403111256/tools/bin/../lib/gcc/arm-none-eabi/12.3.1/../../../../arm-none-eabi/lib/thumb/v7e-m+fp/hard\libc_nano.a
LOAD C:/ST/STM32CubeIDE_1.13.2/STM32CubeIDE/plugins/com.st.stm32cube.ide.mcu.externaltools.gnu-tools-for-stm32.12.3.rel1.win32_1.0.100.202403111256/tools/bin/../lib/gcc/arm-none-eabi/12.3.1/../../../../arm-none-eabi/lib/thumb/v7e-m+fp/hard\libm.a
END GROUP
START GROUP
LOAD C:/ST/STM32CubeIDE_1.13.2/STM32CubeIDE/plugins/com.st.stm32cube.ide.mcu.externaltools.gnu-tools-for-stm32.12.3.rel1.win32_1.0.100.202403111256/tools/bin/../lib/gcc/arm-none-eabi/12.3.1/thumb/v7e-m+fp/hard\libgcc.a
LOAD C:/ST/STM32CubeIDE_1.13.2/STM32CubeIDE/plugins/com.st.stm32cube.ide.mcu.externaltools.gnu-tools-for-stm32.12.3.rel1.win32_1.0.100.202403111256/tools/bin/../lib/gcc/arm-none-eabi/12.3.1/../../../../arm-none-eabi/lib/thumb/v7e-m+fp/hard\libc_nano.a
END GROUP
START GROUP
LOAD C:/ST/STM32CubeIDE_1.13.2/STM32CubeIDE/plugins/com.st.stm32cube.ide.mcu.externaltools.gnu-tools-for-stm32.12.3.rel1.win32_1.0.100.202403111256/tools/bin/../lib/gcc/arm-none-eabi/12.3.1/thumb/v7e-m+fp/hard\libgcc.a
LOAD C:/ST/STM32CubeIDE_1.13.2/STM32CubeIDE/plugins/com.st.stm32cube.ide.mcu.externaltools.gnu-tools-for-stm32.12.3.rel1.win32_1.0.100.202403111256/tools/bin/../lib/gcc/arm-none-eabi/12.3.1/../../../../arm-none-eabi/lib/thumb/v7e-m+fp/hard\libc_nano.a
LOAD C:/ST/STM32CubeIDE_1.13.2/STM32CubeIDE/plugins/com.st.stm32cube.ide.mcu.externaltools.gnu-tools-for-stm32.12.3.rel1.win32_1.0.100.202403111256/tools/bin/../lib/gcc/arm-none-eabi/12.3.1/../../../../arm-none-eabi/lib/thumb/v7e-m+fp/hard\libnosys.a
END GROUP
START GROUP
LOAD C:/ST/STM32CubeIDE_1.13.2/STM32CubeIDE/plugins/com.st.stm32cube.ide.mcu.externaltools.gnu-tools-for-stm32.12.3.rel1.win32_1.0.100.202403111256/tools/bin/../lib/gcc/arm-none-eabi/12.3.1/thumb/v7e-m+fp/hard\libgcc.a
LOAD C:/ST/STM32CubeIDE_1.13.2/STM32CubeIDE/plugins/com.st.stm32cube.ide.mcu.externaltools.gnu-tools-for-stm32.12.3.rel1.win32_1.0.100.202403111256/tools/bin/../lib/gcc/arm-none-eabi/12.3.1/../../../../arm-none-eabi/lib/thumb/v7e-m+fp/hard\libc_nano.a
LOAD C:/ST/STM32CubeIDE_1.13.2/STM32CubeIDE/plugins/com.st.stm32cube.ide.mcu.externaltools.gnu-tools-for-stm32.12.3.rel1.win32_1.0.100.202403111256/tools/bin/../lib/gcc/arm-none-eabi/12.3.1/../../../../arm-none-eabi/lib/thumb/v7e-m+fp/hard\libnosys.a
END GROUP
LOAD C:/ST/STM32CubeIDE_1.13.2/STM32CubeIDE/plugins/com.st.stm32cube.ide.mcu.externaltools.gnu-tools-for-stm32.12.3.rel1.win32_1.0.100.202403111256/tools/bin/../lib/gcc/arm-none-eabi/12.3.1/thumb/v7e-m+fp/hard/crtend.o
LOAD C:/ST/STM32CubeIDE_1.13.2/STM32CubeIDE/plugins/com.st.stm32cube.ide.mcu.externaltools.gnu-tools-for-stm32.12.3.rel1.win32_1.0.100.202403111256/tools/bin/../lib/gcc/arm-none-eabi/12.3.1/thumb/v7e-m+fp/hard/crtn.o
                0x20020000                        _estack = (ORIGIN (RAM) + LENGTH (RAM))
                0x00000200                        _Min_Heap_Size = 0x200
                0x00000400                        _Min_Stack_Size = 0x400

.isr_vector     0x08000000      0x1d8
                0x08000000                        . = ALIGN (0x4)
 *(.isr_vector)
 .isr_vector    0x08000000      0x1d8 ./Core/Startup/startup_stm32g474retx.o
                0x08000000                g_pfnVectors
                0x080001d8                        . = ALIGN (0x4)

.text           0x080001d8     0x6244
                0x080001d8                        . = ALIGN (0x4)
 *(.text)
 .text          0x080001d8       0x40 C:/ST/STM32CubeIDE_1.13.2/STM32CubeIDE/plugins/com.st.stm32cube.ide.mcu.externaltools.gnu-tools-for-stm32.12.3.rel1.win32_1.0.100.202403111256/tools/bin/../lib/gcc/arm-none-eabi/12.3.1/thumb/v7e-m+fp/hard/crtbegin.o
 .text          0x08000218       0x30 C:/ST/STM32CubeIDE_1.13.2/STM32CubeIDE/plugins/com.st.stm32cube.ide.mcu.externaltools.gnu-tools-for-stm32.12.3.rel1.win32_1.0.100.202403111256/tools/bin/../lib/gcc/arm-none-eabi/12.3.1/thumb/v7e-m+fp/hard\libgcc.a(_aeabi_uldivmod.o)
                0x08000218                __aeabi_uldivmod
 .text          0x08000248      0x2bc C:/ST/STM32CubeIDE_1.13.2/STM32CubeIDE/plugins/com.st.stm32cube.ide.mcu.externaltools.gnu-tools-for-stm32.12.3.rel1.win32_1.0.100.202403111256/tools/bin/../lib/gcc/arm-none-eabi/12.3.1/thumb/v7e-m+fp/hard\libgcc.a(_udivmoddi4.o)
                0x08000248                __udivmoddi4
 .text          0x08000504        0x4 C:/ST/STM32CubeIDE_1.13.2/STM32CubeIDE/plugins/com.st.stm32cube.ide.mcu.externaltools.gnu-tools-for-stm32.12.3.rel1.win32_1.0.100.202403111256/tools/bin/../lib/gcc/arm-none-eabi/12.3.1/thumb/v7e-m+fp/hard\libgcc.a(_dvmd_tls.o)
                0x08000504                __aeabi_idiv0
                0x08000504                __aeabi_ldiv0
 *(.text*)
 .text.modbus_1t5_Timeout
                0x08000508       0x40 ./Core/Src/ModBusRTU.o
                0x08000508                modbus_1t5_Timeout
 .text.modbus_3t5_Timeout
                0x08000548       0x20 ./Core/Src/ModBusRTU.o
                0x08000548                modbus_3t5_Timeout
 .text.modbus_ErrorTimeout
                0x08000568       0x20 ./Core/Src/ModBusRTU.o
                0x08000568                modbus_ErrorTimeout
 .text.Modbus_init
                0x08000588       0xac ./Core/Src/ModBusRTU.o
                0x08000588                Modbus_init
 .text.CRC16    0x08000634       0x6c ./Core/Src/ModBusRTU.o
                0x08000634                CRC16
 .text.Modbus_Protocal_Worker
                0x080006a0      0x204 ./Core/Src/ModBusRTU.o
                0x080006a0                Modbus_Protocal_Worker
 .text.modbusWrite1Register
                0x080008a4       0x80 ./Core/Src/ModBusRTU.o
                0x080008a4                modbusWrite1Register
 .text.modbusRead1Register
                0x08000924       0xec ./Core/Src/ModBusRTU.o
                0x08000924                modbusRead1Register
 .text.ModbusErrorReply
                0x08000a10       0x44 ./Core/Src/ModBusRTU.o
                0x08000a10                ModbusErrorReply
 .text.Modbus_frame_response
                0x08000a54       0x30 ./Core/Src/ModBusRTU.o
                0x08000a54                Modbus_frame_response
 .text.Modbus_Emission
                0x08000a84       0xec ./Core/Src/ModBusRTU.o
                0x08000a84                Modbus_Emission
 .text.main     0x08000b70      0x26c ./Core/Src/main.o
                0x08000b70                main
 .text.SystemClock_Config
                0x08000ddc       0x96 ./Core/Src/main.o
                0x08000ddc                SystemClock_Config
 *fill*         0x08000e72        0x2 
 .text.MX_TIM5_Init
                0x08000e74       0x9c ./Core/Src/main.o
 .text.MX_TIM16_Init
                0x08000f10       0x60 ./Core/Src/main.o
 .text.MX_USART2_UART_Init
                0x08000f70       0x9c ./Core/Src/main.o
 .text.MX_DMA_Init
                0x0800100c       0x64 ./Core/Src/main.o
 .text.MX_GPIO_Init
                0x08001070       0xdc ./Core/Src/main.o
 .text.HomeGoTo
                0x0800114c       0x20 ./Core/Src/main.o
                0x0800114c                HomeGoTo
 .text.JogModeGoTo
                0x0800116c       0x88 ./Core/Src/main.o
                0x0800116c                JogModeGoTo
 .text.PointModeGoTo
                0x080011f4       0x20 ./Core/Src/main.o
                0x080011f4                PointModeGoTo
 .text.convert_to_string
                0x08001214       0x6c ./Core/Src/main.o
                0x08001214                convert_to_string
 .text.HAL_TIM_PeriodElapsedCallback
                0x08001280       0x2c ./Core/Src/main.o
                0x08001280                HAL_TIM_PeriodElapsedCallback
 .text.Error_Handler
                0x080012ac        0xc ./Core/Src/main.o
                0x080012ac                Error_Handler
 .text.HAL_MspInit
                0x080012b8       0x48 ./Core/Src/stm32g4xx_hal_msp.o
                0x080012b8                HAL_MspInit
 .text.HAL_TIM_Base_MspInit
                0x08001300       0x84 ./Core/Src/stm32g4xx_hal_msp.o
                0x08001300                HAL_TIM_Base_MspInit
 .text.HAL_UART_MspInit
                0x08001384      0x178 ./Core/Src/stm32g4xx_hal_msp.o
                0x08001384                HAL_UART_MspInit
 .text.NMI_Handler
                0x080014fc        0x8 ./Core/Src/stm32g4xx_it.o
                0x080014fc                NMI_Handler
 .text.HardFault_Handler
                0x08001504        0x8 ./Core/Src/stm32g4xx_it.o
                0x08001504                HardFault_Handler
 .text.MemManage_Handler
                0x0800150c        0x8 ./Core/Src/stm32g4xx_it.o
                0x0800150c                MemManage_Handler
 .text.BusFault_Handler
                0x08001514        0x8 ./Core/Src/stm32g4xx_it.o
                0x08001514                BusFault_Handler
 .text.UsageFault_Handler
                0x0800151c        0x8 ./Core/Src/stm32g4xx_it.o
                0x0800151c                UsageFault_Handler
 .text.SVC_Handler
                0x08001524        0xe ./Core/Src/stm32g4xx_it.o
                0x08001524                SVC_Handler
 .text.DebugMon_Handler
                0x08001532        0xe ./Core/Src/stm32g4xx_it.o
                0x08001532                DebugMon_Handler
 .text.PendSV_Handler
                0x08001540        0xe ./Core/Src/stm32g4xx_it.o
                0x08001540                PendSV_Handler
 .text.SysTick_Handler
                0x0800154e        0xc ./Core/Src/stm32g4xx_it.o
                0x0800154e                SysTick_Handler
 *fill*         0x0800155a        0x2 
 .text.DMA1_Channel1_IRQHandler
                0x0800155c       0x14 ./Core/Src/stm32g4xx_it.o
                0x0800155c                DMA1_Channel1_IRQHandler
 .text.DMA1_Channel2_IRQHandler
                0x08001570       0x14 ./Core/Src/stm32g4xx_it.o
                0x08001570                DMA1_Channel2_IRQHandler
 .text.TIM1_UP_TIM16_IRQHandler
                0x08001584       0x14 ./Core/Src/stm32g4xx_it.o
                0x08001584                TIM1_UP_TIM16_IRQHandler
 .text.USART2_IRQHandler
                0x08001598       0x14 ./Core/Src/stm32g4xx_it.o
                0x08001598                USART2_IRQHandler
 .text.EXTI15_10_IRQHandler
                0x080015ac       0x10 ./Core/Src/stm32g4xx_it.o
                0x080015ac                EXTI15_10_IRQHandler
 .text.TIM5_IRQHandler
                0x080015bc       0x14 ./Core/Src/stm32g4xx_it.o
                0x080015bc                TIM5_IRQHandler
 .text.SystemInit
                0x080015d0       0x24 ./Core/Src/system_stm32g4xx.o
                0x080015d0                SystemInit
 .text.Reset_Handler
                0x080015f4       0x50 ./Core/Startup/startup_stm32g474retx.o
                0x080015f4                Reset_Handler
 .text.Default_Handler
                0x08001644        0x2 ./Core/Startup/startup_stm32g474retx.o
                0x08001644                RTC_Alarm_IRQHandler
                0x08001644                EXTI2_IRQHandler
                0x08001644                TIM8_TRG_COM_IRQHandler
                0x08001644                TIM8_CC_IRQHandler
                0x08001644                HRTIM1_Master_IRQHandler
                0x08001644                SPI4_IRQHandler
                0x08001644                FDCAN3_IT0_IRQHandler
                0x08001644                TIM1_CC_IRQHandler
                0x08001644                HRTIM1_FLT_IRQHandler
                0x08001644                HRTIM1_TIMF_IRQHandler
                0x08001644                USB_HP_IRQHandler
                0x08001644                CORDIC_IRQHandler
                0x08001644                HRTIM1_TIMD_IRQHandler
                0x08001644                DMA2_Channel8_IRQHandler
                0x08001644                EXTI3_IRQHandler
                0x08001644                I2C3_ER_IRQHandler
                0x08001644                EXTI0_IRQHandler
                0x08001644                I2C2_EV_IRQHandler
                0x08001644                FPU_IRQHandler
                0x08001644                FDCAN1_IT1_IRQHandler
                0x08001644                ADC1_2_IRQHandler
                0x08001644                HRTIM1_TIME_IRQHandler
                0x08001644                SPI1_IRQHandler
                0x08001644                TIM6_DAC_IRQHandler
                0x08001644                HRTIM1_TIMC_IRQHandler
                0x08001644                TIM8_UP_IRQHandler
                0x08001644                DMA2_Channel2_IRQHandler
                0x08001644                DMA1_Channel4_IRQHandler
                0x08001644                TIM20_TRG_COM_IRQHandler
                0x08001644                USART3_IRQHandler
                0x08001644                DMA1_Channel7_IRQHandler
                0x08001644                UART5_IRQHandler
                0x08001644                ADC3_IRQHandler
                0x08001644                TIM4_IRQHandler
                0x08001644                DMA2_Channel1_IRQHandler
                0x08001644                QUADSPI_IRQHandler
                0x08001644                I2C1_EV_IRQHandler
                0x08001644                DMA1_Channel6_IRQHandler
                0x08001644                UART4_IRQHandler
                0x08001644                DMA2_Channel4_IRQHandler
                0x08001644                TIM3_IRQHandler
                0x08001644                RCC_IRQHandler
                0x08001644                TIM20_UP_IRQHandler
                0x08001644                Default_Handler
                0x08001644                DMA2_Channel7_IRQHandler
                0x08001644                RTC_TAMP_LSECSS_IRQHandler
                0x08001644                FMAC_IRQHandler
                0x08001644                DMA1_Channel8_IRQHandler
                0x08001644                HRTIM1_TIMA_IRQHandler
                0x08001644                TIM7_DAC_IRQHandler
                0x08001644                FDCAN3_IT1_IRQHandler
                0x08001644                UCPD1_IRQHandler
                0x08001644                I2C3_EV_IRQHandler
                0x08001644                EXTI9_5_IRQHandler
                0x08001644                RTC_WKUP_IRQHandler
                0x08001644                PVD_PVM_IRQHandler
                0x08001644                SPI2_IRQHandler
                0x08001644                ADC5_IRQHandler
                0x08001644                DMA2_Channel5_IRQHandler
                0x08001644                CRS_IRQHandler
                0x08001644                DMA1_Channel5_IRQHandler
                0x08001644                USB_LP_IRQHandler
                0x08001644                EXTI4_IRQHandler
                0x08001644                RNG_IRQHandler
                0x08001644                HRTIM1_TIMB_IRQHandler
                0x08001644                TIM1_TRG_COM_TIM17_IRQHandler
                0x08001644                FDCAN2_IT1_IRQHandler
                0x08001644                DMA1_Channel3_IRQHandler
                0x08001644                ADC4_IRQHandler
                0x08001644                WWDG_IRQHandler
                0x08001644                I2C4_EV_IRQHandler
                0x08001644                FDCAN2_IT0_IRQHandler
                0x08001644                LPUART1_IRQHandler
                0x08001644                DMA2_Channel6_IRQHandler
                0x08001644                FDCAN1_IT0_IRQHandler
                0x08001644                TIM2_IRQHandler
                0x08001644                COMP7_IRQHandler
                0x08001644                COMP1_2_3_IRQHandler
                0x08001644                EXTI1_IRQHandler
                0x08001644                COMP4_5_6_IRQHandler
                0x08001644                TIM20_BRK_IRQHandler
                0x08001644                I2C2_ER_IRQHandler
                0x08001644                TIM8_BRK_IRQHandler
                0x08001644                FLASH_IRQHandler
                0x08001644                TIM20_CC_IRQHandler
                0x08001644                USART1_IRQHandler
                0x08001644                SPI3_IRQHandler
                0x08001644                I2C1_ER_IRQHandler
                0x08001644                FMC_IRQHandler
                0x08001644                LPTIM1_IRQHandler
                0x08001644                DMAMUX_OVR_IRQHandler
                0x08001644                I2C4_ER_IRQHandler
                0x08001644                USBWakeUp_IRQHandler
                0x08001644                SAI1_IRQHandler
                0x08001644                DMA2_Channel3_IRQHandler
                0x08001644                TIM1_BRK_TIM15_IRQHandler
 .text.HAL_Init
                0x08001646       0x30 ./Drivers/STM32G4xx_HAL_Driver/Src/stm32g4xx_hal.o
                0x08001646                HAL_Init
 *fill*         0x08001676        0x2 
 .text.HAL_InitTick
                0x08001678       0x74 ./Drivers/STM32G4xx_HAL_Driver/Src/stm32g4xx_hal.o
                0x08001678                HAL_InitTick
 .text.HAL_IncTick
                0x080016ec       0x24 ./Drivers/STM32G4xx_HAL_Driver/Src/stm32g4xx_hal.o
                0x080016ec                HAL_IncTick
 .text.HAL_GetTick
                0x08001710       0x18 ./Drivers/STM32G4xx_HAL_Driver/Src/stm32g4xx_hal.o
                0x08001710                HAL_GetTick
 .text.HAL_Delay
                0x08001728       0x44 ./Drivers/STM32G4xx_HAL_Driver/Src/stm32g4xx_hal.o
                0x08001728                HAL_Delay
 .text.__NVIC_SetPriorityGrouping
                0x0800176c       0x48 ./Drivers/STM32G4xx_HAL_Driver/Src/stm32g4xx_hal_cortex.o
 .text.__NVIC_GetPriorityGrouping
                0x080017b4       0x1c ./Drivers/STM32G4xx_HAL_Driver/Src/stm32g4xx_hal_cortex.o
 .text.__NVIC_EnableIRQ
                0x080017d0       0x3c ./Drivers/STM32G4xx_HAL_Driver/Src/stm32g4xx_hal_cortex.o
 .text.__NVIC_SetPriority
                0x0800180c       0x54 ./Drivers/STM32G4xx_HAL_Driver/Src/stm32g4xx_hal_cortex.o
 .text.NVIC_EncodePriority
                0x08001860       0x66 ./Drivers/STM32G4xx_HAL_Driver/Src/stm32g4xx_hal_cortex.o
 *fill*         0x080018c6        0x2 
 .text.SysTick_Config
                0x080018c8       0x44 ./Drivers/STM32G4xx_HAL_Driver/Src/stm32g4xx_hal_cortex.o
 .text.HAL_NVIC_SetPriorityGrouping
                0x0800190c       0x16 ./Drivers/STM32G4xx_HAL_Driver/Src/stm32g4xx_hal_cortex.o
                0x0800190c                HAL_NVIC_SetPriorityGrouping
 .text.HAL_NVIC_SetPriority
                0x08001922       0x34 ./Drivers/STM32G4xx_HAL_Driver/Src/stm32g4xx_hal_cortex.o
                0x08001922                HAL_NVIC_SetPriority
 .text.HAL_NVIC_EnableIRQ
                0x08001956       0x1c ./Drivers/STM32G4xx_HAL_Driver/Src/stm32g4xx_hal_cortex.o
                0x08001956                HAL_NVIC_EnableIRQ
 .text.HAL_SYSTICK_Config
                0x08001972       0x18 ./Drivers/STM32G4xx_HAL_Driver/Src/stm32g4xx_hal_cortex.o
                0x08001972                HAL_SYSTICK_Config
 *fill*         0x0800198a        0x2 
 .text.HAL_DMA_Init
                0x0800198c      0x150 ./Drivers/STM32G4xx_HAL_Driver/Src/stm32g4xx_hal_dma.o
                0x0800198c                HAL_DMA_Init
 .text.HAL_DMA_Start_IT
                0x08001adc       0xf6 ./Drivers/STM32G4xx_HAL_Driver/Src/stm32g4xx_hal_dma.o
                0x08001adc                HAL_DMA_Start_IT
 .text.HAL_DMA_Abort
                0x08001bd2       0xb2 ./Drivers/STM32G4xx_HAL_Driver/Src/stm32g4xx_hal_dma.o
                0x08001bd2                HAL_DMA_Abort
 .text.HAL_DMA_Abort_IT
                0x08001c84       0xce ./Drivers/STM32G4xx_HAL_Driver/Src/stm32g4xx_hal_dma.o
                0x08001c84                HAL_DMA_Abort_IT
 .text.HAL_DMA_IRQHandler
                0x08001d52      0x15e ./Drivers/STM32G4xx_HAL_Driver/Src/stm32g4xx_hal_dma.o
                0x08001d52                HAL_DMA_IRQHandler
 .text.DMA_SetConfig
                0x08001eb0       0x7c ./Drivers/STM32G4xx_HAL_Driver/Src/stm32g4xx_hal_dma.o
 .text.DMA_CalcDMAMUXChannelBaseAndMask
                0x08001f2c       0x7c ./Drivers/STM32G4xx_HAL_Driver/Src/stm32g4xx_hal_dma.o
 .text.DMA_CalcDMAMUXRequestGenBaseAndMask
                0x08001fa8       0x48 ./Drivers/STM32G4xx_HAL_Driver/Src/stm32g4xx_hal_dma.o
 .text.HAL_GPIO_Init
                0x08001ff0      0x304 ./Drivers/STM32G4xx_HAL_Driver/Src/stm32g4xx_hal_gpio.o
                0x08001ff0                HAL_GPIO_Init
 .text.HAL_GPIO_WritePin
                0x080022f4       0x30 ./Drivers/STM32G4xx_HAL_Driver/Src/stm32g4xx_hal_gpio.o
                0x080022f4                HAL_GPIO_WritePin
 .text.HAL_GPIO_EXTI_IRQHandler
                0x08002324       0x30 ./Drivers/STM32G4xx_HAL_Driver/Src/stm32g4xx_hal_gpio.o
                0x08002324                HAL_GPIO_EXTI_IRQHandler
 .text.HAL_GPIO_EXTI_Callback
                0x08002354       0x16 ./Drivers/STM32G4xx_HAL_Driver/Src/stm32g4xx_hal_gpio.o
                0x08002354                HAL_GPIO_EXTI_Callback
 *fill*         0x0800236a        0x2 
 .text.HAL_PWREx_ControlVoltageScaling
                0x0800236c      0x148 ./Drivers/STM32G4xx_HAL_Driver/Src/stm32g4xx_hal_pwr_ex.o
                0x0800236c                HAL_PWREx_ControlVoltageScaling
 .text.HAL_PWREx_DisableUCPDDeadBattery
                0x080024b4       0x20 ./Drivers/STM32G4xx_HAL_Driver/Src/stm32g4xx_hal_pwr_ex.o
                0x080024b4                HAL_PWREx_DisableUCPDDeadBattery
 .text.HAL_RCC_OscConfig
                0x080024d4      0x624 ./Drivers/STM32G4xx_HAL_Driver/Src/stm32g4xx_hal_rcc.o
                0x080024d4                HAL_RCC_OscConfig
 .text.HAL_RCC_ClockConfig
                0x08002af8      0x278 ./Drivers/STM32G4xx_HAL_Driver/Src/stm32g4xx_hal_rcc.o
                0x08002af8                HAL_RCC_ClockConfig
 .text.HAL_RCC_GetSysClockFreq
                0x08002d70       0xc4 ./Drivers/STM32G4xx_HAL_Driver/Src/stm32g4xx_hal_rcc.o
                0x08002d70                HAL_RCC_GetSysClockFreq
 .text.HAL_RCC_GetHCLKFreq
                0x08002e34       0x18 ./Drivers/STM32G4xx_HAL_Driver/Src/stm32g4xx_hal_rcc.o
                0x08002e34                HAL_RCC_GetHCLKFreq
 .text.HAL_RCC_GetPCLK1Freq
                0x08002e4c       0x2c ./Drivers/STM32G4xx_HAL_Driver/Src/stm32g4xx_hal_rcc.o
                0x08002e4c                HAL_RCC_GetPCLK1Freq
 .text.HAL_RCC_GetPCLK2Freq
                0x08002e78       0x2c ./Drivers/STM32G4xx_HAL_Driver/Src/stm32g4xx_hal_rcc.o
                0x08002e78                HAL_RCC_GetPCLK2Freq
 .text.RCC_GetSysClockFreqFromPLLSource
                0x08002ea4       0x8c ./Drivers/STM32G4xx_HAL_Driver/Src/stm32g4xx_hal_rcc.o
 .text.HAL_RCCEx_PeriphCLKConfig
                0x08002f30      0x49c ./Drivers/STM32G4xx_HAL_Driver/Src/stm32g4xx_hal_rcc_ex.o
                0x08002f30                HAL_RCCEx_PeriphCLKConfig
 .text.HAL_TIM_Base_Init
                0x080033cc       0xc8 ./Drivers/STM32G4xx_HAL_Driver/Src/stm32g4xx_hal_tim.o
                0x080033cc                HAL_TIM_Base_Init
 .text.HAL_TIM_Base_Start_IT
                0x08003494       0xf0 ./Drivers/STM32G4xx_HAL_Driver/Src/stm32g4xx_hal_tim.o
                0x08003494                HAL_TIM_Base_Start_IT
 .text.HAL_TIM_OnePulse_Init
                0x08003584       0xbc ./Drivers/STM32G4xx_HAL_Driver/Src/stm32g4xx_hal_tim.o
                0x08003584                HAL_TIM_OnePulse_Init
 .text.HAL_TIM_OnePulse_MspInit
                0x08003640       0x14 ./Drivers/STM32G4xx_HAL_Driver/Src/stm32g4xx_hal_tim.o
                0x08003640                HAL_TIM_OnePulse_MspInit
 .text.HAL_TIM_OnePulse_Start_IT
                0x08003654      0x11c ./Drivers/STM32G4xx_HAL_Driver/Src/stm32g4xx_hal_tim.o
                0x08003654                HAL_TIM_OnePulse_Start_IT
 .text.HAL_TIM_IRQHandler
                0x08003770      0x2f2 ./Drivers/STM32G4xx_HAL_Driver/Src/stm32g4xx_hal_tim.o
                0x08003770                HAL_TIM_IRQHandler
 *fill*         0x08003a62        0x2 
 .text.HAL_TIM_ConfigClockSource
                0x08003a64      0x22c ./Drivers/STM32G4xx_HAL_Driver/Src/stm32g4xx_hal_tim.o
                0x08003a64                HAL_TIM_ConfigClockSource
 .text.HAL_TIM_PeriodElapsedHalfCpltCallback
                0x08003c90       0x14 ./Drivers/STM32G4xx_HAL_Driver/Src/stm32g4xx_hal_tim.o
                0x08003c90                HAL_TIM_PeriodElapsedHalfCpltCallback
 .text.HAL_TIM_OC_DelayElapsedCallback
                0x08003ca4       0x14 ./Drivers/STM32G4xx_HAL_Driver/Src/stm32g4xx_hal_tim.o
                0x08003ca4                HAL_TIM_OC_DelayElapsedCallback
 .text.HAL_TIM_IC_CaptureCallback
                0x08003cb8       0x14 ./Drivers/STM32G4xx_HAL_Driver/Src/stm32g4xx_hal_tim.o
                0x08003cb8                HAL_TIM_IC_CaptureCallback
 .text.HAL_TIM_IC_CaptureHalfCpltCallback
                0x08003ccc       0x14 ./Drivers/STM32G4xx_HAL_Driver/Src/stm32g4xx_hal_tim.o
                0x08003ccc                HAL_TIM_IC_CaptureHalfCpltCallback
 .text.HAL_TIM_PWM_PulseFinishedCallback
                0x08003ce0       0x14 ./Drivers/STM32G4xx_HAL_Driver/Src/stm32g4xx_hal_tim.o
                0x08003ce0                HAL_TIM_PWM_PulseFinishedCallback
 .text.HAL_TIM_PWM_PulseFinishedHalfCpltCallback
                0x08003cf4       0x14 ./Drivers/STM32G4xx_HAL_Driver/Src/stm32g4xx_hal_tim.o
                0x08003cf4                HAL_TIM_PWM_PulseFinishedHalfCpltCallback
 .text.HAL_TIM_TriggerCallback
                0x08003d08       0x14 ./Drivers/STM32G4xx_HAL_Driver/Src/stm32g4xx_hal_tim.o
                0x08003d08                HAL_TIM_TriggerCallback
 .text.HAL_TIM_TriggerHalfCpltCallback
                0x08003d1c       0x14 ./Drivers/STM32G4xx_HAL_Driver/Src/stm32g4xx_hal_tim.o
                0x08003d1c                HAL_TIM_TriggerHalfCpltCallback
 .text.HAL_TIM_ErrorCallback
                0x08003d30       0x14 ./Drivers/STM32G4xx_HAL_Driver/Src/stm32g4xx_hal_tim.o
                0x08003d30                HAL_TIM_ErrorCallback
 .text.HAL_TIM_RegisterCallback
                0x08003d44      0x2c0 ./Drivers/STM32G4xx_HAL_Driver/Src/stm32g4xx_hal_tim.o
                0x08003d44                HAL_TIM_RegisterCallback
 .text.TIM_Base_SetConfig
                0x08004004      0x168 ./Drivers/STM32G4xx_HAL_Driver/Src/stm32g4xx_hal_tim.o
                0x08004004                TIM_Base_SetConfig
 .text.TIM_TI1_ConfigInputStage
                0x0800416c       0x5e ./Drivers/STM32G4xx_HAL_Driver/Src/stm32g4xx_hal_tim.o
 .text.TIM_TI2_ConfigInputStage
                0x080041ca       0x60 ./Drivers/STM32G4xx_HAL_Driver/Src/stm32g4xx_hal_tim.o
 .text.TIM_ITRx_SetConfig
                0x0800422a       0x3a ./Drivers/STM32G4xx_HAL_Driver/Src/stm32g4xx_hal_tim.o
 .text.TIM_ETR_SetConfig
                0x08004264       0x40 ./Drivers/STM32G4xx_HAL_Driver/Src/stm32g4xx_hal_tim.o
                0x08004264                TIM_ETR_SetConfig
 .text.TIM_CCxChannelCmd
                0x080042a4       0x4a ./Drivers/STM32G4xx_HAL_Driver/Src/stm32g4xx_hal_tim.o
                0x080042a4                TIM_CCxChannelCmd
 *fill*         0x080042ee        0x2 
 .text.TIM_ResetCallback
                0x080042f0       0xec ./Drivers/STM32G4xx_HAL_Driver/Src/stm32g4xx_hal_tim.o
                0x080042f0                TIM_ResetCallback
 .text.HAL_TIMEx_MasterConfigSynchronization
                0x080043dc      0x12c ./Drivers/STM32G4xx_HAL_Driver/Src/stm32g4xx_hal_tim_ex.o
                0x080043dc                HAL_TIMEx_MasterConfigSynchronization
 .text.HAL_TIMEx_CommutCallback
                0x08004508       0x14 ./Drivers/STM32G4xx_HAL_Driver/Src/stm32g4xx_hal_tim_ex.o
                0x08004508                HAL_TIMEx_CommutCallback
 .text.HAL_TIMEx_CommutHalfCpltCallback
                0x0800451c       0x14 ./Drivers/STM32G4xx_HAL_Driver/Src/stm32g4xx_hal_tim_ex.o
                0x0800451c                HAL_TIMEx_CommutHalfCpltCallback
 .text.HAL_TIMEx_BreakCallback
                0x08004530       0x14 ./Drivers/STM32G4xx_HAL_Driver/Src/stm32g4xx_hal_tim_ex.o
                0x08004530                HAL_TIMEx_BreakCallback
 .text.HAL_TIMEx_Break2Callback
                0x08004544       0x14 ./Drivers/STM32G4xx_HAL_Driver/Src/stm32g4xx_hal_tim_ex.o
                0x08004544                HAL_TIMEx_Break2Callback
 .text.HAL_TIMEx_EncoderIndexCallback
                0x08004558       0x14 ./Drivers/STM32G4xx_HAL_Driver/Src/stm32g4xx_hal_tim_ex.o
                0x08004558                HAL_TIMEx_EncoderIndexCallback
 .text.HAL_TIMEx_DirectionChangeCallback
                0x0800456c       0x14 ./Drivers/STM32G4xx_HAL_Driver/Src/stm32g4xx_hal_tim_ex.o
                0x0800456c                HAL_TIMEx_DirectionChangeCallback
 .text.HAL_TIMEx_IndexErrorCallback
                0x08004580       0x14 ./Drivers/STM32G4xx_HAL_Driver/Src/stm32g4xx_hal_tim_ex.o
                0x08004580                HAL_TIMEx_IndexErrorCallback
 .text.HAL_TIMEx_TransitionErrorCallback
                0x08004594       0x14 ./Drivers/STM32G4xx_HAL_Driver/Src/stm32g4xx_hal_tim_ex.o
                0x08004594                HAL_TIMEx_TransitionErrorCallback
 .text.HAL_UART_Init
                0x080045a8       0xc0 ./Drivers/STM32G4xx_HAL_Driver/Src/stm32g4xx_hal_uart.o
                0x080045a8                HAL_UART_Init
 .text.HAL_UART_RegisterCallback
                0x08004668      0x174 ./Drivers/STM32G4xx_HAL_Driver/Src/stm32g4xx_hal_uart.o
                0x08004668                HAL_UART_RegisterCallback
 .text.HAL_UART_Transmit_DMA
                0x080047dc      0x100 ./Drivers/STM32G4xx_HAL_Driver/Src/stm32g4xx_hal_uart.o
                0x080047dc                HAL_UART_Transmit_DMA
 .text.HAL_UART_Receive_DMA
                0x080048dc       0x98 ./Drivers/STM32G4xx_HAL_Driver/Src/stm32g4xx_hal_uart.o
                0x080048dc                HAL_UART_Receive_DMA
 .text.HAL_UART_IRQHandler
                0x08004974      0x668 ./Drivers/STM32G4xx_HAL_Driver/Src/stm32g4xx_hal_uart.o
                0x08004974                HAL_UART_IRQHandler
 .text.HAL_UART_TxCpltCallback
                0x08004fdc       0x14 ./Drivers/STM32G4xx_HAL_Driver/Src/stm32g4xx_hal_uart.o
                0x08004fdc                HAL_UART_TxCpltCallback
 .text.HAL_UART_TxHalfCpltCallback
                0x08004ff0       0x14 ./Drivers/STM32G4xx_HAL_Driver/Src/stm32g4xx_hal_uart.o
                0x08004ff0                HAL_UART_TxHalfCpltCallback
 .text.HAL_UART_RxCpltCallback
                0x08005004       0x14 ./Drivers/STM32G4xx_HAL_Driver/Src/stm32g4xx_hal_uart.o
                0x08005004                HAL_UART_RxCpltCallback
 .text.HAL_UART_RxHalfCpltCallback
                0x08005018       0x14 ./Drivers/STM32G4xx_HAL_Driver/Src/stm32g4xx_hal_uart.o
                0x08005018                HAL_UART_RxHalfCpltCallback
 .text.HAL_UART_ErrorCallback
                0x0800502c       0x14 ./Drivers/STM32G4xx_HAL_Driver/Src/stm32g4xx_hal_uart.o
                0x0800502c                HAL_UART_ErrorCallback
 .text.HAL_UART_AbortCpltCallback
                0x08005040       0x14 ./Drivers/STM32G4xx_HAL_Driver/Src/stm32g4xx_hal_uart.o
                0x08005040                HAL_UART_AbortCpltCallback
 .text.HAL_UART_AbortTransmitCpltCallback
                0x08005054       0x14 ./Drivers/STM32G4xx_HAL_Driver/Src/stm32g4xx_hal_uart.o
                0x08005054                HAL_UART_AbortTransmitCpltCallback
 .text.HAL_UART_AbortReceiveCpltCallback
                0x08005068       0x14 ./Drivers/STM32G4xx_HAL_Driver/Src/stm32g4xx_hal_uart.o
                0x08005068                HAL_UART_AbortReceiveCpltCallback
 .text.HAL_UARTEx_RxEventCallback
                0x0800507c       0x18 ./Drivers/STM32G4xx_HAL_Driver/Src/stm32g4xx_hal_uart.o
                0x0800507c                HAL_UARTEx_RxEventCallback
 .text.HAL_UART_ReceiverTimeout_Config
                0x08005094       0x38 ./Drivers/STM32G4xx_HAL_Driver/Src/stm32g4xx_hal_uart.o
                0x08005094                HAL_UART_ReceiverTimeout_Config
 .text.HAL_UART_EnableReceiverTimeout
                0x080050cc       0x74 ./Drivers/STM32G4xx_HAL_Driver/Src/stm32g4xx_hal_uart.o
                0x080050cc                HAL_UART_EnableReceiverTimeout
 .text.HAL_UART_GetError
                0x08005140       0x1a ./Drivers/STM32G4xx_HAL_Driver/Src/stm32g4xx_hal_uart.o
                0x08005140                HAL_UART_GetError
 *fill*         0x0800515a        0x2 
 .text.UART_InitCallbacksToDefault
                0x0800515c       0xa4 ./Drivers/STM32G4xx_HAL_Driver/Src/stm32g4xx_hal_uart.o
                0x0800515c                UART_InitCallbacksToDefault
 .text.UART_SetConfig
                0x08005200      0x5f8 ./Drivers/STM32G4xx_HAL_Driver/Src/stm32g4xx_hal_uart.o
                0x08005200                UART_SetConfig
 .text.UART_AdvFeatureConfig
                0x080057f8      0x144 ./Drivers/STM32G4xx_HAL_Driver/Src/stm32g4xx_hal_uart.o
                0x080057f8                UART_AdvFeatureConfig
 .text.UART_CheckIdleState
                0x0800593c      0x154 ./Drivers/STM32G4xx_HAL_Driver/Src/stm32g4xx_hal_uart.o
                0x0800593c                UART_CheckIdleState
 .text.UART_WaitOnFlagUntilTimeout
                0x08005a90       0xda ./Drivers/STM32G4xx_HAL_Driver/Src/stm32g4xx_hal_uart.o
                0x08005a90                UART_WaitOnFlagUntilTimeout
 *fill*         0x08005b6a        0x2 
 .text.UART_Start_Receive_DMA
                0x08005b6c      0x14c ./Drivers/STM32G4xx_HAL_Driver/Src/stm32g4xx_hal_uart.o
                0x08005b6c                UART_Start_Receive_DMA
 .text.UART_EndTxTransfer
                0x08005cb8       0x82 ./Drivers/STM32G4xx_HAL_Driver/Src/stm32g4xx_hal_uart.o
 .text.UART_EndRxTransfer
                0x08005d3a       0xcc ./Drivers/STM32G4xx_HAL_Driver/Src/stm32g4xx_hal_uart.o
 .text.UART_DMATransmitCplt
                0x08005e06       0x9e ./Drivers/STM32G4xx_HAL_Driver/Src/stm32g4xx_hal_uart.o
 .text.UART_DMATxHalfCplt
                0x08005ea4       0x20 ./Drivers/STM32G4xx_HAL_Driver/Src/stm32g4xx_hal_uart.o
 .text.UART_DMAReceiveCplt
                0x08005ec4      0x134 ./Drivers/STM32G4xx_HAL_Driver/Src/stm32g4xx_hal_uart.o
 .text.UART_DMARxHalfCplt
                0x08005ff8       0x46 ./Drivers/STM32G4xx_HAL_Driver/Src/stm32g4xx_hal_uart.o
 .text.UART_DMAError
                0x0800603e       0x84 ./Drivers/STM32G4xx_HAL_Driver/Src/stm32g4xx_hal_uart.o
 .text.UART_DMAAbortOnError
                0x080060c2       0x30 ./Drivers/STM32G4xx_HAL_Driver/Src/stm32g4xx_hal_uart.o
 .text.UART_EndTransmit_IT
                0x080060f2       0x5a ./Drivers/STM32G4xx_HAL_Driver/Src/stm32g4xx_hal_uart.o
 .text.HAL_UARTEx_WakeupCallback
                0x0800614c       0x14 ./Drivers/STM32G4xx_HAL_Driver/Src/stm32g4xx_hal_uart_ex.o
                0x0800614c                HAL_UARTEx_WakeupCallback
 .text.HAL_UARTEx_RxFifoFullCallback
                0x08006160       0x14 ./Drivers/STM32G4xx_HAL_Driver/Src/stm32g4xx_hal_uart_ex.o
                0x08006160                HAL_UARTEx_RxFifoFullCallback
 .text.HAL_UARTEx_TxFifoEmptyCallback
                0x08006174       0x14 ./Drivers/STM32G4xx_HAL_Driver/Src/stm32g4xx_hal_uart_ex.o
                0x08006174                HAL_UARTEx_TxFifoEmptyCallback
 .text.HAL_UARTEx_DisableFifoMode
                0x08006188       0x72 ./Drivers/STM32G4xx_HAL_Driver/Src/stm32g4xx_hal_uart_ex.o
                0x08006188                HAL_UARTEx_DisableFifoMode
 .text.HAL_UARTEx_SetTxFifoThreshold
                0x080061fa       0x7c ./Drivers/STM32G4xx_HAL_Driver/Src/stm32g4xx_hal_uart_ex.o
                0x080061fa                HAL_UARTEx_SetTxFifoThreshold
 .text.HAL_UARTEx_SetRxFifoThreshold
                0x08006276       0x7c ./Drivers/STM32G4xx_HAL_Driver/Src/stm32g4xx_hal_uart_ex.o
                0x08006276                HAL_UARTEx_SetRxFifoThreshold
 *fill*         0x080062f2        0x2 
 .text.UARTEx_SetNbDataToProcess
                0x080062f4       0x9c ./Drivers/STM32G4xx_HAL_Driver/Src/stm32g4xx_hal_uart_ex.o
 .text.memset   0x08006390       0x10 C:/ST/STM32CubeIDE_1.13.2/STM32CubeIDE/plugins/com.st.stm32cube.ide.mcu.externaltools.gnu-tools-for-stm32.12.3.rel1.win32_1.0.100.202403111256/tools/bin/../lib/gcc/arm-none-eabi/12.3.1/../../../../arm-none-eabi/lib/thumb/v7e-m+fp/hard\libc_nano.a(libc_a-memset.o)
                0x08006390                memset
 .text.__libc_init_array
                0x080063a0       0x48 C:/ST/STM32CubeIDE_1.13.2/STM32CubeIDE/plugins/com.st.stm32cube.ide.mcu.externaltools.gnu-tools-for-stm32.12.3.rel1.win32_1.0.100.202403111256/tools/bin/../lib/gcc/arm-none-eabi/12.3.1/../../../../arm-none-eabi/lib/thumb/v7e-m+fp/hard\libc_nano.a(libc_a-init.o)
                0x080063a0                __libc_init_array
 .text.memcpy   0x080063e8       0x1c C:/ST/STM32CubeIDE_1.13.2/STM32CubeIDE/plugins/com.st.stm32cube.ide.mcu.externaltools.gnu-tools-for-stm32.12.3.rel1.win32_1.0.100.202403111256/tools/bin/../lib/gcc/arm-none-eabi/12.3.1/../../../../arm-none-eabi/lib/thumb/v7e-m+fp/hard\libc_nano.a(libc_a-memcpy-stub.o)
                0x080063e8                memcpy
 *(.glue_7)
 .glue_7        0x08006404        0x0 linker stubs
 *(.glue_7t)
 .glue_7t       0x08006404        0x0 linker stubs
 *(.eh_frame)
 .eh_frame      0x08006404        0x0 C:/ST/STM32CubeIDE_1.13.2/STM32CubeIDE/plugins/com.st.stm32cube.ide.mcu.externaltools.gnu-tools-for-stm32.12.3.rel1.win32_1.0.100.202403111256/tools/bin/../lib/gcc/arm-none-eabi/12.3.1/thumb/v7e-m+fp/hard/crtbegin.o
 *(.init)
 .init          0x08006404        0x4 C:/ST/STM32CubeIDE_1.13.2/STM32CubeIDE/plugins/com.st.stm32cube.ide.mcu.externaltools.gnu-tools-for-stm32.12.3.rel1.win32_1.0.100.202403111256/tools/bin/../lib/gcc/arm-none-eabi/12.3.1/thumb/v7e-m+fp/hard/crti.o
                0x08006404                _init
 .init          0x08006408        0x8 C:/ST/STM32CubeIDE_1.13.2/STM32CubeIDE/plugins/com.st.stm32cube.ide.mcu.externaltools.gnu-tools-for-stm32.12.3.rel1.win32_1.0.100.202403111256/tools/bin/../lib/gcc/arm-none-eabi/12.3.1/thumb/v7e-m+fp/hard/crtn.o
 *(.fini)
 .fini          0x08006410        0x4 C:/ST/STM32CubeIDE_1.13.2/STM32CubeIDE/plugins/com.st.stm32cube.ide.mcu.externaltools.gnu-tools-for-stm32.12.3.rel1.win32_1.0.100.202403111256/tools/bin/../lib/gcc/arm-none-eabi/12.3.1/thumb/v7e-m+fp/hard/crti.o
                0x08006410                _fini
 .fini          0x08006414        0x8 C:/ST/STM32CubeIDE_1.13.2/STM32CubeIDE/plugins/com.st.stm32cube.ide.mcu.externaltools.gnu-tools-for-stm32.12.3.rel1.win32_1.0.100.202403111256/tools/bin/../lib/gcc/arm-none-eabi/12.3.1/thumb/v7e-m+fp/hard/crtn.o
                0x0800641c                        . = ALIGN (0x4)
                0x0800641c                        _etext = .

.vfp11_veneer   0x0800641c        0x0
 .vfp11_veneer  0x0800641c        0x0 linker stubs

.v4_bx          0x0800641c        0x0
 .v4_bx         0x0800641c        0x0 linker stubs

.iplt           0x0800641c        0x0
 .iplt          0x0800641c        0x0 C:/ST/STM32CubeIDE_1.13.2/STM32CubeIDE/plugins/com.st.stm32cube.ide.mcu.externaltools.gnu-tools-for-stm32.12.3.rel1.win32_1.0.100.202403111256/tools/bin/../lib/gcc/arm-none-eabi/12.3.1/thumb/v7e-m+fp/hard/crtbegin.o

.rodata         0x0800641c       0x40
                0x0800641c                        . = ALIGN (0x4)
 *(.rodata)
 *(.rodata*)
 .rodata.AHBPrescTable
                0x0800641c       0x10 ./Core/Src/system_stm32g4xx.o
                0x0800641c                AHBPrescTable
 .rodata.APBPrescTable
                0x0800642c        0x8 ./Core/Src/system_stm32g4xx.o
                0x0800642c                APBPrescTable
 .rodata.UARTPrescTable
                0x08006434       0x18 ./Drivers/STM32G4xx_HAL_Driver/Src/stm32g4xx_hal_uart.o
                0x08006434                UARTPrescTable
 .rodata.numerator.1
                0x0800644c        0x8 ./Drivers/STM32G4xx_HAL_Driver/Src/stm32g4xx_hal_uart_ex.o
 .rodata.denominator.0
                0x08006454        0x8 ./Drivers/STM32G4xx_HAL_Driver/Src/stm32g4xx_hal_uart_ex.o
                0x0800645c                        . = ALIGN (0x4)

.ARM.extab      0x0800645c        0x0
                0x0800645c                        . = ALIGN (0x4)
 *(.ARM.extab* .gnu.linkonce.armextab.*)
                0x0800645c                        . = ALIGN (0x4)

.ARM            0x0800645c        0x8
                0x0800645c                        . = ALIGN (0x4)
                0x0800645c                        __exidx_start = .
 *(.ARM.exidx*)
 .ARM.exidx     0x0800645c        0x8 C:/ST/STM32CubeIDE_1.13.2/STM32CubeIDE/plugins/com.st.stm32cube.ide.mcu.externaltools.gnu-tools-for-stm32.12.3.rel1.win32_1.0.100.202403111256/tools/bin/../lib/gcc/arm-none-eabi/12.3.1/thumb/v7e-m+fp/hard\libgcc.a(_udivmoddi4.o)
                0x08006464                        __exidx_end = .
                0x08006464                        . = ALIGN (0x4)

.rel.dyn        0x08006464        0x0
 .rel.iplt      0x08006464        0x0 C:/ST/STM32CubeIDE_1.13.2/STM32CubeIDE/plugins/com.st.stm32cube.ide.mcu.externaltools.gnu-tools-for-stm32.12.3.rel1.win32_1.0.100.202403111256/tools/bin/../lib/gcc/arm-none-eabi/12.3.1/thumb/v7e-m+fp/hard/crtbegin.o

.preinit_array  0x08006464        0x0
                0x08006464                        . = ALIGN (0x4)
                0x08006464                        PROVIDE (__preinit_array_start = .)
 *(.preinit_array*)
                0x08006464                        PROVIDE (__preinit_array_end = .)
                0x08006464                        . = ALIGN (0x4)

.init_array     0x08006464        0x4
                0x08006464                        . = ALIGN (0x4)
                0x08006464                        PROVIDE (__init_array_start = .)
 *(SORT_BY_NAME(.init_array.*))
 *(.init_array*)
 .init_array    0x08006464        0x4 C:/ST/STM32CubeIDE_1.13.2/STM32CubeIDE/plugins/com.st.stm32cube.ide.mcu.externaltools.gnu-tools-for-stm32.12.3.rel1.win32_1.0.100.202403111256/tools/bin/../lib/gcc/arm-none-eabi/12.3.1/thumb/v7e-m+fp/hard/crtbegin.o
                0x08006468                        PROVIDE (__init_array_end = .)
                0x08006468                        . = ALIGN (0x4)

.fini_array     0x08006468        0x4
                0x08006468                        . = ALIGN (0x4)
                [!provide]                        PROVIDE (__fini_array_start = .)
 *(SORT_BY_NAME(.fini_array.*))
 *(.fini_array*)
 .fini_array    0x08006468        0x4 C:/ST/STM32CubeIDE_1.13.2/STM32CubeIDE/plugins/com.st.stm32cube.ide.mcu.externaltools.gnu-tools-for-stm32.12.3.rel1.win32_1.0.100.202403111256/tools/bin/../lib/gcc/arm-none-eabi/12.3.1/thumb/v7e-m+fp/hard/crtbegin.o
                [!provide]                        PROVIDE (__fini_array_end = .)
                0x0800646c                        . = ALIGN (0x4)
                0x0800646c                        _sidata = LOADADDR (.data)

.data           0x20000000      0x210 load address 0x0800646c
                0x20000000                        . = ALIGN (0x4)
                0x20000000                        _sdata = .
 *(.data)
 *(.data*)
 .data.auchCRCLo
                0x20000000      0x100 ./Core/Src/ModBusRTU.o
 .data.auchCRCHi
                0x20000100      0x100 ./Core/Src/ModBusRTU.o
 .data.HomePos  0x20000200        0x2 ./Core/Src/main.o
                0x20000200                HomePos
 *fill*         0x20000202        0x2 
 .data.SystemCoreClock
                0x20000204        0x4 ./Core/Src/system_stm32g4xx.o
                0x20000204                SystemCoreClock
 .data.uwTickPrio
                0x20000208        0x4 ./Drivers/STM32G4xx_HAL_Driver/Src/stm32g4xx_hal.o
                0x20000208                uwTickPrio
 .data.uwTickFreq
                0x2000020c        0x4 ./Drivers/STM32G4xx_HAL_Driver/Src/stm32g4xx_hal.o
                0x2000020c                uwTickFreq
 *(.RamFunc)
 *(.RamFunc*)
                0x20000210                        . = ALIGN (0x4)
                0x20000210                        _edata = .

.igot.plt       0x20000210        0x0 load address 0x0800667c
 .igot.plt      0x20000210        0x0 C:/ST/STM32CubeIDE_1.13.2/STM32CubeIDE/plugins/com.st.stm32cube.ide.mcu.externaltools.gnu-tools-for-stm32.12.3.rel1.win32_1.0.100.202403111256/tools/bin/../lib/gcc/arm-none-eabi/12.3.1/thumb/v7e-m+fp/hard/crtbegin.o
                0x20000210                        . = ALIGN (0x4)

.bss            0x20000210      0x9f0 load address 0x0800667c
                0x20000210                        _sbss = .
                0x20000210                        __bss_start__ = _sbss
 *(.bss)
 .bss           0x20000210       0x1c C:/ST/STM32CubeIDE_1.13.2/STM32CubeIDE/plugins/com.st.stm32cube.ide.mcu.externaltools.gnu-tools-for-stm32.12.3.rel1.win32_1.0.100.202403111256/tools/bin/../lib/gcc/arm-none-eabi/12.3.1/thumb/v7e-m+fp/hard/crtbegin.o
 *(.bss*)
 .bss.hModbus   0x2000022c        0x4 ./Core/Src/ModBusRTU.o
                0x2000022c                hModbus
 .bss.htim5     0x20000230       0xcc ./Core/Src/main.o
                0x20000230                htim5
 .bss.htim16    0x200002fc       0xcc ./Core/Src/main.o
                0x200002fc                htim16
 .bss.huart2    0x200003c8       0xcc ./Core/Src/main.o
                0x200003c8                huart2
 .bss.hdma_usart2_tx
                0x20000494       0x60 ./Core/Src/main.o
                0x20000494                hdma_usart2_tx
 .bss.hdma_usart2_rx
                0x200004f4       0x60 ./Core/Src/main.o
                0x200004f4                hdma_usart2_rx
 .bss.hmodbus   0x20000554      0x4d8 ./Core/Src/main.o
                0x20000554                hmodbus
 .bss.registerFrame
                0x20000a2c      0x190 ./Core/Src/main.o
                0x20000a2c                registerFrame
 .bss.ShelvePos
                0x20000bbc        0xa ./Core/Src/main.o
                0x20000bbc                ShelvePos
 *fill*         0x20000bc6        0x2 
 .bss.Z         0x20000bc8        0x8 ./Core/Src/main.o
                0x20000bc8                Z
 .bss.Vacuum    0x20000bd0        0x1 ./Core/Src/main.o
                0x20000bd0                Vacuum
 .bss.Gripper   0x20000bd1        0x1 ./Core/Src/main.o
                0x20000bd1                Gripper
 *fill*         0x20000bd2        0x2 
 .bss.PickOrder
                0x20000bd4        0x4 ./Core/Src/main.o
                0x20000bd4                PickOrder
 .bss.PlaceOrder
                0x20000bd8        0x4 ./Core/Src/main.o
                0x20000bd8                PlaceOrder
 .bss.GoalPick  0x20000bdc        0xa ./Core/Src/main.o
                0x20000bdc                GoalPick
 *fill*         0x20000be6        0x2 
 .bss.GoalPlace
                0x20000be8        0xa ./Core/Src/main.o
                0x20000be8                GoalPlace
 .bss.Goal      0x20000bf2        0x2 ./Core/Src/main.o
                0x20000bf2                Goal
 .bss.j         0x20000bf4        0x4 ./Core/Src/main.o
                0x20000bf4                j
 .bss.PStatue   0x20000bf8        0x1 ./Core/Src/main.o
                0x20000bf8                PStatue
 *fill*         0x20000bf9        0x3 
 .bss.uwTick    0x20000bfc        0x4 ./Drivers/STM32G4xx_HAL_Driver/Src/stm32g4xx_hal.o
                0x20000bfc                uwTick
 *(COMMON)
                0x20000c00                        . = ALIGN (0x4)
                0x20000c00                        _ebss = .
                0x20000c00                        __bss_end__ = _ebss

._user_heap_stack
                0x20000c00      0x600 load address 0x0800667c
                0x20000c00                        . = ALIGN (0x8)
                [!provide]                        PROVIDE (end = .)
                0x20000c00                        PROVIDE (_end = .)
                0x20000e00                        . = (. + _Min_Heap_Size)
 *fill*         0x20000c00      0x200 
                0x20001200                        . = (. + _Min_Stack_Size)
 *fill*         0x20000e00      0x400 
                0x20001200                        . = ALIGN (0x8)

/DISCARD/
 libc.a(*)
 libm.a(*)
 libgcc.a(*)

.ARM.attributes
                0x00000000       0x30
 *(.ARM.attributes)
 .ARM.attributes
                0x00000000       0x22 C:/ST/STM32CubeIDE_1.13.2/STM32CubeIDE/plugins/com.st.stm32cube.ide.mcu.externaltools.gnu-tools-for-stm32.12.3.rel1.win32_1.0.100.202403111256/tools/bin/../lib/gcc/arm-none-eabi/12.3.1/thumb/v7e-m+fp/hard/crti.o
 .ARM.attributes
                0x00000022       0x34 C:/ST/STM32CubeIDE_1.13.2/STM32CubeIDE/plugins/com.st.stm32cube.ide.mcu.externaltools.gnu-tools-for-stm32.12.3.rel1.win32_1.0.100.202403111256/tools/bin/../lib/gcc/arm-none-eabi/12.3.1/thumb/v7e-m+fp/hard/crtbegin.o
 .ARM.attributes
                0x00000056       0x34 ./Core/Src/ModBusRTU.o
 .ARM.attributes
                0x0000008a       0x34 ./Core/Src/main.o
 .ARM.attributes
                0x000000be       0x34 ./Core/Src/stm32g4xx_hal_msp.o
 .ARM.attributes
                0x000000f2       0x34 ./Core/Src/stm32g4xx_it.o
 .ARM.attributes
                0x00000126       0x34 ./Core/Src/system_stm32g4xx.o
 .ARM.attributes
                0x0000015a       0x21 ./Core/Startup/startup_stm32g474retx.o
 .ARM.attributes
                0x0000017b       0x34 ./Drivers/STM32G4xx_HAL_Driver/Src/stm32g4xx_hal.o
 .ARM.attributes
                0x000001af       0x34 ./Drivers/STM32G4xx_HAL_Driver/Src/stm32g4xx_hal_cortex.o
 .ARM.attributes
                0x000001e3       0x34 ./Drivers/STM32G4xx_HAL_Driver/Src/stm32g4xx_hal_dma.o
 .ARM.attributes
                0x00000217       0x34 ./Drivers/STM32G4xx_HAL_Driver/Src/stm32g4xx_hal_gpio.o
 .ARM.attributes
                0x0000024b       0x34 ./Drivers/STM32G4xx_HAL_Driver/Src/stm32g4xx_hal_pwr_ex.o
 .ARM.attributes
                0x0000027f       0x34 ./Drivers/STM32G4xx_HAL_Driver/Src/stm32g4xx_hal_rcc.o
 .ARM.attributes
                0x000002b3       0x34 ./Drivers/STM32G4xx_HAL_Driver/Src/stm32g4xx_hal_rcc_ex.o
 .ARM.attributes
                0x000002e7       0x34 ./Drivers/STM32G4xx_HAL_Driver/Src/stm32g4xx_hal_tim.o
 .ARM.attributes
                0x0000031b       0x34 ./Drivers/STM32G4xx_HAL_Driver/Src/stm32g4xx_hal_tim_ex.o
 .ARM.attributes
                0x0000034f       0x34 ./Drivers/STM32G4xx_HAL_Driver/Src/stm32g4xx_hal_uart.o
 .ARM.attributes
                0x00000383       0x34 ./Drivers/STM32G4xx_HAL_Driver/Src/stm32g4xx_hal_uart_ex.o
 .ARM.attributes
                0x000003b7       0x34 C:/ST/STM32CubeIDE_1.13.2/STM32CubeIDE/plugins/com.st.stm32cube.ide.mcu.externaltools.gnu-tools-for-stm32.12.3.rel1.win32_1.0.100.202403111256/tools/bin/../lib/gcc/arm-none-eabi/12.3.1/../../../../arm-none-eabi/lib/thumb/v7e-m+fp/hard\libc_nano.a(libc_a-memset.o)
 .ARM.attributes
                0x000003eb       0x34 C:/ST/STM32CubeIDE_1.13.2/STM32CubeIDE/plugins/com.st.stm32cube.ide.mcu.externaltools.gnu-tools-for-stm32.12.3.rel1.win32_1.0.100.202403111256/tools/bin/../lib/gcc/arm-none-eabi/12.3.1/../../../../arm-none-eabi/lib/thumb/v7e-m+fp/hard\libc_nano.a(libc_a-init.o)
 .ARM.attributes
                0x0000041f       0x34 C:/ST/STM32CubeIDE_1.13.2/STM32CubeIDE/plugins/com.st.stm32cube.ide.mcu.externaltools.gnu-tools-for-stm32.12.3.rel1.win32_1.0.100.202403111256/tools/bin/../lib/gcc/arm-none-eabi/12.3.1/../../../../arm-none-eabi/lib/thumb/v7e-m+fp/hard\libc_nano.a(libc_a-memcpy-stub.o)
 .ARM.attributes
                0x00000453       0x22 C:/ST/STM32CubeIDE_1.13.2/STM32CubeIDE/plugins/com.st.stm32cube.ide.mcu.externaltools.gnu-tools-for-stm32.12.3.rel1.win32_1.0.100.202403111256/tools/bin/../lib/gcc/arm-none-eabi/12.3.1/thumb/v7e-m+fp/hard\libgcc.a(_aeabi_uldivmod.o)
 .ARM.attributes
                0x00000475       0x34 C:/ST/STM32CubeIDE_1.13.2/STM32CubeIDE/plugins/com.st.stm32cube.ide.mcu.externaltools.gnu-tools-for-stm32.12.3.rel1.win32_1.0.100.202403111256/tools/bin/../lib/gcc/arm-none-eabi/12.3.1/thumb/v7e-m+fp/hard\libgcc.a(_udivmoddi4.o)
 .ARM.attributes
                0x000004a9       0x22 C:/ST/STM32CubeIDE_1.13.2/STM32CubeIDE/plugins/com.st.stm32cube.ide.mcu.externaltools.gnu-tools-for-stm32.12.3.rel1.win32_1.0.100.202403111256/tools/bin/../lib/gcc/arm-none-eabi/12.3.1/thumb/v7e-m+fp/hard\libgcc.a(_dvmd_tls.o)
 .ARM.attributes
                0x000004cb       0x22 C:/ST/STM32CubeIDE_1.13.2/STM32CubeIDE/plugins/com.st.stm32cube.ide.mcu.externaltools.gnu-tools-for-stm32.12.3.rel1.win32_1.0.100.202403111256/tools/bin/../lib/gcc/arm-none-eabi/12.3.1/thumb/v7e-m+fp/hard/crtn.o
OUTPUT(MODBUS2024ALT.elf elf32-littlearm)
LOAD linker stubs
LOAD C:/ST/STM32CubeIDE_1.13.2/STM32CubeIDE/plugins/com.st.stm32cube.ide.mcu.externaltools.gnu-tools-for-stm32.12.3.rel1.win32_1.0.100.202403111256/tools/bin/../lib/gcc/arm-none-eabi/12.3.1/../../../../arm-none-eabi/lib/thumb/v7e-m+fp/hard\libc.a
LOAD C:/ST/STM32CubeIDE_1.13.2/STM32CubeIDE/plugins/com.st.stm32cube.ide.mcu.externaltools.gnu-tools-for-stm32.12.3.rel1.win32_1.0.100.202403111256/tools/bin/../lib/gcc/arm-none-eabi/12.3.1/../../../../arm-none-eabi/lib/thumb/v7e-m+fp/hard\libm.a
LOAD C:/ST/STM32CubeIDE_1.13.2/STM32CubeIDE/plugins/com.st.stm32cube.ide.mcu.externaltools.gnu-tools-for-stm32.12.3.rel1.win32_1.0.100.202403111256/tools/bin/../lib/gcc/arm-none-eabi/12.3.1/thumb/v7e-m+fp/hard\libgcc.a

.debug_info     0x00000000    0x15651
 .debug_info    0x00000000     0x1598 ./Core/Src/ModBusRTU.o
 .debug_info    0x00001598     0x1e3e ./Core/Src/main.o
 .debug_info    0x000033d6     0x17b0 ./Core/Src/stm32g4xx_hal_msp.o
 .debug_info    0x00004b86      0xf93 ./Core/Src/stm32g4xx_it.o
 .debug_info    0x00005b19      0x58e ./Core/Src/system_stm32g4xx.o
 .debug_info    0x000060a7       0x30 ./Core/Startup/startup_stm32g474retx.o
 .debug_info    0x000060d7      0xb95 ./Drivers/STM32G4xx_HAL_Driver/Src/stm32g4xx_hal.o
 .debug_info    0x00006c6c      0xdad ./Drivers/STM32G4xx_HAL_Driver/Src/stm32g4xx_hal_cortex.o
 .debug_info    0x00007a19      0x85f ./Drivers/STM32G4xx_HAL_Driver/Src/stm32g4xx_hal_dma.o
 .debug_info    0x00008278      0x763 ./Drivers/STM32G4xx_HAL_Driver/Src/stm32g4xx_hal_gpio.o
 .debug_info    0x000089db      0x93f ./Drivers/STM32G4xx_HAL_Driver/Src/stm32g4xx_hal_pwr_ex.o
 .debug_info    0x0000931a      0xbe0 ./Drivers/STM32G4xx_HAL_Driver/Src/stm32g4xx_hal_rcc.o
 .debug_info    0x00009efa      0xc45 ./Drivers/STM32G4xx_HAL_Driver/Src/stm32g4xx_hal_rcc_ex.o
 .debug_info    0x0000ab3f     0x301a ./Drivers/STM32G4xx_HAL_Driver/Src/stm32g4xx_hal_tim.o
 .debug_info    0x0000db59     0x1f5e ./Drivers/STM32G4xx_HAL_Driver/Src/stm32g4xx_hal_tim_ex.o
 .debug_info    0x0000fab7     0x4ad2 ./Drivers/STM32G4xx_HAL_Driver/Src/stm32g4xx_hal_uart.o
 .debug_info    0x00014589     0x10c8 ./Drivers/STM32G4xx_HAL_Driver/Src/stm32g4xx_hal_uart_ex.o

.debug_abbrev   0x00000000     0x2908
 .debug_abbrev  0x00000000      0x365 ./Core/Src/ModBusRTU.o
 .debug_abbrev  0x00000365      0x3eb ./Core/Src/main.o
 .debug_abbrev  0x00000750      0x285 ./Core/Src/stm32g4xx_hal_msp.o
 .debug_abbrev  0x000009d5      0x1f7 ./Core/Src/stm32g4xx_it.o
 .debug_abbrev  0x00000bcc      0x11a ./Core/Src/system_stm32g4xx.o
 .debug_abbrev  0x00000ce6       0x24 ./Core/Startup/startup_stm32g474retx.o
 .debug_abbrev  0x00000d0a      0x271 ./Drivers/STM32G4xx_HAL_Driver/Src/stm32g4xx_hal.o
 .debug_abbrev  0x00000f7b      0x31c ./Drivers/STM32G4xx_HAL_Driver/Src/stm32g4xx_hal_cortex.o
 .debug_abbrev  0x00001297      0x1e2 ./Drivers/STM32G4xx_HAL_Driver/Src/stm32g4xx_hal_dma.o
 .debug_abbrev  0x00001479      0x1cb ./Drivers/STM32G4xx_HAL_Driver/Src/stm32g4xx_hal_gpio.o
 .debug_abbrev  0x00001644      0x22c ./Drivers/STM32G4xx_HAL_Driver/Src/stm32g4xx_hal_pwr_ex.o
 .debug_abbrev  0x00001870      0x2c9 ./Drivers/STM32G4xx_HAL_Driver/Src/stm32g4xx_hal_rcc.o
 .debug_abbrev  0x00001b39      0x258 ./Drivers/STM32G4xx_HAL_Driver/Src/stm32g4xx_hal_rcc_ex.o
 .debug_abbrev  0x00001d91      0x2b8 ./Drivers/STM32G4xx_HAL_Driver/Src/stm32g4xx_hal_tim.o
 .debug_abbrev  0x00002049      0x2d6 ./Drivers/STM32G4xx_HAL_Driver/Src/stm32g4xx_hal_tim_ex.o
 .debug_abbrev  0x0000231f      0x317 ./Drivers/STM32G4xx_HAL_Driver/Src/stm32g4xx_hal_uart.o
 .debug_abbrev  0x00002636      0x2d2 ./Drivers/STM32G4xx_HAL_Driver/Src/stm32g4xx_hal_uart_ex.o

.debug_aranges  0x00000000     0x1130
 .debug_aranges
                0x00000000       0x70 ./Core/Src/ModBusRTU.o
 .debug_aranges
                0x00000070       0x80 ./Core/Src/main.o
 .debug_aranges
                0x000000f0       0x40 ./Core/Src/stm32g4xx_hal_msp.o
 .debug_aranges
                0x00000130       0x90 ./Core/Src/stm32g4xx_it.o
 .debug_aranges
                0x000001c0       0x28 ./Core/Src/system_stm32g4xx.o
 .debug_aranges
                0x000001e8       0x28 ./Core/Startup/startup_stm32g474retx.o
 .debug_aranges
                0x00000210      0x148 ./Drivers/STM32G4xx_HAL_Driver/Src/stm32g4xx_hal.o
 .debug_aranges
                0x00000358      0x118 ./Drivers/STM32G4xx_HAL_Driver/Src/stm32g4xx_hal_cortex.o
 .debug_aranges
                0x00000470       0x90 ./Drivers/STM32G4xx_HAL_Driver/Src/stm32g4xx_hal_dma.o
 .debug_aranges
                0x00000500       0x58 ./Drivers/STM32G4xx_HAL_Driver/Src/stm32g4xx_hal_gpio.o
 .debug_aranges
                0x00000558      0x140 ./Drivers/STM32G4xx_HAL_Driver/Src/stm32g4xx_hal_pwr_ex.o
 .debug_aranges
                0x00000698       0x98 ./Drivers/STM32G4xx_HAL_Driver/Src/stm32g4xx_hal_rcc.o
 .debug_aranges
                0x00000730       0xb0 ./Drivers/STM32G4xx_HAL_Driver/Src/stm32g4xx_hal_rcc_ex.o
 .debug_aranges
                0x000007e0      0x3f8 ./Drivers/STM32G4xx_HAL_Driver/Src/stm32g4xx_hal_tim.o
 .debug_aranges
                0x00000bd8      0x240 ./Drivers/STM32G4xx_HAL_Driver/Src/stm32g4xx_hal_tim_ex.o
 .debug_aranges
                0x00000e18      0x270 ./Drivers/STM32G4xx_HAL_Driver/Src/stm32g4xx_hal_uart.o
 .debug_aranges
                0x00001088       0xa8 ./Drivers/STM32G4xx_HAL_Driver/Src/stm32g4xx_hal_uart_ex.o

.debug_rnglists
                0x00000000      0xd7b
 .debug_rnglists
                0x00000000       0x54 ./Core/Src/ModBusRTU.o
 .debug_rnglists
                0x00000054       0x61 ./Core/Src/main.o
 .debug_rnglists
                0x000000b5       0x2d ./Core/Src/stm32g4xx_hal_msp.o
 .debug_rnglists
                0x000000e2       0x67 ./Core/Src/stm32g4xx_it.o
 .debug_rnglists
                0x00000149       0x1a ./Core/Src/system_stm32g4xx.o
 .debug_rnglists
                0x00000163       0x19 ./Core/Startup/startup_stm32g474retx.o
 .debug_rnglists
                0x0000017c       0xf1 ./Drivers/STM32G4xx_HAL_Driver/Src/stm32g4xx_hal.o
 .debug_rnglists
                0x0000026d       0xce ./Drivers/STM32G4xx_HAL_Driver/Src/stm32g4xx_hal_cortex.o
 .debug_rnglists
                0x0000033b       0x71 ./Drivers/STM32G4xx_HAL_Driver/Src/stm32g4xx_hal_dma.o
 .debug_rnglists
                0x000003ac       0x3f ./Drivers/STM32G4xx_HAL_Driver/Src/stm32g4xx_hal_gpio.o
 .debug_rnglists
                0x000003eb       0xf1 ./Drivers/STM32G4xx_HAL_Driver/Src/stm32g4xx_hal_pwr_ex.o
 .debug_rnglists
                0x000004dc       0x74 ./Drivers/STM32G4xx_HAL_Driver/Src/stm32g4xx_hal_rcc.o
 .debug_rnglists
                0x00000550       0x87 ./Drivers/STM32G4xx_HAL_Driver/Src/stm32g4xx_hal_rcc_ex.o
 .debug_rnglists
                0x000005d7      0x33d ./Drivers/STM32G4xx_HAL_Driver/Src/stm32g4xx_hal_tim.o
 .debug_rnglists
                0x00000914      0x1cc ./Drivers/STM32G4xx_HAL_Driver/Src/stm32g4xx_hal_tim_ex.o
 .debug_rnglists
                0x00000ae0      0x21c ./Drivers/STM32G4xx_HAL_Driver/Src/stm32g4xx_hal_uart.o
 .debug_rnglists
                0x00000cfc       0x7f ./Drivers/STM32G4xx_HAL_Driver/Src/stm32g4xx_hal_uart_ex.o

.debug_macro    0x00000000    0x263d1
 .debug_macro   0x00000000      0x2b2 ./Core/Src/ModBusRTU.o
 .debug_macro   0x000002b2      0xab4 ./Core/Src/ModBusRTU.o
 .debug_macro   0x00000d66      0x15b ./Core/Src/ModBusRTU.o
 .debug_macro   0x00000ec1       0x2e ./Core/Src/ModBusRTU.o
 .debug_macro   0x00000eef       0x28 ./Core/Src/ModBusRTU.o
 .debug_macro   0x00000f17       0x22 ./Core/Src/ModBusRTU.o
 .debug_macro   0x00000f39       0x8e ./Core/Src/ModBusRTU.o
 .debug_macro   0x00000fc7       0x51 ./Core/Src/ModBusRTU.o
 .debug_macro   0x00001018      0x103 ./Core/Src/ModBusRTU.o
 .debug_macro   0x0000111b       0x6a ./Core/Src/ModBusRTU.o
 .debug_macro   0x00001185      0x1df ./Core/Src/ModBusRTU.o
 .debug_macro   0x00001364       0x1c ./Core/Src/ModBusRTU.o
 .debug_macro   0x00001380       0x22 ./Core/Src/ModBusRTU.o
 .debug_macro   0x000013a2       0xfb ./Core/Src/ModBusRTU.o
 .debug_macro   0x0000149d     0x1011 ./Core/Src/ModBusRTU.o
 .debug_macro   0x000024ae      0x11f ./Core/Src/ModBusRTU.o
 .debug_macro   0x000025cd    0x18b45 ./Core/Src/ModBusRTU.o
 .debug_macro   0x0001b112       0x6d ./Core/Src/ModBusRTU.o
 .debug_macro   0x0001b17f     0x354d ./Core/Src/ModBusRTU.o
 .debug_macro   0x0001e6cc      0x189 ./Core/Src/ModBusRTU.o
 .debug_macro   0x0001e855       0x5c ./Core/Src/ModBusRTU.o
 .debug_macro   0x0001e8b1     0x171f ./Core/Src/ModBusRTU.o
 .debug_macro   0x0001ffd0      0x600 ./Core/Src/ModBusRTU.o
 .debug_macro   0x000205d0      0x1b6 ./Core/Src/ModBusRTU.o
 .debug_macro   0x00020786      0x34a ./Core/Src/ModBusRTU.o
 .debug_macro   0x00020ad0      0x53c ./Core/Src/ModBusRTU.o
 .debug_macro   0x0002100c      0x18b ./Core/Src/ModBusRTU.o
 .debug_macro   0x00021197       0x43 ./Core/Src/ModBusRTU.o
 .debug_macro   0x000211da      0x23d ./Core/Src/ModBusRTU.o
 .debug_macro   0x00021417      0x211 ./Core/Src/ModBusRTU.o
 .debug_macro   0x00021628      0x45c ./Core/Src/ModBusRTU.o
 .debug_macro   0x00021a84      0x11c ./Core/Src/ModBusRTU.o
 .debug_macro   0x00021ba0      0x122 ./Core/Src/ModBusRTU.o
 .debug_macro   0x00021cc2      0x3d1 ./Core/Src/ModBusRTU.o
 .debug_macro   0x00022093      0xc0b ./Core/Src/ModBusRTU.o
 .debug_macro   0x00022c9e      0x718 ./Core/Src/ModBusRTU.o
 .debug_macro   0x000233b6      0x69a ./Core/Src/ModBusRTU.o
 .debug_macro   0x00023a50       0xa6 ./Core/Src/ModBusRTU.o
 .debug_macro   0x00023af6      0x358 ./Core/Src/ModBusRTU.o
 .debug_macro   0x00023e4e       0x61 ./Core/Src/ModBusRTU.o
 .debug_macro   0x00023eaf       0x2a ./Core/Src/ModBusRTU.o
 .debug_macro   0x00023ed9       0x43 ./Core/Src/ModBusRTU.o
 .debug_macro   0x00023f1c       0x34 ./Core/Src/ModBusRTU.o
 .debug_macro   0x00023f50       0x16 ./Core/Src/ModBusRTU.o
 .debug_macro   0x00023f66       0x43 ./Core/Src/ModBusRTU.o
 .debug_macro   0x00023fa9       0x34 ./Core/Src/ModBusRTU.o
 .debug_macro   0x00023fdd       0x10 ./Core/Src/ModBusRTU.o
 .debug_macro   0x00023fed       0x58 ./Core/Src/ModBusRTU.o
 .debug_macro   0x00024045       0x8e ./Core/Src/ModBusRTU.o
 .debug_macro   0x000240d3       0x1c ./Core/Src/ModBusRTU.o
 .debug_macro   0x000240ef      0x177 ./Core/Src/ModBusRTU.o
 .debug_macro   0x00024266      0x369 ./Core/Src/ModBusRTU.o
 .debug_macro   0x000245cf       0x10 ./Core/Src/ModBusRTU.o
 .debug_macro   0x000245df       0x35 ./Core/Src/ModBusRTU.o
 .debug_macro   0x00024614       0x20 ./Core/Src/ModBusRTU.o
 .debug_macro   0x00024634      0x2bb ./Core/Src/main.o
 .debug_macro   0x000248ef       0x46 ./Core/Src/main.o
 .debug_macro   0x00024935      0x1dd ./Core/Src/stm32g4xx_hal_msp.o
 .debug_macro   0x00024b12      0x1e7 ./Core/Src/stm32g4xx_it.o
 .debug_macro   0x00024cf9      0x1ce ./Core/Src/system_stm32g4xx.o
 .debug_macro   0x00024ec7      0x21c ./Drivers/STM32G4xx_HAL_Driver/Src/stm32g4xx_hal.o
 .debug_macro   0x000250e3      0x1ce ./Drivers/STM32G4xx_HAL_Driver/Src/stm32g4xx_hal_cortex.o
 .debug_macro   0x000252b1      0x1ce ./Drivers/STM32G4xx_HAL_Driver/Src/stm32g4xx_hal_dma.o
 .debug_macro   0x0002547f      0x1d5 ./Drivers/STM32G4xx_HAL_Driver/Src/stm32g4xx_hal_gpio.o
 .debug_macro   0x00025654      0x1f8 ./Drivers/STM32G4xx_HAL_Driver/Src/stm32g4xx_hal_pwr_ex.o
 .debug_macro   0x0002584c      0x210 ./Drivers/STM32G4xx_HAL_Driver/Src/stm32g4xx_hal_rcc.o
 .debug_macro   0x00025a5c      0x1f8 ./Drivers/STM32G4xx_HAL_Driver/Src/stm32g4xx_hal_rcc_ex.o
 .debug_macro   0x00025c54      0x1d6 ./Drivers/STM32G4xx_HAL_Driver/Src/stm32g4xx_hal_tim.o
 .debug_macro   0x00025e2a      0x1d4 ./Drivers/STM32G4xx_HAL_Driver/Src/stm32g4xx_hal_tim_ex.o
 .debug_macro   0x00025ffe      0x1f9 ./Drivers/STM32G4xx_HAL_Driver/Src/stm32g4xx_hal_uart.o
 .debug_macro   0x000261f7      0x1da ./Drivers/STM32G4xx_HAL_Driver/Src/stm32g4xx_hal_uart_ex.o

.debug_line     0x00000000    0x147ea
 .debug_line    0x00000000      0xd58 ./Core/Src/ModBusRTU.o
 .debug_line    0x00000d58      0xd05 ./Core/Src/main.o
 .debug_line    0x00001a5d      0x876 ./Core/Src/stm32g4xx_hal_msp.o
 .debug_line    0x000022d3      0x8bc ./Core/Src/stm32g4xx_it.o
 .debug_line    0x00002b8f      0x7d6 ./Core/Src/system_stm32g4xx.o
 .debug_line    0x00003365       0x7b ./Core/Startup/startup_stm32g474retx.o
 .debug_line    0x000033e0      0xb92 ./Drivers/STM32G4xx_HAL_Driver/Src/stm32g4xx_hal.o
 .debug_line    0x00003f72      0xcfb ./Drivers/STM32G4xx_HAL_Driver/Src/stm32g4xx_hal_cortex.o
 .debug_line    0x00004c6d      0xebc ./Drivers/STM32G4xx_HAL_Driver/Src/stm32g4xx_hal_dma.o
 .debug_line    0x00005b29      0xbab ./Drivers/STM32G4xx_HAL_Driver/Src/stm32g4xx_hal_gpio.o
 .debug_line    0x000066d4      0xd01 ./Drivers/STM32G4xx_HAL_Driver/Src/stm32g4xx_hal_pwr_ex.o
 .debug_line    0x000073d5      0xf5d ./Drivers/STM32G4xx_HAL_Driver/Src/stm32g4xx_hal_rcc.o
 .debug_line    0x00008332     0x126d ./Drivers/STM32G4xx_HAL_Driver/Src/stm32g4xx_hal_rcc_ex.o
 .debug_line    0x0000959f     0x4433 ./Drivers/STM32G4xx_HAL_Driver/Src/stm32g4xx_hal_tim.o
 .debug_line    0x0000d9d2     0x21b6 ./Drivers/STM32G4xx_HAL_Driver/Src/stm32g4xx_hal_tim_ex.o
 .debug_line    0x0000fb88     0x3e9d ./Drivers/STM32G4xx_HAL_Driver/Src/stm32g4xx_hal_uart.o
 .debug_line    0x00013a25      0xdc5 ./Drivers/STM32G4xx_HAL_Driver/Src/stm32g4xx_hal_uart_ex.o

.debug_str      0x00000000    0xfc17d
 .debug_str     0x00000000    0xf6fee ./Core/Src/ModBusRTU.o
                              0xf7647 (size before relaxing)
 .debug_str     0x000f6fee      0xda2 ./Core/Src/main.o
                              0xf7b16 (size before relaxing)
 .debug_str     0x000f7d90      0x2c6 ./Core/Src/stm32g4xx_hal_msp.o
                              0xf4436 (size before relaxing)
 .debug_str     0x000f8056      0x19e ./Core/Src/stm32g4xx_it.o
                              0xf3ab7 (size before relaxing)
 .debug_str     0x000f81f4       0xdb ./Core/Src/system_stm32g4xx.o
                              0xf2daf (size before relaxing)
 .debug_str     0x000f82cf       0x44 ./Core/Startup/startup_stm32g474retx.o
                                 0xa3 (size before relaxing)
 .debug_str     0x000f8313      0x5e3 ./Drivers/STM32G4xx_HAL_Driver/Src/stm32g4xx_hal.o
                              0xf3ac1 (size before relaxing)
 .debug_str     0x000f88f6      0x31d ./Drivers/STM32G4xx_HAL_Driver/Src/stm32g4xx_hal_cortex.o
                              0xf3745 (size before relaxing)
 .debug_str     0x000f8c13      0x29f ./Drivers/STM32G4xx_HAL_Driver/Src/stm32g4xx_hal_dma.o
                              0xf3189 (size before relaxing)
 .debug_str     0x000f8eb2      0x10a ./Drivers/STM32G4xx_HAL_Driver/Src/stm32g4xx_hal_gpio.o
                              0xf2f3a (size before relaxing)
 .debug_str     0x000f8fbc      0x4a5 ./Drivers/STM32G4xx_HAL_Driver/Src/stm32g4xx_hal_pwr_ex.o
                              0xf329d (size before relaxing)
 .debug_str     0x000f9461      0x506 ./Drivers/STM32G4xx_HAL_Driver/Src/stm32g4xx_hal_rcc.o
                              0xf34ce (size before relaxing)
 .debug_str     0x000f9967      0x40b ./Drivers/STM32G4xx_HAL_Driver/Src/stm32g4xx_hal_rcc_ex.o
                              0xf34f8 (size before relaxing)
 .debug_str     0x000f9d72      0xf2a ./Drivers/STM32G4xx_HAL_Driver/Src/stm32g4xx_hal_tim.o
                              0xf4a10 (size before relaxing)
 .debug_str     0x000fac9c      0x8b3 ./Drivers/STM32G4xx_HAL_Driver/Src/stm32g4xx_hal_tim_ex.o
                              0xf41e4 (size before relaxing)
 .debug_str     0x000fb54f      0x9ca ./Drivers/STM32G4xx_HAL_Driver/Src/stm32g4xx_hal_uart.o
                              0xf40dc (size before relaxing)
 .debug_str     0x000fbf19      0x264 ./Drivers/STM32G4xx_HAL_Driver/Src/stm32g4xx_hal_uart_ex.o
                              0xf3683 (size before relaxing)

.comment        0x00000000       0x43
 .comment       0x00000000       0x43 ./Core/Src/ModBusRTU.o
                                 0x44 (size before relaxing)
 .comment       0x00000043       0x44 ./Core/Src/main.o
 .comment       0x00000043       0x44 ./Core/Src/stm32g4xx_hal_msp.o
 .comment       0x00000043       0x44 ./Core/Src/stm32g4xx_it.o
 .comment       0x00000043       0x44 ./Core/Src/system_stm32g4xx.o
 .comment       0x00000043       0x44 ./Drivers/STM32G4xx_HAL_Driver/Src/stm32g4xx_hal.o
 .comment       0x00000043       0x44 ./Drivers/STM32G4xx_HAL_Driver/Src/stm32g4xx_hal_cortex.o
 .comment       0x00000043       0x44 ./Drivers/STM32G4xx_HAL_Driver/Src/stm32g4xx_hal_dma.o
 .comment       0x00000043       0x44 ./Drivers/STM32G4xx_HAL_Driver/Src/stm32g4xx_hal_gpio.o
 .comment       0x00000043       0x44 ./Drivers/STM32G4xx_HAL_Driver/Src/stm32g4xx_hal_pwr_ex.o
 .comment       0x00000043       0x44 ./Drivers/STM32G4xx_HAL_Driver/Src/stm32g4xx_hal_rcc.o
 .comment       0x00000043       0x44 ./Drivers/STM32G4xx_HAL_Driver/Src/stm32g4xx_hal_rcc_ex.o
 .comment       0x00000043       0x44 ./Drivers/STM32G4xx_HAL_Driver/Src/stm32g4xx_hal_tim.o
 .comment       0x00000043       0x44 ./Drivers/STM32G4xx_HAL_Driver/Src/stm32g4xx_hal_tim_ex.o
 .comment       0x00000043       0x44 ./Drivers/STM32G4xx_HAL_Driver/Src/stm32g4xx_hal_uart.o
 .comment       0x00000043       0x44 ./Drivers/STM32G4xx_HAL_Driver/Src/stm32g4xx_hal_uart_ex.o

.debug_frame    0x00000000     0x493c
 .debug_frame   0x00000000      0x1a0 ./Core/Src/ModBusRTU.o
 .debug_frame   0x000001a0      0x1c4 ./Core/Src/main.o
 .debug_frame   0x00000364       0xc8 ./Core/Src/stm32g4xx_hal_msp.o
 .debug_frame   0x0000042c      0x1ac ./Core/Src/stm32g4xx_it.o
 .debug_frame   0x000005d8       0x58 ./Core/Src/system_stm32g4xx.o
 .debug_frame   0x00000630      0x500 ./Drivers/STM32G4xx_HAL_Driver/Src/stm32g4xx_hal.o
 .debug_frame   0x00000b30      0x498 ./Drivers/STM32G4xx_HAL_Driver/Src/stm32g4xx_hal_cortex.o
 .debug_frame   0x00000fc8      0x24c ./Drivers/STM32G4xx_HAL_Driver/Src/stm32g4xx_hal_dma.o
 .debug_frame   0x00001214      0x14c ./Drivers/STM32G4xx_HAL_Driver/Src/stm32g4xx_hal_gpio.o
 .debug_frame   0x00001360      0x4fc ./Drivers/STM32G4xx_HAL_Driver/Src/stm32g4xx_hal_pwr_ex.o
 .debug_frame   0x0000185c      0x23c ./Drivers/STM32G4xx_HAL_Driver/Src/stm32g4xx_hal_rcc.o
 .debug_frame   0x00001a98      0x2ac ./Drivers/STM32G4xx_HAL_Driver/Src/stm32g4xx_hal_rcc_ex.o
 .debug_frame   0x00001d44     0x1298 ./Drivers/STM32G4xx_HAL_Driver/Src/stm32g4xx_hal_tim.o
 .debug_frame   0x00002fdc      0xa70 ./Drivers/STM32G4xx_HAL_Driver/Src/stm32g4xx_hal_tim_ex.o
 .debug_frame   0x00003a4c      0xb5c ./Drivers/STM32G4xx_HAL_Driver/Src/stm32g4xx_hal_uart.o
 .debug_frame   0x000045a8      0x2c0 ./Drivers/STM32G4xx_HAL_Driver/Src/stm32g4xx_hal_uart_ex.o
 .debug_frame   0x00004868       0x20 C:/ST/STM32CubeIDE_1.13.2/STM32CubeIDE/plugins/com.st.stm32cube.ide.mcu.externaltools.gnu-tools-for-stm32.12.3.rel1.win32_1.0.100.202403111256/tools/bin/../lib/gcc/arm-none-eabi/12.3.1/../../../../arm-none-eabi/lib/thumb/v7e-m+fp/hard\libc_nano.a(libc_a-memset.o)
 .debug_frame   0x00004888       0x2c C:/ST/STM32CubeIDE_1.13.2/STM32CubeIDE/plugins/com.st.stm32cube.ide.mcu.externaltools.gnu-tools-for-stm32.12.3.rel1.win32_1.0.100.202403111256/tools/bin/../lib/gcc/arm-none-eabi/12.3.1/../../../../arm-none-eabi/lib/thumb/v7e-m+fp/hard\libc_nano.a(libc_a-init.o)
 .debug_frame   0x000048b4       0x28 C:/ST/STM32CubeIDE_1.13.2/STM32CubeIDE/plugins/com.st.stm32cube.ide.mcu.externaltools.gnu-tools-for-stm32.12.3.rel1.win32_1.0.100.202403111256/tools/bin/../lib/gcc/arm-none-eabi/12.3.1/../../../../arm-none-eabi/lib/thumb/v7e-m+fp/hard\libc_nano.a(libc_a-memcpy-stub.o)
 .debug_frame   0x000048dc       0x2c C:/ST/STM32CubeIDE_1.13.2/STM32CubeIDE/plugins/com.st.stm32cube.ide.mcu.externaltools.gnu-tools-for-stm32.12.3.rel1.win32_1.0.100.202403111256/tools/bin/../lib/gcc/arm-none-eabi/12.3.1/thumb/v7e-m+fp/hard\libgcc.a(_aeabi_uldivmod.o)
 .debug_frame   0x00004908       0x34 C:/ST/STM32CubeIDE_1.13.2/STM32CubeIDE/plugins/com.st.stm32cube.ide.mcu.externaltools.gnu-tools-for-stm32.12.3.rel1.win32_1.0.100.202403111256/tools/bin/../lib/gcc/arm-none-eabi/12.3.1/thumb/v7e-m+fp/hard\libgcc.a(_udivmoddi4.o)

.debug_line_str
                0x00000000       0x87
 .debug_line_str
                0x00000000       0x87 ./Core/Startup/startup_stm32g474retx.o
