../Core/Src/main.c:201:5:main	56	static
../Core/Src/main.c:462:6:SystemClock_Config	88	static
../Core/Src/main.c:509:13:MX_TIM1_Init	104	static
../Core/Src/main.c:581:13:MX_TIM2_Init	40	static
../Core/Src/main.c:626:13:MX_TIM3_Init	56	static
../Core/Src/main.c:675:13:MX_TIM4_Init	40	static
../Core/Src/main.c:720:13:MX_TIM5_Init	40	static
../Core/Src/main.c:765:13:MX_TIM16_Init	8	static
../Core/Src/main.c:801:13:MX_USART2_UART_Init	8	static
../Core/Src/main.c:847:13:MX_DMA_Init	16	static
../Core/Src/main.c:869:13:MX_GPIO_Init	48	static
../Core/Src/main.c:971:6:HAL_TIM_PeriodElapsedCallback	24	static
../Core/Src/main.c:983:6:convert_to_string	32	static
../Core/Src/main.c:996:6:GoPick	8	static
../Core/Src/main.c:1010:6:GoPlace	4	static
../Core/Src/main.c:1015:10:Micros	40	static
../Core/Src/main.c:1024:6:QEIEncoderPosVel_Update	32	static
../Core/Src/main.c:1064:6:ReadLogicConv	8	static
../Core/Src/main.c:1070:6:ReadButton	8	static
../Core/Src/main.c:1079:6:MotorDrive	24	static
../Core/Src/main.c:1178:6:RelayDrive	8	static
../Core/Src/main.c:1185:6:ReadLimit	8	static
../Core/Src/main.c:1196:6:Error_Handler	4	static,ignoring_inline_asm
