../Core/Src/main.c:212:5:main	56	static
../Core/Src/main.c:511:6:SystemClock_Config	88	static
../Core/Src/main.c:558:13:MX_TIM1_Init	104	static
../Core/Src/main.c:630:13:MX_TIM2_Init	40	static
../Core/Src/main.c:675:13:MX_TIM3_Init	56	static
../Core/Src/main.c:724:13:MX_TIM4_Init	40	static
../Core/Src/main.c:769:13:MX_TIM5_Init	40	static
../Core/Src/main.c:814:13:MX_TIM16_Init	8	static
../Core/Src/main.c:850:13:MX_USART2_UART_Init	8	static
../Core/Src/main.c:896:13:MX_DMA_Init	16	static
../Core/Src/main.c:918:13:MX_GPIO_Init	48	static
../Core/Src/main.c:1020:6:HAL_TIM_PeriodElapsedCallback	24	static
../Core/Src/main.c:1033:6:convert_to_string	32	static
../Core/Src/main.c:1046:6:GoPick	24	static
../Core/Src/main.c:1088:6:GoPlace	24	static
../Core/Src/main.c:1132:10:Micros	40	static
../Core/Src/main.c:1141:6:QEIEncoderPosVel_Update	32	static
../Core/Src/main.c:1193:6:ReadLogicConv	8	static
../Core/Src/main.c:1204:6:ReadButton	8	static
../Core/Src/main.c:1213:6:MotorDrive	24	static
../Core/Src/main.c:1309:6:MotorDrivePoint	24	static
../Core/Src/main.c:1409:6:RelayDrive	8	static
../Core/Src/main.c:1417:6:ReadLimit	8	static
../Core/Src/main.c:1428:6:Error_Handler	4	static,ignoring_inline_asm
