../Core/Src/main.c:212:5:main	56	static
../Core/Src/main.c:513:6:SystemClock_Config	88	static
../Core/Src/main.c:560:13:MX_TIM1_Init	104	static
../Core/Src/main.c:632:13:MX_TIM2_Init	40	static
../Core/Src/main.c:677:13:MX_TIM3_Init	56	static
../Core/Src/main.c:726:13:MX_TIM4_Init	40	static
../Core/Src/main.c:771:13:MX_TIM5_Init	40	static
../Core/Src/main.c:816:13:MX_TIM16_Init	8	static
../Core/Src/main.c:852:13:MX_USART2_UART_Init	8	static
../Core/Src/main.c:898:13:MX_DMA_Init	16	static
../Core/Src/main.c:920:13:MX_GPIO_Init	48	static
../Core/Src/main.c:1022:6:HAL_TIM_PeriodElapsedCallback	24	static
../Core/Src/main.c:1035:6:convert_to_string	32	static
../Core/Src/main.c:1048:6:GoPick	24	static
../Core/Src/main.c:1090:6:GoPlace	24	static
../Core/Src/main.c:1134:10:Micros	40	static
../Core/Src/main.c:1143:6:QEIEncoderPosVel_Update	32	static
../Core/Src/main.c:1195:6:ReadLogicConv	8	static
../Core/Src/main.c:1206:6:ReadButton	8	static
../Core/Src/main.c:1215:6:MotorDrive	24	static
../Core/Src/main.c:1312:6:MotorDrivePoint	24	static
../Core/Src/main.c:1415:6:RelayDrive	8	static
../Core/Src/main.c:1423:6:ReadLimit	8	static
../Core/Src/main.c:1434:6:Error_Handler	4	static,ignoring_inline_asm
