../Core/Src/main.c:205:5:main	56	static
../Core/Src/main.c:450:6:SystemClock_Config	88	static
../Core/Src/main.c:497:13:MX_TIM1_Init	104	static
../Core/Src/main.c:569:13:MX_TIM2_Init	40	static
../Core/Src/main.c:614:13:MX_TIM3_Init	56	static
../Core/Src/main.c:663:13:MX_TIM4_Init	40	static
../Core/Src/main.c:708:13:MX_TIM5_Init	40	static
../Core/Src/main.c:753:13:MX_TIM16_Init	8	static
../Core/Src/main.c:789:13:MX_USART2_UART_Init	8	static
../Core/Src/main.c:835:13:MX_DMA_Init	16	static
../Core/Src/main.c:857:13:MX_GPIO_Init	48	static
../Core/Src/main.c:959:6:HAL_TIM_PeriodElapsedCallback	24	static
../Core/Src/main.c:972:6:convert_to_string	32	static
../Core/Src/main.c:985:6:GoPick	24	static
../Core/Src/main.c:1023:6:GoPlace	24	static
../Core/Src/main.c:1053:10:Micros	40	static
../Core/Src/main.c:1062:6:QEIEncoderPosVel_Update	32	static
../Core/Src/main.c:1102:6:ReadLogicConv	8	static
../Core/Src/main.c:1113:6:ReadButton	8	static
../Core/Src/main.c:1122:6:MotorDrive	24	static
../Core/Src/main.c:1221:6:RelayDrive	8	static
../Core/Src/main.c:1229:6:ReadLimit	8	static
../Core/Src/main.c:1240:6:Error_Handler	4	static,ignoring_inline_asm
