../Core/Src/main.c:214:5:main	56	static
../Core/Src/main.c:512:6:SystemClock_Config	88	static
../Core/Src/main.c:559:13:MX_TIM1_Init	104	static
../Core/Src/main.c:631:13:MX_TIM2_Init	40	static
../Core/Src/main.c:676:13:MX_TIM3_Init	56	static
../Core/Src/main.c:725:13:MX_TIM4_Init	40	static
../Core/Src/main.c:770:13:MX_TIM5_Init	40	static
../Core/Src/main.c:815:13:MX_TIM16_Init	8	static
../Core/Src/main.c:851:13:MX_USART2_UART_Init	8	static
../Core/Src/main.c:897:13:MX_DMA_Init	16	static
../Core/Src/main.c:919:13:MX_GPIO_Init	48	static
../Core/Src/main.c:1021:6:HAL_TIM_PeriodElapsedCallback	24	static
../Core/Src/main.c:1034:6:convert_to_string	32	static
../Core/Src/main.c:1047:6:GoPick	24	static
../Core/Src/main.c:1090:6:GoPlace	24	static
../Core/Src/main.c:1134:10:Micros	40	static
../Core/Src/main.c:1143:6:QEIEncoderPosVel_Update	32	static
../Core/Src/main.c:1195:6:ReadLogicConv	8	static
../Core/Src/main.c:1206:6:ReadButton	8	static
../Core/Src/main.c:1215:6:MotorDrive	16	static
../Core/Src/main.c:1312:6:MotorDrivePoint	16	static
../Core/Src/main.c:1421:6:RelayDrive	8	static
../Core/Src/main.c:1429:6:ReadLimit	8	static
../Core/Src/main.c:1440:6:Error_Handler	4	static,ignoring_inline_asm
