../Core/Src/main.c:94:5:main	16	static
../Core/Src/main.c:249:6:SystemClock_Config	88	static
../Core/Src/main.c:296:13:MX_TIM5_Init	40	static
../Core/Src/main.c:341:13:MX_TIM16_Init	8	static
../Core/Src/main.c:377:13:MX_USART2_UART_Init	8	static
../Core/Src/main.c:423:13:MX_DMA_Init	16	static
../Core/Src/main.c:445:13:MX_GPIO_Init	48	static
../Core/Src/main.c:482:10:dalay_timestamp	4	static
../Core/Src/main.c:486:6:convert_to_string	32	static
../Core/Src/main.c:502:6:HAL_TIM_PeriodElapsedCallback	16	static
../Core/Src/main.c:517:6:Error_Handler	4	static,ignoring_inline_asm
