../Core/Src/main.c:94:5:main	16	static
../Core/Src/main.c:248:6:SystemClock_Config	88	static
../Core/Src/main.c:295:13:MX_TIM5_Init	40	static
../Core/Src/main.c:340:13:MX_TIM16_Init	8	static
../Core/Src/main.c:376:13:MX_USART2_UART_Init	8	static
../Core/Src/main.c:422:13:MX_DMA_Init	16	static
../Core/Src/main.c:444:13:MX_GPIO_Init	48	static
../Core/Src/main.c:481:10:dalay_timestamp	4	static
../Core/Src/main.c:485:6:convert_to_string	32	static
../Core/Src/main.c:501:6:HAL_TIM_PeriodElapsedCallback	16	static
../Core/Src/main.c:515:6:Error_Handler	4	static,ignoring_inline_asm
