../Core/Src/main.c:93:5:main	16	static
../Core/Src/main.c:244:6:SystemClock_Config	88	static
../Core/Src/main.c:291:13:MX_TIM5_Init	40	static
../Core/Src/main.c:336:13:MX_TIM16_Init	8	static
../Core/Src/main.c:372:13:MX_USART2_UART_Init	8	static
../Core/Src/main.c:418:13:MX_DMA_Init	16	static
../Core/Src/main.c:440:13:MX_GPIO_Init	48	static
../Core/Src/main.c:480:6:convert_to_string	32	static
../Core/Src/main.c:496:6:HAL_TIM_PeriodElapsedCallback	16	static
../Core/Src/main.c:511:6:Error_Handler	4	static,ignoring_inline_asm
