../Drivers/CMSIS/Include/core_cm4.h:1933:34:__NVIC_SystemReset	4	static,ignoring_inline_asm
../Core/Src/main.c:200:5:main	40	static
../Core/Src/main.c:434:6:SystemClock_Config	88	static
../Core/Src/main.c:481:13:MX_TIM1_Init	104	static
../Core/Src/main.c:553:13:MX_TIM2_Init	40	static
../Core/Src/main.c:598:13:MX_TIM3_Init	56	static
../Core/Src/main.c:647:13:MX_TIM4_Init	40	static
../Core/Src/main.c:692:13:MX_TIM5_Init	40	static
../Core/Src/main.c:737:13:MX_TIM16_Init	8	static
../Core/Src/main.c:773:13:MX_USART2_UART_Init	8	static
../Core/Src/main.c:819:13:MX_DMA_Init	16	static
../Core/Src/main.c:841:13:MX_GPIO_Init	48	static
../Core/Src/main.c:933:6:HAL_GPIO_EXTI_Callback	16	static
../Core/Src/main.c:945:6:HAL_TIM_PeriodElapsedCallback	24	static
../Core/Src/main.c:957:6:convert_to_string	32	static
../Core/Src/main.c:971:6:GoPick	8	static
../Core/Src/main.c:984:6:GoPlace	4	static
../Core/Src/main.c:989:10:Micros	40	static
../Core/Src/main.c:998:6:QEIEncoderPosVel_Update	32	static
../Core/Src/main.c:1038:6:ReadLogicConv	8	static
../Core/Src/main.c:1045:6:ReadButton	8	static
../Core/Src/main.c:1053:6:ReadLimit	8	static
../Core/Src/main.c:1059:6:MotorDrive	16	static
../Core/Src/main.c:1158:6:RelayDrive	8	static
../Core/Src/main.c:1170:6:Error_Handler	4	static,ignoring_inline_asm
