../Core/Src/main.c:92:5:main	8	static
../Core/Src/main.c:231:6:SystemClock_Config	88	static
../Core/Src/main.c:278:13:MX_TIM5_Init	40	static
../Core/Src/main.c:323:13:MX_TIM16_Init	8	static
../Core/Src/main.c:359:13:MX_USART2_UART_Init	8	static
../Core/Src/main.c:405:13:MX_DMA_Init	16	static
../Core/Src/main.c:427:13:MX_GPIO_Init	48	static
../Core/Src/main.c:465:6:HomeGoTo	4	static
../Core/Src/main.c:471:6:JogModeGoTo	16	static
../Core/Src/main.c:481:6:PointModeGoTo	4	static
../Core/Src/main.c:490:7:convert_to_string	32	static
../Core/Src/main.c:507:6:HAL_TIM_PeriodElapsedCallback	16	static
../Core/Src/main.c:522:6:Error_Handler	4	static,ignoring_inline_asm
