../Core/Src/main.c:196:5:main	40	static
../Core/Src/main.c:417:6:SystemClock_Config	88	static
../Core/Src/main.c:464:13:MX_TIM1_Init	104	static
../Core/Src/main.c:536:13:MX_TIM2_Init	40	static
../Core/Src/main.c:581:13:MX_TIM3_Init	56	static
../Core/Src/main.c:630:13:MX_TIM4_Init	40	static
../Core/Src/main.c:675:13:MX_TIM5_Init	40	static
../Core/Src/main.c:720:13:MX_TIM16_Init	8	static
../Core/Src/main.c:756:13:MX_USART2_UART_Init	8	static
../Core/Src/main.c:802:13:MX_DMA_Init	16	static
../Core/Src/main.c:824:13:MX_GPIO_Init	48	static
../Core/Src/main.c:916:6:HAL_GPIO_EXTI_Callback	16	static
../Core/Src/main.c:932:6:HAL_TIM_PeriodElapsedCallback	24	static
../Core/Src/main.c:944:6:convert_to_string	32	static
../Core/Src/main.c:958:6:GoPick	8	static
../Core/Src/main.c:971:6:GoPlace	4	static
../Core/Src/main.c:976:10:Micros	40	static
../Core/Src/main.c:985:6:QEIEncoderPosVel_Update	32	static
../Core/Src/main.c:1024:6:ReadLogicConv	8	static
../Core/Src/main.c:1031:6:ReadButton	8	static
../Core/Src/main.c:1039:6:ReadLimit	8	static
../Core/Src/main.c:1045:6:MotorDrive	16	static
../Core/Src/main.c:1104:6:RelayDrive	8	static
../Core/Src/main.c:1116:6:Error_Handler	4	static,ignoring_inline_asm
