../Core/Src/main.c:191:5:main	40	static
../Core/Src/main.c:412:6:SystemClock_Config	88	static
../Core/Src/main.c:459:13:MX_TIM1_Init	104	static
../Core/Src/main.c:531:13:MX_TIM2_Init	40	static
../Core/Src/main.c:576:13:MX_TIM3_Init	56	static
../Core/Src/main.c:625:13:MX_TIM4_Init	40	static
../Core/Src/main.c:670:13:MX_TIM5_Init	40	static
../Core/Src/main.c:715:13:MX_TIM16_Init	8	static
../Core/Src/main.c:751:13:MX_USART2_UART_Init	8	static
../Core/Src/main.c:797:13:MX_DMA_Init	16	static
../Core/Src/main.c:819:13:MX_GPIO_Init	48	static
../Core/Src/main.c:911:6:HAL_GPIO_EXTI_Callback	16	static
../Core/Src/main.c:926:6:HAL_TIM_PeriodElapsedCallback	24	static
../Core/Src/main.c:938:6:convert_to_string	32	static
../Core/Src/main.c:957:10:Micros	40	static
../Core/Src/main.c:966:6:QEIEncoderPosVel_Update	32	static
../Core/Src/main.c:1005:6:ReadLogicConv	8	static
../Core/Src/main.c:1012:6:ReadButton	8	static
../Core/Src/main.c:1020:6:ReadLimit	8	static
../Core/Src/main.c:1026:6:MotorDrive	16	static
../Core/Src/main.c:1055:6:RelayDrive	8	static
../Core/Src/main.c:1067:6:Error_Handler	4	static,ignoring_inline_asm
