../Core/Src/main.c:189:5:main	40	static
../Core/Src/main.c:404:6:SystemClock_Config	88	static
../Core/Src/main.c:451:13:MX_TIM1_Init	104	static
../Core/Src/main.c:523:13:MX_TIM2_Init	40	static
../Core/Src/main.c:568:13:MX_TIM3_Init	56	static
../Core/Src/main.c:617:13:MX_TIM4_Init	40	static
../Core/Src/main.c:662:13:MX_TIM5_Init	40	static
../Core/Src/main.c:707:13:MX_TIM16_Init	8	static
../Core/Src/main.c:743:13:MX_USART2_UART_Init	8	static
../Core/Src/main.c:789:13:MX_DMA_Init	16	static
../Core/Src/main.c:811:13:MX_GPIO_Init	48	static
../Core/Src/main.c:897:6:HAL_GPIO_EXTI_Callback	16	static
../Core/Src/main.c:910:6:convert_to_string	32	static
../Core/Src/main.c:926:6:HAL_TIM_PeriodElapsedCallback	24	static
../Core/Src/main.c:939:10:Micros	40	static
../Core/Src/main.c:948:6:QEIEncoderPosVel_Update	32	static
../Core/Src/main.c:986:6:ReadLogicConv	8	static
../Core/Src/main.c:993:6:ReadButton	8	static
../Core/Src/main.c:1001:6:ReadLimit	8	static
../Core/Src/main.c:1007:6:MotorDrive	16	static
../Core/Src/main.c:1036:6:RelayDrive	8	static
../Core/Src/main.c:1048:6:Error_Handler	4	static,ignoring_inline_asm
