../Core/Src/main.c:200:5:main	56	static
../Core/Src/main.c:440:6:SystemClock_Config	88	static
../Core/Src/main.c:487:13:MX_TIM1_Init	104	static
../Core/Src/main.c:559:13:MX_TIM2_Init	40	static
../Core/Src/main.c:604:13:MX_TIM3_Init	56	static
../Core/Src/main.c:653:13:MX_TIM4_Init	40	static
../Core/Src/main.c:698:13:MX_TIM5_Init	40	static
../Core/Src/main.c:743:13:MX_TIM16_Init	8	static
../Core/Src/main.c:779:13:MX_USART2_UART_Init	8	static
../Core/Src/main.c:825:13:MX_DMA_Init	16	static
../Core/Src/main.c:847:13:MX_GPIO_Init	48	static
../Core/Src/main.c:939:6:HAL_GPIO_EXTI_Callback	16	static
../Core/Src/main.c:952:6:HAL_TIM_PeriodElapsedCallback	24	static
../Core/Src/main.c:964:6:convert_to_string	32	static
../Core/Src/main.c:977:6:GoPick	8	static
../Core/Src/main.c:990:6:GoPlace	4	static
../Core/Src/main.c:995:10:Micros	40	static
../Core/Src/main.c:1004:6:QEIEncoderPosVel_Update	32	static
../Core/Src/main.c:1044:6:ReadLogicConv	8	static
../Core/Src/main.c:1050:6:ReadButton	8	static
../Core/Src/main.c:1059:6:MotorDrive	24	static
../Core/Src/main.c:1149:6:RelayDrive	8	static
../Core/Src/main.c:1161:6:Error_Handler	4	static,ignoring_inline_asm
