../Core/Src/main.c:217:5:main	56	static
../Core/Src/main.c:525:6:SystemClock_Config	88	static
../Core/Src/main.c:572:13:MX_TIM1_Init	104	static
../Core/Src/main.c:644:13:MX_TIM2_Init	40	static
../Core/Src/main.c:689:13:MX_TIM3_Init	56	static
../Core/Src/main.c:738:13:MX_TIM4_Init	40	static
../Core/Src/main.c:783:13:MX_TIM5_Init	40	static
../Core/Src/main.c:828:13:MX_TIM16_Init	8	static
../Core/Src/main.c:864:13:MX_USART2_UART_Init	8	static
../Core/Src/main.c:910:13:MX_DMA_Init	16	static
../Core/Src/main.c:932:13:MX_GPIO_Init	48	static
../Core/Src/main.c:1034:6:HAL_TIM_PeriodElapsedCallback	24	static
../Core/Src/main.c:1047:6:convert_to_string	32	static
../Core/Src/main.c:1060:6:GoPick	24	static
../Core/Src/main.c:1102:6:GoPlace	24	static
../Core/Src/main.c:1146:10:Micros	40	static
../Core/Src/main.c:1155:6:QEIEncoderPosVel_Update	40	static
../Core/Src/main.c:1221:6:ReadLogicConv	8	static
../Core/Src/main.c:1232:6:ReadButton	8	static
../Core/Src/main.c:1241:6:MotorDrive	24	static
../Core/Src/main.c:1338:6:MotorDrivePoint	24	static
../Core/Src/main.c:1441:6:RelayDrive	8	static
../Core/Src/main.c:1449:6:ReadLimit	8	static
../Core/Src/main.c:1455:6:kalman_filter	32	static
../Core/Src/main.c:1487:6:kalman_filter_acc	32	static
../Core/Src/main.c:1524:6:Error_Handler	4	static,ignoring_inline_asm
