../Core/Src/main.c:217:5:main	56	static
../Core/Src/main.c:530:6:SystemClock_Config	88	static
../Core/Src/main.c:577:13:MX_TIM1_Init	104	static
../Core/Src/main.c:649:13:MX_TIM2_Init	40	static
../Core/Src/main.c:694:13:MX_TIM3_Init	56	static
../Core/Src/main.c:743:13:MX_TIM4_Init	40	static
../Core/Src/main.c:788:13:MX_TIM5_Init	40	static
../Core/Src/main.c:833:13:MX_TIM16_Init	8	static
../Core/Src/main.c:869:13:MX_USART2_UART_Init	8	static
../Core/Src/main.c:915:13:MX_DMA_Init	16	static
../Core/Src/main.c:937:13:MX_GPIO_Init	48	static
../Core/Src/main.c:1039:6:HAL_TIM_PeriodElapsedCallback	24	static
../Core/Src/main.c:1052:6:convert_to_string	32	static
../Core/Src/main.c:1065:6:GoPick	24	static
../Core/Src/main.c:1107:6:GoPlace	24	static
../Core/Src/main.c:1151:10:Micros	40	static
../Core/Src/main.c:1160:6:QEIEncoderPosVel_Update	40	static
../Core/Src/main.c:1226:6:ReadLogicConv	8	static
../Core/Src/main.c:1237:6:ReadButton	8	static
../Core/Src/main.c:1246:6:MotorDrive	24	static
../Core/Src/main.c:1343:6:MotorDrivePoint	24	static
../Core/Src/main.c:1446:6:RelayDrive	8	static
../Core/Src/main.c:1454:6:ReadLimit	8	static
../Core/Src/main.c:1460:6:kalman_filter	32	static
../Core/Src/main.c:1492:6:kalman_filter_acc	32	static
../Core/Src/main.c:1529:6:Error_Handler	4	static,ignoring_inline_asm
