../Core/Src/main.c:212:5:main	56	static
../Core/Src/main.c:518:6:SystemClock_Config	88	static
../Core/Src/main.c:565:13:MX_TIM1_Init	104	static
../Core/Src/main.c:637:13:MX_TIM2_Init	40	static
../Core/Src/main.c:682:13:MX_TIM3_Init	56	static
../Core/Src/main.c:731:13:MX_TIM4_Init	40	static
../Core/Src/main.c:776:13:MX_TIM5_Init	40	static
../Core/Src/main.c:821:13:MX_TIM16_Init	8	static
../Core/Src/main.c:857:13:MX_USART2_UART_Init	8	static
../Core/Src/main.c:903:13:MX_DMA_Init	16	static
../Core/Src/main.c:925:13:MX_GPIO_Init	48	static
../Core/Src/main.c:1027:6:HAL_TIM_PeriodElapsedCallback	24	static
../Core/Src/main.c:1040:6:convert_to_string	32	static
../Core/Src/main.c:1053:6:GoPick	24	static
../Core/Src/main.c:1095:6:GoPlace	24	static
../Core/Src/main.c:1139:10:Micros	40	static
../Core/Src/main.c:1148:6:QEIEncoderPosVel_Update	32	static
../Core/Src/main.c:1200:6:ReadLogicConv	8	static
../Core/Src/main.c:1211:6:ReadButton	8	static
../Core/Src/main.c:1220:6:MotorDrive	24	static
../Core/Src/main.c:1317:6:MotorDrivePoint	24	static
../Core/Src/main.c:1420:6:RelayDrive	8	static
../Core/Src/main.c:1428:6:ReadLimit	8	static
../Core/Src/main.c:1439:6:Error_Handler	4	static,ignoring_inline_asm
