../Core/Src/ModBusRTU2.c:24:6:modbus_1t5_Timeout	4	static
../Core/Src/ModBusRTU2.c:33:6:modbus_3t5_Timeout	16	static
../Core/Src/ModBusRTU2.c:40:6:modbus_ErrorTimeout	16	static
../Core/Src/ModBusRTU2.c:51:6:Modbus_init	16	static
../Core/Src/ModBusRTU2.c:124:16:CRC16	24	static
../Core/Src/ModBusRTU2.c:142:6:Modbus_Protocal_Worker	16	static
../Core/Src/ModBusRTU2.c:248:6:modbusWrite1Register	16	static
../Core/Src/ModBusRTU2.c:277:6:modbusRead1Register	24	static
../Core/Src/ModBusRTU2.c:313:6:ModbusErrorReply	16	static
../Core/Src/ModBusRTU2.c:320:6:Modbus_frame_response	8	static
../Core/Src/ModBusRTU2.c:337:6:Modbus_Emission	16	static
